../Core/Src/main.c:86:5:main	24	static
../Core/Src/main.c:170:6:SystemClock_Config	88	static
../Core/Src/main.c:217:13:MX_ADC1_Init	24	static
../Core/Src/main.c:269:13:MX_TIM1_Init	56	static
../Core/Src/main.c:319:13:MX_TIM2_Init	56	static
../Core/Src/main.c:368:13:MX_TIM4_Init	48	static
../Core/Src/main.c:429:13:MX_USART2_UART_Init	8	static
../Core/Src/main.c:460:13:MX_DMA_Init	16	static
../Core/Src/main.c:478:13:MX_GPIO_Init	48	static
../Core/Src/main.c:535:20:Get_HADC1_Ptr	4	static
../Core/Src/main.c:540:6:HAL_GPIO_EXTI_Callback	16	static
../Core/Src/main.c:560:6:Error_Handler	4	static,ignoring_inline_asm
