../Core/Src/main.c:87:5:main	4
../Core/Src/main.c:171:6:SystemClock_Config	3
../Core/Src/main.c:218:13:MX_ADC1_Init	3
../Core/Src/main.c:270:13:MX_TIM1_Init	3
../Core/Src/main.c:320:13:MX_TIM2_Init	3
../Core/Src/main.c:369:13:MX_TIM4_Init	7
../Core/Src/main.c:430:13:MX_USART2_UART_Init	2
../Core/Src/main.c:461:13:MX_DMA_Init	1
../Core/Src/main.c:479:13:MX_GPIO_Init	1
../Core/Src/main.c:536:20:Get_HADC1_Ptr	1
../Core/Src/main.c:541:6:HAL_GPIO_EXTI_Callback	3
../Core/Src/main.c:561:6:Error_Handler	1
