../Core/Src/main.c:87:5:main	24	static
../Core/Src/main.c:171:6:SystemClock_Config	88	static
../Core/Src/main.c:218:13:MX_ADC1_Init	24	static
../Core/Src/main.c:270:13:MX_TIM1_Init	56	static
../Core/Src/main.c:320:13:MX_TIM2_Init	56	static
../Core/Src/main.c:369:13:MX_TIM4_Init	48	static
../Core/Src/main.c:430:13:MX_USART2_UART_Init	8	static
../Core/Src/main.c:461:13:MX_DMA_Init	16	static
../Core/Src/main.c:479:13:MX_GPIO_Init	48	static
../Core/Src/main.c:536:20:Get_HADC1_Ptr	4	static
../Core/Src/main.c:541:6:HAL_GPIO_EXTI_Callback	16	static
../Core/Src/main.c:561:6:Error_Handler	4	static,ignoring_inline_asm
