2023-11-28 13:01:20,991 [INFO] Activator:176 - 


2023-11-28 13:01:21,001 [INFO] Activator:177 - !SESSION log4j initialized
2023-11-28 13:01:30,048 [INFO] LogOutputStream:77 - [STDOUT_REDIRECT] 
2023-11-28 13:01:32,637 [INFO] ApplicationProperties:184 - Using Application install path: C:\ST\STM32CubeIDE_1.13.2\STM32CubeIDE\plugins\com.st.stm32cube.common.mx_6.9.2.202309101412
2023-11-28 13:01:32,673 [INFO] DbMcusXml:78 - Set database path to: C:\ST\STM32CubeIDE_1.13.2\STM32CubeIDE\plugins\com.st.stm32cube.common.mx_6.9.2.202309101412\\db\/mcu/
2023-11-28 13:01:32,673 [INFO] ApiDb:274 - Set plugin database path to: C:\ST\STM32CubeIDE_1.13.2\STM32CubeIDE\plugins\com.st.stm32cube.common.mx_6.9.2.202309101412\\db\/plugins/boardmanager/
2023-11-28 13:01:32,674 [WARN] ApiDb:259 - Overriding images path with different value:  => C:\ST\STM32CubeIDE_1.13.2\STM32CubeIDE\plugins\com.st.stm32cube.common.mx_6.9.2.202309101412\\db\/plugins/mcufinder/images/
2023-11-28 13:01:32,694 [INFO] ApiDb:250 - Set database path to: C:\Users\emily\.stmcufinder\plugins\mcufinder//mcu/
2023-11-28 13:01:32,697 [INFO] DbMcusAds:125 - Set database path to: C:\Users\emily\.stmcufinder\plugins\mcufinder//mcu/
2023-11-28 13:01:32,700 [INFO] CrossReferenceDbSqlite:203 - Set database path to: C:\Users\emily\.stmcufinder\plugins\mcufinder//mcu/cs/
2023-11-28 13:01:32,950 [INFO] RulesReader:64 - Compatibility file has been processed (293 Rules)
2023-11-28 13:01:33,114 [INFO] DbMcusXml:78 - Set database path to: C:\ST\STM32CubeIDE_1.13.2\STM32CubeIDE\plugins\com.st.stm32cube.common.mx_6.9.2.202309101412\\db\/mcu/
2023-11-28 13:01:33,114 [INFO] ApiDb:274 - Set plugin database path to: C:\ST\STM32CubeIDE_1.13.2\STM32CubeIDE\plugins\com.st.stm32cube.common.mx_6.9.2.202309101412\\db\/plugins/boardmanager/
2023-11-28 13:01:33,114 [INFO] ApiDb:261 - Set plugin images path to: C:\ST\STM32CubeIDE_1.13.2\STM32CubeIDE\plugins\com.st.stm32cube.common.mx_6.9.2.202309101412\\db\/plugins/mcufinder/images/
2023-11-28 13:01:33,114 [WARN] DbFile:41 - Overriding database path with different value: C:\Users\emily\.stmcufinder\plugins\mcufinder/ => C:\Users\emily\.stmcufinder\plugins\mcufinder
2023-11-28 13:01:33,115 [INFO] ApiDb:250 - Set database path to: C:\Users\emily\.stmcufinder\plugins\mcufinder//mcu/
2023-11-28 13:01:33,115 [WARN] DbFile:41 - Overriding database path with different value: C:\Users\emily\.stmcufinder\plugins\mcufinder/ => C:\Users\emily\.stmcufinder\plugins\mcufinder
2023-11-28 13:01:33,115 [INFO] DbMcusAds:125 - Set database path to: C:\Users\emily\.stmcufinder\plugins\mcufinder//mcu/
2023-11-28 13:01:33,115 [WARN] DbFile:41 - Overriding database path with different value: C:\Users\emily\.stmcufinder\plugins\mcufinder/ => C:\Users\emily\.stmcufinder\plugins\mcufinder
2023-11-28 13:01:33,115 [WARN] DbFile:41 - Overriding database path with different value: C:\Users\emily\.stmcufinder\plugins\mcufinder/ => C:\Users\emily\.stmcufinder\plugins\mcufinder
2023-11-28 13:01:33,115 [INFO] CrossReferenceDbSqlite:203 - Set database path to: C:\Users\emily\.stmcufinder\plugins\mcufinder//mcu/cs/
2023-11-28 13:01:33,238 [INFO] MainPanel:262 - HeapMemory: 268435456
2023-11-28 13:01:33,411 [INFO] DbMcusXml:78 - Set database path to: C:\ST\STM32CubeIDE_1.13.2\STM32CubeIDE\plugins\com.st.stm32cube.common.mx_6.9.2.202309101412\\db\/mcu/
2023-11-28 13:01:33,411 [INFO] ApiDb:274 - Set plugin database path to: C:\ST\STM32CubeIDE_1.13.2\STM32CubeIDE\plugins\com.st.stm32cube.common.mx_6.9.2.202309101412\\db\/plugins/boardmanager/
2023-11-28 13:01:33,412 [INFO] ApiDb:261 - Set plugin images path to: C:\ST\STM32CubeIDE_1.13.2\STM32CubeIDE\plugins\com.st.stm32cube.common.mx_6.9.2.202309101412\\db\/plugins/mcufinder/images/
2023-11-28 13:01:33,413 [WARN] DbFile:41 - Overriding database path with different value: C:\Users\emily\.stmcufinder\plugins\mcufinder/ => C:\Users\emily\.stmcufinder\plugins\mcufinder
2023-11-28 13:01:33,414 [INFO] ApiDb:250 - Set database path to: C:\Users\emily\.stmcufinder\plugins\mcufinder//mcu/
2023-11-28 13:01:33,414 [WARN] DbFile:41 - Overriding database path with different value: C:\Users\emily\.stmcufinder\plugins\mcufinder/ => C:\Users\emily\.stmcufinder\plugins\mcufinder
2023-11-28 13:01:33,414 [INFO] DbMcusAds:125 - Set database path to: C:\Users\emily\.stmcufinder\plugins\mcufinder//mcu/
2023-11-28 13:01:33,414 [WARN] DbFile:41 - Overriding database path with different value: C:\Users\emily\.stmcufinder\plugins\mcufinder/ => C:\Users\emily\.stmcufinder\plugins\mcufinder
2023-11-28 13:01:33,414 [WARN] DbFile:41 - Overriding database path with different value: C:\Users\emily\.stmcufinder\plugins\mcufinder/ => C:\Users\emily\.stmcufinder\plugins\mcufinder
2023-11-28 13:01:33,414 [INFO] CrossReferenceDbSqlite:203 - Set database path to: C:\Users\emily\.stmcufinder\plugins\mcufinder//mcu/cs/
2023-11-28 13:01:33,444 [INFO] ApplicationProperties:184 - Using Application install path: C:\ST\STM32CubeIDE_1.13.2\STM32CubeIDE\plugins\com.st.stm32cube.common.mx_6.9.2.202309101412
2023-11-28 13:01:33,446 [INFO] PluginManage:196 - Search for loadable plugins [exclusion list=, ]
2023-11-28 13:01:33,449 [INFO] PluginManage:310 - Check plugin analytics
2023-11-28 13:01:33,709 [INFO] AnalyticsPlugin:253 - Accepted Software Licenses: 
2023-11-28 13:01:33,709 [INFO] AnalyticsPlugin:255 - Accepted CMSIS Pack Licenses: 
2023-11-28 13:01:33,709 [INFO] AnalyticsPlugin:257 - Accepted Firmware Licenses: FW.F4.1.27.0
2023-11-28 13:01:33,714 [INFO] PluginManage:359 - Loaded plugin analytics (category:tool,tabindex:-1)
2023-11-28 13:01:33,716 [INFO] PluginManage:310 - Check plugin cadmodel
2023-11-28 13:01:33,733 [INFO] CADModel:105 - Init CAD model plugin
2023-11-28 13:01:33,733 [INFO] PluginManage:359 - Loaded plugin cadmodel (category:power,tabindex:5)
2023-11-28 13:01:33,733 [INFO] PluginManage:310 - Check plugin clock
2023-11-28 13:01:33,760 [INFO] PluginManage:359 - Loaded plugin clock (category:base,tabindex:2)
2023-11-28 13:01:33,760 [INFO] PluginManage:310 - Check plugin ddr
2023-11-28 13:01:33,765 [INFO] PluginManage:359 - Loaded plugin ddr (category:tool,tabindex:6)
2023-11-28 13:01:33,766 [INFO] PluginManage:310 - Check plugin filemanager
2023-11-28 13:01:33,978 [INFO] PluginManage:359 - Loaded plugin filemanager (category:base,tabindex:10)
2023-11-28 13:01:33,979 [INFO] PluginManage:310 - Check plugin ipmanager
2023-11-28 13:01:33,989 [INFO] PluginManage:359 - Loaded plugin ipmanager (category:base,tabindex:5)
2023-11-28 13:01:33,989 [INFO] PluginManage:310 - Check plugin lpbam
2023-11-28 13:01:34,012 [INFO] PluginManage:359 - Loaded plugin lpbam (category:base,tabindex:0)
2023-11-28 13:01:34,012 [INFO] PluginManage:310 - Check plugin memorymap
2023-11-28 13:01:34,044 [INFO] PluginManage:359 - Loaded plugin memorymap (category:base,tabindex:4)
2023-11-28 13:01:34,044 [INFO] PluginManage:310 - Check plugin pinoutandconfiguration
2023-11-28 13:01:34,068 [INFO] PluginManage:359 - Loaded plugin pinoutandconfiguration (category:base,tabindex:1)
2023-11-28 13:01:34,068 [INFO] PluginManage:310 - Check plugin pinoutconfig
2023-11-28 13:01:34,256 [WARN] SupportedApi:132 - Cannot load RTOS API schema: s4s-elt-must-match.1: The content of 'definitions' must match (annotation?, (simpleType | complexType)?, (unique | key | keyref)*)). A problem was found starting at: attribute.
2023-11-28 13:01:34,462 [INFO] PluginManage:359 - Loaded plugin pinoutconfig (category:base,tabindex:0)
2023-11-28 13:01:34,463 [INFO] PluginManage:310 - Check plugin power
2023-11-28 13:01:34,489 [INFO] PluginManage:359 - Loaded plugin power (category:power,tabindex:4)
2023-11-28 13:01:34,489 [INFO] PluginManage:310 - Check plugin projectmanager
2023-11-28 13:01:34,512 [INFO] PluginManage:359 - Loaded plugin projectmanager (category:projectmanager,tabindex:3)
2023-11-28 13:01:34,512 [INFO] PluginManage:310 - Check plugin thirdparty
2023-11-28 13:01:34,886 [INFO] PluginManage:359 - Loaded plugin thirdparty (category:base,tabindex:-1)
2023-11-28 13:01:34,886 [WARN] IntegrityCheckThread:84 - waiting for thirdparty lock release [integrity check]
2023-11-28 13:01:34,886 [INFO] PluginManage:310 - Check plugin tools
2023-11-28 13:01:34,886 [INFO] IntegrityCheckThread:86 - entering critical section [integrity check]
2023-11-28 13:01:34,887 [INFO] ThirdPartyUpdaterWithRetryManager:70 - Updater plugin not ready yet. [1/15]
2023-11-28 13:01:34,930 [INFO] PluginManage:359 - Loaded plugin tools (category:base,tabindex:7)
2023-11-28 13:01:34,930 [INFO] PluginManage:310 - Check plugin tutovideos
2023-11-28 13:01:35,281 [INFO] PluginManage:359 - Loaded plugin tutovideos (category:base,tabindex:-1)
2023-11-28 13:01:35,282 [INFO] PluginManage:310 - Check plugin updater
2023-11-28 13:01:35,305 [INFO] PluginManage:359 - Loaded plugin updater (category:base,tabindex:12)
2023-11-28 13:01:35,305 [INFO] PluginManage:310 - Check plugin userauth
2023-11-28 13:01:35,313 [INFO] UserAuth:113 - Init User Auth plugin
2023-11-28 13:01:35,314 [INFO] PluginManage:359 - Loaded plugin userauth (category:base,tabindex:14)
2023-11-28 13:01:35,314 [INFO] PluginManage:283 - PluginManage : Loaded plugins [17]
2023-11-28 13:01:35,711 [INFO] PinOutPanel:1499 - setPackage(No Configuration,No Configuration)
2023-11-28 13:01:35,871 [INFO] CADModel:165 - CPN selected for project level
2023-11-28 13:01:35,871 [INFO] CADModel:114 - Register for checkConnection events
2023-11-28 13:01:35,912 [INFO] IPUIPlugin:80 - create IPUIPlugin
2023-11-28 13:01:35,912 [INFO] PluginManager:220 - loadIPPluginJar : add adc
2023-11-28 13:01:35,959 [INFO] IPUIPlugin:80 - create IPUIPlugin
2023-11-28 13:01:35,959 [INFO] PluginManager:220 - loadIPPluginJar : add aes
2023-11-28 13:01:36,014 [INFO] IPUIPlugin:80 - create IPUIPlugin
2023-11-28 13:01:36,014 [INFO] PluginManager:220 - loadIPPluginJar : add can
2023-11-28 13:01:36,044 [INFO] IPUIPlugin:80 - create IPUIPlugin
2023-11-28 13:01:36,044 [INFO] PluginManager:220 - loadIPPluginJar : add comp
2023-11-28 13:01:36,090 [INFO] IPUIPlugin:80 - create IPUIPlugin
2023-11-28 13:01:36,090 [INFO] PluginManager:220 - loadIPPluginJar : add cryp
2023-11-28 13:01:36,128 [INFO] IPUIPlugin:80 - create IPUIPlugin
2023-11-28 13:01:36,128 [INFO] PluginManager:220 - loadIPPluginJar : add dfsdm
2023-11-28 13:01:36,149 [INFO] IPUIPlugin:80 - create IPUIPlugin
2023-11-28 13:01:36,149 [INFO] PluginManager:220 - loadIPPluginJar : add dma
2023-11-28 13:01:36,208 [INFO] IPUIPlugin:80 - create IPUIPlugin
2023-11-28 13:01:36,208 [INFO] PluginManager:220 - loadIPPluginJar : add dma3
2023-11-28 13:01:36,234 [INFO] IPUIPlugin:80 - create IPUIPlugin
2023-11-28 13:01:36,234 [INFO] PluginManager:220 - loadIPPluginJar : add fatfs
2023-11-28 13:01:36,299 [INFO] IPUIPlugin:80 - create IPUIPlugin
2023-11-28 13:01:36,299 [INFO] PluginManager:220 - loadIPPluginJar : add fmc
2023-11-28 13:01:36,321 [INFO] IPUIPlugin:80 - create IPUIPlugin
2023-11-28 13:01:36,322 [INFO] PluginManager:220 - loadIPPluginJar : add freertos
2023-11-28 13:01:36,350 [INFO] IPUIPlugin:80 - create IPUIPlugin
2023-11-28 13:01:36,351 [INFO] PluginManager:220 - loadIPPluginJar : add genericplugin
2023-11-28 13:01:36,470 [INFO] IPUIPlugin:80 - create IPUIPlugin
2023-11-28 13:01:36,470 [INFO] PluginManager:220 - loadIPPluginJar : add gfxmmu
2023-11-28 13:01:36,632 [INFO] IPUIPlugin:80 - create IPUIPlugin
2023-11-28 13:01:36,632 [INFO] PluginManager:220 - loadIPPluginJar : add gic
2023-11-28 13:01:36,648 [INFO] IPUIPlugin:80 - create IPUIPlugin
2023-11-28 13:01:36,648 [INFO] PluginManager:220 - loadIPPluginJar : add gpio
2023-11-28 13:01:36,760 [INFO] IPUIPlugin:80 - create IPUIPlugin
2023-11-28 13:01:36,760 [INFO] PluginManager:220 - loadIPPluginJar : add gtzc
2023-11-28 13:01:36,799 [INFO] IPUIPlugin:80 - create IPUIPlugin
2023-11-28 13:01:36,799 [INFO] PluginManager:220 - loadIPPluginJar : add hash
2023-11-28 13:01:36,862 [INFO] IPUIPlugin:80 - create IPUIPlugin
2023-11-28 13:01:36,862 [INFO] PluginManager:220 - loadIPPluginJar : add i2c
2023-11-28 13:01:36,911 [INFO] IPUIPlugin:80 - create IPUIPlugin
2023-11-28 13:01:36,911 [INFO] PluginManager:220 - loadIPPluginJar : add i2s
2023-11-28 13:01:36,962 [INFO] IPUIPlugin:80 - create IPUIPlugin
2023-11-28 13:01:36,962 [INFO] PluginManager:220 - loadIPPluginJar : add i3c
2023-11-28 13:01:37,085 [INFO] IPUIPlugin:80 - create IPUIPlugin
2023-11-28 13:01:37,086 [INFO] PluginManager:220 - loadIPPluginJar : add ipddr
2023-11-28 13:01:37,195 [INFO] IPUIPlugin:80 - create IPUIPlugin
2023-11-28 13:01:37,195 [INFO] PluginManager:220 - loadIPPluginJar : add linkedlist
2023-11-28 13:01:37,238 [INFO] IPUIPlugin:80 - create IPUIPlugin
2023-11-28 13:01:37,238 [INFO] PluginManager:220 - loadIPPluginJar : add lorawan
2023-11-28 13:01:37,283 [INFO] IPUIPlugin:80 - create IPUIPlugin
2023-11-28 13:01:37,283 [INFO] PluginManager:220 - loadIPPluginJar : add ltdc
2023-11-28 13:01:37,302 [INFO] IPUIPlugin:80 - create IPUIPlugin
2023-11-28 13:01:37,302 [INFO] PluginManager:220 - loadIPPluginJar : add mdma
2023-11-28 13:01:37,318 [INFO] IPUIPlugin:80 - create IPUIPlugin
2023-11-28 13:01:37,318 [INFO] PluginManager:220 - loadIPPluginJar : add nvic
2023-11-28 13:01:37,364 [INFO] IPUIPlugin:80 - create IPUIPlugin
2023-11-28 13:01:37,364 [INFO] PluginManager:220 - loadIPPluginJar : add opamp
2023-11-28 13:01:37,444 [INFO] IPUIPlugin:80 - create IPUIPlugin
2023-11-28 13:01:37,444 [INFO] PluginManager:220 - loadIPPluginJar : add openamp
2023-11-28 13:01:37,497 [INFO] IPUIPlugin:80 - create IPUIPlugin
2023-11-28 13:01:37,497 [INFO] PluginManager:220 - loadIPPluginJar : add pdm2pcm
2023-11-28 13:01:37,515 [INFO] IPUIPlugin:80 - create IPUIPlugin
2023-11-28 13:01:37,518 [INFO] PluginManager:220 - loadIPPluginJar : add plateformsettings
2023-11-28 13:01:37,545 [INFO] IPUIPlugin:80 - create IPUIPlugin
2023-11-28 13:01:37,545 [INFO] PluginManager:220 - loadIPPluginJar : add quadspi
2023-11-28 13:01:37,562 [INFO] IPUIPlugin:80 - create IPUIPlugin
2023-11-28 13:01:37,562 [INFO] PluginManager:220 - loadIPPluginJar : add resmgrutility
2023-11-28 13:01:37,623 [INFO] IPUIPlugin:80 - create IPUIPlugin
2023-11-28 13:01:37,623 [INFO] PluginManager:220 - loadIPPluginJar : add sai
2023-11-28 13:01:37,669 [INFO] IPUIPlugin:80 - create IPUIPlugin
2023-11-28 13:01:37,669 [INFO] PluginManager:220 - loadIPPluginJar : add spi
2023-11-28 13:01:37,741 [INFO] IPUIPlugin:80 - create IPUIPlugin
2023-11-28 13:01:37,741 [INFO] PluginManager:220 - loadIPPluginJar : add stm32_wpan
2023-11-28 13:01:37,768 [INFO] IPUIPlugin:80 - create IPUIPlugin
2023-11-28 13:01:37,768 [INFO] PluginManager:220 - loadIPPluginJar : add tim
2023-11-28 13:01:37,833 [INFO] IPUIPlugin:80 - create IPUIPlugin
2023-11-28 13:01:37,833 [INFO] PluginManager:220 - loadIPPluginJar : add touchsensing
2023-11-28 13:01:37,861 [INFO] IPUIPlugin:80 - create IPUIPlugin
2023-11-28 13:01:37,861 [INFO] PluginManager:220 - loadIPPluginJar : add tracer_emb
2023-11-28 13:01:37,890 [INFO] ThirdPartyUpdaterWithRetryManager:70 - Updater plugin not ready yet. [2/15]
2023-11-28 13:01:37,890 [INFO] IPUIPlugin:80 - create IPUIPlugin
2023-11-28 13:01:37,890 [INFO] PluginManager:220 - loadIPPluginJar : add ts
2023-11-28 13:01:37,916 [INFO] IPUIPlugin:80 - create IPUIPlugin
2023-11-28 13:01:37,917 [INFO] PluginManager:220 - loadIPPluginJar : add tsc
2023-11-28 13:01:37,945 [INFO] IPUIPlugin:80 - create IPUIPlugin
2023-11-28 13:01:37,945 [INFO] PluginManager:220 - loadIPPluginJar : add ucpd
2023-11-28 13:01:37,998 [INFO] IPUIPlugin:80 - create IPUIPlugin
2023-11-28 13:01:37,998 [INFO] PluginManager:220 - loadIPPluginJar : add usart
2023-11-28 13:01:38,049 [INFO] IPUIPlugin:80 - create IPUIPlugin
2023-11-28 13:01:38,049 [INFO] PluginManager:220 - loadIPPluginJar : add usbx
2023-11-28 13:01:38,195 [INFO] CADModel:165 - CPN selected for project level
2023-11-28 13:01:38,195 [INFO] CADModel:114 - Register for checkConnection events
2023-11-28 13:01:38,195 [FATAL] Updater:308 - Updater called before beeing initialized
2023-11-28 13:01:38,196 [ERROR] CADModel:125 - Updater not yet initialized, retry later 
2023-11-28 13:01:38,540 [INFO] CADModel:165 - CPN selected for project level
2023-11-28 13:01:38,540 [INFO] CADModel:114 - Register for checkConnection events
2023-11-28 13:01:38,540 [FATAL] Updater:308 - Updater called before beeing initialized
2023-11-28 13:01:38,540 [ERROR] CADModel:125 - Updater not yet initialized, retry later 
2023-11-28 13:01:38,546 [FATAL] Updater:308 - Updater called before beeing initialized
2023-11-28 13:01:38,683 [FATAL] Updater:308 - Updater called before beeing initialized
2023-11-28 13:01:38,699 [INFO] DbMcusAds:53 - JSON generation date=Tue Mar 07 00:50:55 PST 2023 (1678179055335)
2023-11-28 13:01:38,699 [FATAL] Updater:308 - Updater called before beeing initialized
2023-11-28 13:01:38,830 [WARN] DetailPanel:346 - Failed to get advertising image, set to default
2023-11-28 13:01:38,978 [FATAL] Updater:308 - Updater called before beeing initialized
2023-11-28 13:01:38,981 [FATAL] Updater:308 - Updater called before beeing initialized
2023-11-28 13:01:38,981 [FATAL] Updater:308 - Updater called before beeing initialized
2023-11-28 13:01:38,981 [WARN] DetailPanel:346 - Failed to get advertising image, set to default
2023-11-28 13:01:38,982 [FATAL] Updater:308 - Updater called before beeing initialized
2023-11-28 13:01:39,054 [ERROR] Updater:1120 - MainUpdater not yet initialized. External WinMGr cannot be set.
2023-11-28 13:01:39,066 [INFO] Updater:1056 - Updater Version found : 6.9.2
2023-11-28 13:01:39,093 [INFO] ApplicationProperties:184 - Using Application install path: C:\ST\STM32CubeIDE_1.13.2\STM32CubeIDE\plugins\com.st.stm32cube.common.mx_6.9.2.202309101412
2023-11-28 13:01:39,354 [INFO] MainUpdater:2868 - connection check result : 10
2023-11-28 13:01:39,354 [INFO] MainUpdater:3562 - Updater definition file requires update
2023-11-28 13:01:39,355 [INFO] MainUpdater:285 - Updater Check For Update Now.
2023-11-28 13:01:39,355 [INFO] MicroXplorer:498 - Change Database Version : DB.6.0.92
2023-11-28 13:01:39,378 [INFO] McuFinderGlobals:63 - Set McuFinder mode to 2 (CubeIDE integrated)
2023-11-28 13:01:39,378 [INFO] UserAuth:179 - activating auth plugin
2023-11-28 13:01:39,381 [INFO] UserAuth:393 - Internet connection configuration mode: 1
2023-11-28 13:01:39,403 [INFO] ServerAccessManage:473 - Download File updaters.zip
2023-11-28 13:01:39,434 [INFO] JxBrowserEngine:151 - Initiate JxBrowser Engine with user profile folder
2023-11-28 13:01:39,508 [INFO] FileExtend:240 - Unzip File : updaters.zip
2023-11-28 13:01:39,508 [INFO] FileExtend:255 - Standard Zip Deflate
2023-11-28 13:01:40,545 [INFO] ServerAccessManage:473 - Download File PacksControlFlags.xml
2023-11-28 13:01:40,687 [INFO] ServerAccessManage:473 - Download File cubemx.pidx
2023-11-28 13:01:40,890 [WARN] MainUpdater:1189 - Updater busy. Cannot search thirdparties
2023-11-28 13:01:40,891 [INFO] ThirdPartyUpdaterWithRetryManager:96 - Updater plugin is busy. [1/15]
2023-11-28 13:01:42,307 [INFO] ServerAccessManage:473 - Download File STMicroelectronics.X-CUBE-TOF1.pdsc
2023-11-28 13:01:43,356 [ERROR] ServerAccessManage:1089 - Problem, file not found on Server
2023-11-28 13:01:43,892 [WARN] MainUpdater:1189 - Updater busy. Cannot search thirdparties
2023-11-28 13:01:43,893 [INFO] ThirdPartyUpdaterWithRetryManager:96 - Updater plugin is busy. [2/15]
2023-11-28 13:01:44,226 [INFO] WebApp:157 - Instantiating new browser for Auth
2023-11-28 13:01:44,470 [ERROR] ServerAccessManage:1096 - Problem, Http access forbiden
2023-11-28 13:01:44,471 [ERROR] ServerAccessManage:651 - Problem, Http access forbiden : RoweBots.I-CUBE-UNISONRTOS.pdsc.
2023-11-28 13:01:44,877 [WARN] PackLoader:240 - Cannot read IP mode file for STMicroelectronics.X-CUBE-TOF1.3.4.0
2023-11-28 13:01:44,938 [INFO] PopulateThirdPartyThread:66 - Ending populate Thread
2023-11-28 13:01:44,942 [INFO] ThirdParty:1030 - CMSIS Pack Vendor :STMicroelectronics X-CUBE-TOF1 3.4.0
2023-11-28 13:01:44,942 [INFO] LoadServerUpdatesThread:373 - End of LoadServerUpdate Thread
2023-11-28 13:01:45,037 [INFO] CheckServerUpdateThread:120 - End of CheckServer Thread
2023-11-28 13:01:45,445 [INFO] WebApp:753 - Register for checkConnection events
2023-11-28 13:01:45,445 [INFO] WebApp:390 - Apply proxy settings
2023-11-28 13:01:45,445 [INFO] WebApp:475 - Chromium requires no authentication
2023-11-28 13:01:45,467 [INFO] WebApp:418 - Direct internet connection detected
2023-11-28 13:01:45,761 [INFO] WebApp:188 - Starting web application
2023-11-28 13:01:45,761 [INFO] WebApp:520 - Web application path used C:\ST\STM32CubeIDE_1.13.2\STM32CubeIDE\plugins\com.st.stm32cube.common.mx_6.9.2.202309101412\db\plugins\mcufinder\reactClient1\index.html
2023-11-28 13:01:47,205 [WARN] PackLoader:240 - Cannot read IP mode file for STMicroelectronics.X-CUBE-SMBUS.2.1.0
2023-11-28 13:01:47,258 [WARN] PackLoader:240 - Cannot read IP mode file for STMicroelectronics.X-CUBE-AZRTOS-F7.1.1.0
2023-11-28 13:01:47,285 [WARN] PackLoader:240 - Cannot read IP mode file for STMicroelectronics.FP-SNS-MOTENV1.4.3.2
2023-11-28 13:01:47,295 [WARN] PackLoader:240 - Cannot read IP mode file for STMicroelectronics.FP-SNS-FLIGHT1.5.0.2
2023-11-28 13:01:47,322 [WARN] PackLoader:240 - Cannot read IP mode file for STMicroelectronics.X-CUBE-DISPLAY.3.0.0
2023-11-28 13:01:47,354 [WARN] PackLoader:240 - Cannot read IP mode file for STMicroelectronics.X-CUBE-BLE1.7.0.0
2023-11-28 13:01:47,373 [WARN] PackLoader:240 - Cannot read IP mode file for emotas.I-CUBE-CANOPEN.1.3.0
2023-11-28 13:01:47,390 [WARN] PackLoader:240 - Cannot read IP mode file for STMicroelectronics.X-CUBE-TOUCHGFX.4.22.0
2023-11-28 13:01:47,405 [WARN] PackLoader:240 - Cannot read IP mode file for STMicroelectronics.X-CUBE-TOUCHGFX.4.22.1
2023-11-28 13:01:47,426 [WARN] PackLoader:240 - Cannot read IP mode file for STMicroelectronics.FP-SNS-SMARTAG2.1.2.0
2023-11-28 13:01:47,453 [INFO] LogOutputStream:77 - [STDOUT_REDIRECT] 1 : Invalid condition id : UX_CORESTACK_Condition cause : null
2023-11-28 13:01:47,453 [INFO] LogOutputStream:77 - [STDOUT_REDIRECT] 1 : Invalid condition id : UX_CORESTACK_Condition cause : null
2023-11-28 13:01:47,457 [INFO] LogOutputStream:77 - [STDOUT_REDIRECT] 1 : Invalid condition id : UX_CORESTACK_Condition cause : null
2023-11-28 13:01:47,460 [INFO] LogOutputStream:77 - [STDOUT_REDIRECT] 1 : Invalid condition id : UX_CORESTACK_Condition cause : null
2023-11-28 13:01:47,464 [INFO] LogOutputStream:77 - [STDOUT_REDIRECT] 1 : Invalid condition id : UX_CORESTACK_Condition cause : null
2023-11-28 13:01:47,470 [WARN] PackLoader:240 - Cannot read IP mode file for STMicroelectronics.X-CUBE-AZRTOS-WL.2.0.0
2023-11-28 13:01:47,500 [WARN] PackLoader:240 - Cannot read IP mode file for WES.I-CUBE-Cesium.1.3.0
2023-11-28 13:01:47,520 [WARN] PackLoader:240 - Cannot read IP mode file for STMicroelectronics.X-CUBE-BLE2.3.3.0
2023-11-28 13:01:47,541 [WARN] PackLoader:240 - Cannot read IP mode file for STMicroelectronics.X-CUBE-ALGOBUILD.1.3.0
2023-11-28 13:01:47,588 [WARN] PackLoader:240 - Cannot read IP mode file for STMicroelectronics.X-CUBE-AZRTOS-G0.1.1.0
2023-11-28 13:01:47,615 [WARN] PackLoader:240 - Cannot read IP mode file for STMicroelectronics.X-CUBE-NFC4.3.0.0
2023-11-28 13:01:47,647 [WARN] PackLoader:240 - Cannot read IP mode file for STMicroelectronics.X-CUBE-BLEMGR.3.0.0
2023-11-28 13:01:47,659 [WARN] PackLoader:240 - Cannot read IP mode file for STMicroelectronics.FP-ATR-SIGFOX1.3.2.0
2023-11-28 13:01:47,720 [WARN] PackLoader:240 - Cannot read IP mode file for SEGGER.I-CUBE-embOS.1.3.1
2023-11-28 13:01:47,796 [WARN] PackLoader:240 - Cannot read IP mode file for STMicroelectronics.X-CUBE-GNSS1.6.0.0
2023-11-28 13:01:47,850 [WARN] PackLoader:240 - Cannot read IP mode file for STMicroelectronics.X-CUBE-AZRTOS-F4.1.1.0
2023-11-28 13:01:47,871 [WARN] PackLoader:240 - Cannot read IP mode file for wolfSSL.I-CUBE-wolfSSL.5.6.3
2023-11-28 13:01:47,924 [WARN] PackLoader:240 - Cannot read IP mode file for STMicroelectronics.X-CUBE-AZRTOS-L5.2.0.0
2023-11-28 13:01:48,010 [WARN] PackLoader:240 - Cannot read IP mode file for STMicroelectronics.X-CUBE-MEMS1.9.6.0
2023-11-28 13:01:48,205 [WARN] PackLoader:240 - Cannot read IP mode file for STMicroelectronics.X-CUBE-EEPRMA1.4.2.0
2023-11-28 13:01:48,223 [WARN] PackLoader:240 - Cannot read IP mode file for ITTIA_DB.I-CUBE-ITTIADB.8.8.0
2023-11-28 13:01:48,243 [WARN] PackLoader:240 - Cannot read IP mode file for STMicroelectronics.X-CUBE-BLEMGR.2.0.0
2023-11-28 13:01:48,297 [WARN] ConditionMgr:438 - getConditionDescription Invalid condition id : UX DEVICE CLASS RTOS Condition cause : null
2023-11-28 13:01:48,298 [WARN] ConditionMgr:438 - getConditionDescription Invalid condition id : UX DEVICE CLASS RTOS Condition cause : null
2023-11-28 13:01:48,301 [WARN] PackLoader:240 - Cannot read IP mode file for STMicroelectronics.X-CUBE-AZRTOS-H7.3.1.0
2023-11-28 13:01:48,302 [WARN] ConditionMgr:1039 - genDependencies : Invalid condition id : UX DEVICE CLASS RTOS Condition cause : null
2023-11-28 13:01:48,303 [WARN] ConditionMgr:1039 - genDependencies : Invalid condition id : UX DEVICE CLASS RTOS Condition cause : null
2023-11-28 13:01:48,303 [WARN] ConditionMgr:1039 - genDependencies : Invalid condition id : UX DEVICE CLASS RTOS Condition cause : null
2023-11-28 13:01:48,304 [WARN] ConditionMgr:1039 - genDependencies : Invalid condition id : UX DEVICE CLASS RTOS Condition cause : null
2023-11-28 13:01:48,304 [WARN] ConditionMgr:1039 - genDependencies : Invalid condition id : UX DEVICE CLASS RTOS Condition cause : null
2023-11-28 13:01:48,323 [WARN] PackLoader:240 - Cannot read IP mode file for STMicroelectronics.X-CUBE-NFC7.1.0.1
2023-11-28 13:01:48,348 [WARN] PackLoader:240 - Cannot read IP mode file for STMicroelectronics.X-CUBE-NFC6.3.0.0
2023-11-28 13:01:48,369 [WARN] PackLoader:240 - Cannot read IP mode file for STMicroelectronics.X-CUBE-EEPRMA1.4.1.0
2023-11-28 13:01:48,384 [WARN] PackLoader:240 - Cannot read IP mode file for STMicroelectronics.X-CUBE-AI.8.1.0
2023-11-28 13:01:48,426 [WARN] ConditionMgr:438 - getConditionDescription Invalid condition id : LAN8742 Phy interface Condition cause : null
2023-11-28 13:01:48,426 [WARN] PackLoader:240 - Cannot read IP mode file for STMicroelectronics.X-CUBE-AZRTOS-L4.2.0.0
2023-11-28 13:01:48,429 [WARN] ConditionMgr:1039 - genDependencies : Invalid condition id : LAN8742 Phy interface Condition cause : null
2023-11-28 13:01:48,430 [WARN] ConditionMgr:1039 - genDependencies : Invalid condition id : LAN8742 Phy interface Condition cause : null
2023-11-28 13:01:48,431 [WARN] ConditionMgr:1039 - genDependencies : Invalid condition id : LAN8742 Phy interface Condition cause : null
2023-11-28 13:01:48,452 [WARN] PackLoader:240 - Cannot read IP mode file for STMicroelectronics.X-CUBE-SFXS2LP1.4.0.0
2023-11-28 13:01:48,469 [WARN] PackLoader:240 - Cannot read IP mode file for STMicroelectronics.X-CUBE-ISPU.1.1.0
2023-11-28 13:01:48,505 [WARN] ConditionMgr:438 - getConditionDescription Invalid condition id : UX DEVICE CLASS RTOS Condition cause : null
2023-11-28 13:01:48,505 [WARN] ConditionMgr:438 - getConditionDescription Invalid condition id : UX DEVICE CLASS RTOS Condition cause : null
2023-11-28 13:01:48,508 [WARN] PackLoader:240 - Cannot read IP mode file for STMicroelectronics.X-CUBE-AZRTOS-WB.2.0.0
2023-11-28 13:01:48,508 [WARN] ConditionMgr:1039 - genDependencies : Invalid condition id : UX DEVICE CLASS RTOS Condition cause : null
2023-11-28 13:01:48,509 [WARN] ConditionMgr:1039 - genDependencies : Invalid condition id : UX DEVICE CLASS RTOS Condition cause : null
2023-11-28 13:01:48,509 [WARN] ConditionMgr:1039 - genDependencies : Invalid condition id : UX DEVICE CLASS RTOS Condition cause : null
2023-11-28 13:01:48,509 [WARN] ConditionMgr:1039 - genDependencies : Invalid condition id : UX DEVICE CLASS RTOS Condition cause : null
2023-11-28 13:01:48,509 [WARN] ConditionMgr:1039 - genDependencies : Invalid condition id : UX DEVICE CLASS RTOS Condition cause : null
2023-11-28 13:01:48,539 [WARN] PackLoader:240 - Cannot read IP mode file for STMicroelectronics.X-CUBE-SUBG2.5.0.0
2023-11-28 13:01:48,572 [WARN] PackLoader:240 - Cannot read IP mode file for STMicroelectronics.X-CUBE-TOF1.3.3.1
2023-11-28 13:01:48,619 [WARN] PackLoader:240 - Cannot read IP mode file for STMicroelectronics.X-CUBE-AZRTOS-G4.2.0.0
2023-11-28 13:01:48,654 [WARN] PackLoader:240 - Cannot read IP mode file for Infineon.AIROC-Wi-Fi-Bluetooth-STM32.1.5.1
2023-11-28 13:01:48,673 [WARN] PackLoader:240 - Cannot read IP mode file for STMicroelectronics.FP-SNS-MOTENVWB1.1.3.0
2023-11-28 13:01:48,779 [WARN] PackLoader:240 - Cannot read IP mode file for STMicroelectronics.X-CUBE-MEMS1.10.0.0
2023-11-28 13:01:48,956 [WARN] PackLoader:240 - Cannot read IP mode file for STMicroelectronics.X-CUBE-FREERTOS.1.1.0
2023-11-28 13:01:48,973 [WARN] PackLoader:240 - Cannot read IP mode file for portGmbH.I-Cube-SoM-uGOAL.1.1.0
2023-11-28 13:01:48,995 [WARN] PackLoader:240 - Cannot read IP mode file for STMicroelectronics.X-CUBE-ALS.1.0.1
2023-11-28 13:01:49,002 [WARN] PackLoader:240 - Cannot read IP mode file for STMicroelectronics.FP-ATR-ASTRA1.2.0.0
2023-11-28 13:01:49,016 [WARN] PackLoader:240 - Cannot read IP mode file for STMicroelectronics.X-CUBE-TOF1.3.4.0
2023-11-28 13:01:49,034 [INFO] ThirdParty:978 - Integrity check success = true
2023-11-28 13:01:49,034 [INFO] IntegrityCheckThread:100 - exiting critical section [integrity check]
2023-11-28 13:01:49,034 [INFO] IntegrityCheckThread:103 - End integrity checks thread
2023-11-28 13:02:07,155 [ERROR] LogOutputStream:75 - [STDERR_REDIRECT] SLF4J: Failed to load class "org.slf4j.impl.StaticLoggerBinder".
2023-11-28 13:02:07,155 [ERROR] LogOutputStream:75 - [STDERR_REDIRECT] SLF4J: Defaulting to no-operation (NOP) logger implementation
2023-11-28 13:02:07,157 [ERROR] LogOutputStream:75 - [STDERR_REDIRECT] SLF4J: See http://www.slf4j.org/codes.html#StaticLoggerBinder for further details.
2023-11-28 13:04:18,364 [INFO] McuFinderGlobals:63 - Set McuFinder mode to 2 (CubeIDE integrated)
2023-11-28 13:04:18,401 [INFO] MainUpdater:2868 - connection check result : 10
2023-11-28 13:04:18,410 [INFO] MainUpdater:2868 - connection check result : 10
2023-11-28 13:04:18,674 [INFO] MicroXplorer:468 - Change Database Path : 
2023-11-28 13:04:18,674 [INFO] MicroXplorer:498 - Change Database Version : DB.6.0.92
2023-11-28 13:04:18,679 [WARN] ThirdParty:871 - waiting for thirdparty lock release [close project]
2023-11-28 13:04:18,679 [INFO] ThirdParty:873 - entering critical section [close project]
2023-11-28 13:04:18,680 [INFO] ThirdParty:883 - exiting critical section [close project]
2023-11-28 13:04:18,682 [INFO] PinOutPanel:1499 - setPackage(No Configuration,No Configuration)
2023-11-28 13:04:18,690 [INFO] UtilMem:75 - Begin LoadConfig() Used Memory: 582576448 Bytes (984612864)
2023-11-28 13:04:18,692 [INFO] MicroXplorer:468 - Change Database Path : 
2023-11-28 13:04:18,692 [INFO] MicroXplorer:498 - Change Database Version : DB.6.0.92
2023-11-28 13:04:18,692 [INFO] OpenFileManager:308 - Change cursor
2023-11-28 13:04:18,748 [INFO] Mcu:1946 - Initializing MCU STM32F411R(C-E)Tx STM32F411RETx STM32F411RET6
2023-11-28 13:04:20,926 [INFO] Context:659 - Trying to add GPIOservice into a context  which must be forbidden
2023-11-28 13:04:21,765 [INFO] RtosManager:555 - Registered RTOS mode: class=CMSIS, group=RTOS, mode=CMSIS_V1, owner=FREERTOS
2023-11-28 13:04:21,765 [INFO] RtosManager:555 - Registered RTOS mode: class=CMSIS, group=RTOS2, mode=CMSIS_V2, owner=FREERTOS
2023-11-28 13:04:21,766 [INFO] RtosManager:555 - Registered RTOS mode: class=RTOS, group=Core, mode=CMSIS_V1, owner=FREERTOS
2023-11-28 13:04:21,766 [INFO] RtosManager:555 - Registered RTOS mode: class=RTOS, group=Core, mode=CMSIS_V2, owner=FREERTOS
2023-11-28 13:04:21,766 [WARN] ModelIntegratedComponent:184 - Missing modes for component STMicroelectronics:FreeRTOS:0.0.1:STMicroelectronics:RTOS:FreeRTOS:Core:::10.2.0:
2023-11-28 13:04:21,786 [WARN] ModelIntegratedComponent:182 - Modes not found for component STMicroelectronics:USB_HOST:1.0.0:STMicroelectronics:USB::USB Host:Audio HS::1.0:USB_HOST_1_0_RESTRICTED_HS
2023-11-28 13:04:21,786 [WARN] ModelIntegratedComponent:188 - Modes not found for component STMicroelectronics:USB_HOST:1.0.0:STMicroelectronics:USB::USB Host:Audio HS::1.0:USB_HOST_1_0_RESTRICTED_HS
2023-11-28 13:04:21,786 [WARN] ModelIntegratedComponent:182 - Modes not found for component STMicroelectronics:USB_HOST:1.0.0:STMicroelectronics:USB::USB Host:CDC HS::1.0:USB_HOST_1_0_RESTRICTED_HS
2023-11-28 13:04:21,786 [WARN] ModelIntegratedComponent:188 - Modes not found for component STMicroelectronics:USB_HOST:1.0.0:STMicroelectronics:USB::USB Host:CDC HS::1.0:USB_HOST_1_0_RESTRICTED_HS
2023-11-28 13:04:21,786 [WARN] ModelIntegratedComponent:182 - Modes not found for component STMicroelectronics:USB_HOST:1.0.0:STMicroelectronics:USB::USB Host:MSC HS::1.0:USB_HOST_1_0_RESTRICTED_HS
2023-11-28 13:04:21,786 [WARN] ModelIntegratedComponent:188 - Modes not found for component STMicroelectronics:USB_HOST:1.0.0:STMicroelectronics:USB::USB Host:MSC HS::1.0:USB_HOST_1_0_RESTRICTED_HS
2023-11-28 13:04:21,786 [WARN] ModelIntegratedComponent:182 - Modes not found for component STMicroelectronics:USB_HOST:1.0.0:STMicroelectronics:USB::USB Host:HID HS::1.0:USB_HOST_1_0_RESTRICTED_HS
2023-11-28 13:04:21,786 [WARN] ModelIntegratedComponent:188 - Modes not found for component STMicroelectronics:USB_HOST:1.0.0:STMicroelectronics:USB::USB Host:HID HS::1.0:USB_HOST_1_0_RESTRICTED_HS
2023-11-28 13:04:21,786 [WARN] ModelIntegratedComponent:182 - Modes not found for component STMicroelectronics:USB_HOST:1.0.0:STMicroelectronics:USB::USB Host:MTP HS::1.0:USB_HOST_1_0_RESTRICTED_HS
2023-11-28 13:04:21,786 [WARN] ModelIntegratedComponent:188 - Modes not found for component STMicroelectronics:USB_HOST:1.0.0:STMicroelectronics:USB::USB Host:MTP HS::1.0:USB_HOST_1_0_RESTRICTED_HS
2023-11-28 13:04:21,798 [WARN] ModelIntegratedComponent:63 - No mode defined for component null
2023-11-28 13:04:21,798 [WARN] ModelIntegratedComponent:63 - No mode defined for component null
2023-11-28 13:04:21,798 [WARN] ModelIntegratedComponent:63 - No mode defined for component null
2023-11-28 13:04:21,798 [WARN] ModelIntegratedComponent:63 - No mode defined for component null
2023-11-28 13:04:21,798 [WARN] ModelIntegratedComponent:63 - No mode defined for component null
2023-11-28 13:04:21,798 [WARN] ModelIntegratedComponent:63 - No mode defined for component null
2023-11-28 13:04:21,798 [WARN] ModelIntegratedComponent:63 - No mode defined for component null
2023-11-28 13:04:21,799 [WARN] ModelIntegratedComponent:63 - No mode defined for component null
2023-11-28 13:04:21,799 [WARN] ModelIntegratedComponent:63 - No mode defined for component null
2023-11-28 13:04:21,799 [WARN] ModelIntegratedComponent:63 - No mode defined for component null
2023-11-28 13:04:21,799 [WARN] ModelIntegratedComponent:63 - No mode defined for component null
2023-11-28 13:04:21,799 [WARN] ModelIntegratedComponent:63 - No mode defined for component null
2023-11-28 13:04:21,799 [WARN] ModelIntegratedComponent:63 - No mode defined for component null
2023-11-28 13:04:21,799 [WARN] ModelIntegratedComponent:63 - No mode defined for component null
2023-11-28 13:04:21,799 [WARN] ModelIntegratedComponent:63 - No mode defined for component null
2023-11-28 13:04:21,799 [WARN] ModelIntegratedComponent:63 - No mode defined for component null
2023-11-28 13:04:21,799 [WARN] ModelIntegratedComponent:63 - No mode defined for component null
2023-11-28 13:04:21,800 [WARN] ModelIntegratedComponent:63 - No mode defined for component null
2023-11-28 13:04:21,800 [WARN] ModelIntegratedComponent:63 - No mode defined for component null
2023-11-28 13:04:21,800 [WARN] ModelIntegratedComponent:63 - No mode defined for component null
2023-11-28 13:04:21,800 [WARN] ModelIntegratedComponent:63 - No mode defined for component null
2023-11-28 13:04:21,800 [WARN] ModelIntegratedComponent:63 - No mode defined for component null
2023-11-28 13:04:21,800 [WARN] ModelIntegratedComponent:63 - No mode defined for component null
2023-11-28 13:04:21,800 [WARN] ModelIntegratedComponent:63 - No mode defined for component null
2023-11-28 13:04:21,800 [WARN] ModelIntegratedComponent:63 - No mode defined for component null
2023-11-28 13:04:21,800 [WARN] ModelIntegratedComponent:63 - No mode defined for component null
2023-11-28 13:04:21,800 [WARN] ModelIntegratedComponent:63 - No mode defined for component null
2023-11-28 13:04:21,801 [WARN] ModelIntegratedComponent:63 - No mode defined for component null
2023-11-28 13:04:21,801 [WARN] ModelIntegratedComponent:63 - No mode defined for component null
2023-11-28 13:04:21,801 [WARN] ModelIntegratedComponent:63 - No mode defined for component null
2023-11-28 13:04:21,801 [WARN] ModelIntegratedComponent:63 - No mode defined for component null
2023-11-28 13:04:21,801 [WARN] ModelIntegratedComponent:63 - No mode defined for component null
2023-11-28 13:04:21,801 [WARN] ModelIntegratedComponent:63 - No mode defined for component null
2023-11-28 13:04:21,915 [WARN] ModelIntegratedComponent:182 - Modes not found for component STMicroelectronics:USB_DEVICE:1.0.0:STMicroelectronics:USB::USB Device:Audio HS::1.0:USB_DEVICE_1_0_RESTRICTED_HS
2023-11-28 13:04:21,916 [WARN] ModelIntegratedComponent:188 - Modes not found for component STMicroelectronics:USB_DEVICE:1.0.0:STMicroelectronics:USB::USB Device:Audio HS::1.0:USB_DEVICE_1_0_RESTRICTED_HS
2023-11-28 13:04:21,916 [WARN] ModelIntegratedComponent:182 - Modes not found for component STMicroelectronics:USB_DEVICE:1.0.0:STMicroelectronics:USB::USB Device:CDC HS::1.0:USB_DEVICE_1_0_RESTRICTED_HS
2023-11-28 13:04:21,916 [WARN] ModelIntegratedComponent:188 - Modes not found for component STMicroelectronics:USB_DEVICE:1.0.0:STMicroelectronics:USB::USB Device:CDC HS::1.0:USB_DEVICE_1_0_RESTRICTED_HS
2023-11-28 13:04:21,916 [WARN] ModelIntegratedComponent:182 - Modes not found for component STMicroelectronics:USB_DEVICE:1.0.0:STMicroelectronics:USB::USB Device:DFU HS::1.0:USB_DEVICE_1_0_RESTRICTED_HS
2023-11-28 13:04:21,916 [WARN] ModelIntegratedComponent:188 - Modes not found for component STMicroelectronics:USB_DEVICE:1.0.0:STMicroelectronics:USB::USB Device:DFU HS::1.0:USB_DEVICE_1_0_RESTRICTED_HS
2023-11-28 13:04:21,916 [WARN] ModelIntegratedComponent:182 - Modes not found for component STMicroelectronics:USB_DEVICE:1.0.0:STMicroelectronics:USB::USB Device:HID HS::1.0:USB_DEVICE_1_0_RESTRICTED_HS
2023-11-28 13:04:21,916 [WARN] ModelIntegratedComponent:188 - Modes not found for component STMicroelectronics:USB_DEVICE:1.0.0:STMicroelectronics:USB::USB Device:HID HS::1.0:USB_DEVICE_1_0_RESTRICTED_HS
2023-11-28 13:04:21,916 [WARN] ModelIntegratedComponent:182 - Modes not found for component STMicroelectronics:USB_DEVICE:1.0.0:STMicroelectronics:USB::USB Device:Custom HID HS::1.0:USB_DEVICE_1_0_RESTRICTED_HS
2023-11-28 13:04:21,916 [WARN] ModelIntegratedComponent:188 - Modes not found for component STMicroelectronics:USB_DEVICE:1.0.0:STMicroelectronics:USB::USB Device:Custom HID HS::1.0:USB_DEVICE_1_0_RESTRICTED_HS
2023-11-28 13:04:21,916 [WARN] ModelIntegratedComponent:182 - Modes not found for component STMicroelectronics:USB_DEVICE:1.0.0:STMicroelectronics:USB::USB Device:MSC HS::1.0:USB_DEVICE_1_0_RESTRICTED_HS
2023-11-28 13:04:21,916 [WARN] ModelIntegratedComponent:188 - Modes not found for component STMicroelectronics:USB_DEVICE:1.0.0:STMicroelectronics:USB::USB Device:MSC HS::1.0:USB_DEVICE_1_0_RESTRICTED_HS
2023-11-28 13:04:21,941 [INFO] ThirdPartyModel:298 - Start build external matchings
2023-11-28 13:04:22,650 [INFO] ThirdPartyModel:316 - End build external matchings
2023-11-28 13:04:22,672 [INFO] ImportTextPane:194 - (OptionalMessage_ERROR) IP (RCC) : Parameter (48MHZClocksFreq_Value) has invalid value (84000000)
2023-11-28 13:04:22,674 [INFO] ImportTextPane:194 - (OptionalMessage_ERROR) IP (RCC) : Parameter (FLatency) has Id (AdvancedSettings) currently not set
2023-11-28 13:04:22,675 [INFO] ImportTextPane:194 - (OptionalMessage_ERROR) IP (RCC) : Parameter (RTCHSEDivFreq_Value) has invalid value (4000000)
2023-11-28 13:04:23,048 [INFO] UtilMem:75 - End LoadConfig() Used Memory: 593505432 Bytes (1001390080)
2023-11-28 13:04:23,280 [INFO] ApiDb:581 - Connected to CubeFinder SQLite database (C:\Users\emily\.stmcufinder\plugins\mcufinder\mcu\cube-finder-db.db)
2023-11-28 13:04:23,406 [INFO] ApiDb:668 - CubeFinder database Data Model version=2.1
2023-11-28 13:04:23,406 [INFO] ApiDb:669 - CubeFinder database Configuration version=3.0.37
2023-11-28 13:04:23,406 [INFO] ApiDb:670 - CubeFinder database generation date=2023-10-13 (1697197505)
2023-11-28 13:04:23,406 [INFO] ApiDb:671 - CubeFinder database FW Pack versions=[FP-ATR-ASTRA1_V2.0.0, FP-SNS-FLIGHT1_V5.0.1, FP-SNS-FLIGHT1_V5.0.2, FP-SNS-MOTENV1_V4.3.1, FP-SNS-MOTENV1_V4.3.2, FP-SNS-SMARTAG2_V1.2.0, I-CUBE-ITTIADB_V8.6.3-1, STM32Cube_FW_C0_V1.1.0, STM32Cube_FW_F4_V1.27.1, STM32Cube_FW_F7_V1.17.0, STM32Cube_FW_G0_V1.6.1, STM32Cube_FW_G4_V1.5.1, STM32Cube_FW_H5_V0.5.1, STM32Cube_FW_H5_V1.1.1, STM32Cube_FW_H7_V1.11.0, STM32Cube_FW_L0_V1.12.2, STM32Cube_FW_L5_V1.5.0, STM32Cube_FW_U5_V1.3.0, STM32Cube_FW_U5_V1.3.0RC4, STM32Cube_FW_WBA_V1.0.0RC1, STM32Cube_FW_WBA_V1.1.0RC1, STM32Cube_FW_WBA_V1.1.1, STM32Cube_FW_WB_V1.15.0RC1, STM32Cube_FW_WB_V1.16.0, STM32Cube_FW_WB_V1.16.0RC2, STM32Cube_FW_WB_V1.17.3, STM32Cube_FW_WL_V1.3.0, X-CUBE-ALGOBUILD_V1.3.0, X-CUBE-ALS_V1.0.1, X-CUBE-AZRTOS-F4_V1.1.0, X-CUBE-AZRTOS-F7_V1.1.0, X-CUBE-AZRTOS-G0_V1.1.0, X-CUBE-AZRTOS-G4_V2.0.0, X-CUBE-AZRTOS-H7_V3.1.0, X-CUBE-AZRTOS-L4_V1.0.0, X-CUBE-AZRTOS-L4_V2.0.0, X-CUBE-AZRTOS-L5_V1.1.0, X-CUBE-AZRTOS-WB_V2.0.0, X-CUBE-AZRTOS-WL_V2.0.0, X-CUBE-BLE1_V7.0.0, X-CUBE-BLE2_V3.3.0, X-CUBE-BLEMGR_V2.0.0, X-CUBE-EEPRMA1_V4.1.0, X-CUBE-FREERTOS_V1.1.0, X-CUBE-GNSS1_V6.0.0, X-CUBE-MEMS1_V10.0.0, X-CUBE-MEMS1_V9.1.0, X-CUBE-MEMS1_V9.4.0, X-CUBE-MEMS1_V9.6.0, X-CUBE-NFC4_V3.0.0, X-CUBE-NFC7_V1.0.1, X-CUBE-SFXS2LP1_V4.0.0, X-CUBE-SUBG2_V5.0.0, X-CUBE-TOF1_V3.3.1]
2023-11-28 13:04:26,734 [INFO] ApiDb:240 - Found 323 in-development CPN: [B-G473E-ZEST1S, B-WB1M-WPAN1, B-WL5M-SUBG1, NUCLEO-C031C6, NUCLEO-H503RB, NUCLEO-H563ZI, NUCLEO-U545RE-Q, NUCLEO-U5A5ZJ-Q, NUCLEO-WBA52CG, STEVAL-PROTEUS1, STEVAL-SMARTAG2, STEVAL-STWINBX1, STM320518-EVAL, STM32C0116-DK, STM32C011D6Y3TR, STM32C011D6Y6TR, STM32C011F4P3, STM32C011F4P6, STM32C011F4U3, STM32C011F4U6TR, STM32C011F6P3, STM32C011F6P6, STM32C011F6U3, STM32C011F6U6TR, STM32C011J4M3, STM32C011J4M6, STM32C011J6M3, STM32C011J6M6, STM32C0316-DK, STM32C031C4T3, STM32C031C4T6, STM32C031C4U3, STM32C031C4U6, STM32C031C6T3, STM32C031C6T6, STM32C031C6U3, STM32C031C6U6, STM32C031F4P3, STM32C031F4P6, STM32C031F6P3, STM32C031F6P6, STM32C031G4U3, STM32C031G4U6, STM32C031G6U3, STM32C031G6U6, STM32C031K4T3, STM32C031K4T6, STM32C031K4U3, STM32C031K4U6, STM32C031K6T3, STM32C031K6T6, STM32C031K6U3, STM32C031K6U6, STM32G071K8TXN, STM32G071K8UXN, STM32G081GBU6N, STM32G081KBT6N, STM32G081KBUXN, STM32G0B1CCT6N, STM32G0B1KCT6, STM32G0B1NEY6TR, STM32G0B1RCT6N, STM32G0C1CCT6, STM32G0C1CCT6N, STM32G0C1CCU6N, STM32G0C1CET6N, STM32G0C1CEU6N, STM32G0C1KCT6, STM32G0C1NEY6TR, STM32G0C1RCI6N, STM32G0C1RCT6N, STM32G0C1REI6N, STM32G0C1RET6N, STM32G0C1VCI6, STM32G0C1VEI6, STM32G471CCT6, STM32G471CCU6, STM32G471CET3, STM32G471CET6, STM32G471CEU3, STM32G471CEU6, STM32G471MCT6, STM32G471MET3, STM32G471MET6, STM32G471MEY6TR, STM32G471QCT6, STM32G471QET3, STM32G471RCT6, STM32G471RET3, STM32G471RET6, STM32G471VCH6, STM32G471VCI6, STM32G471VCT6, STM32G471VEH3, STM32G471VEH6, STM32G471VEI3, STM32G471VEI6, STM32G471VET3, STM32G471VET6, STM32G474CCT6, STM32H503CBT6, STM32H503CBU6, STM32H503EBY6TR, STM32H503KBU6, STM32H503RBT6, STM32H562AGI6, STM32H562AII6, STM32H562IGK6, STM32H562IGT6, STM32H562IIK6, STM32H562IIT6, STM32H562RGT6, STM32H562RGV6, STM32H562RIT6, STM32H562RIV6, STM32H562VGT6, STM32H562VIT6, STM32H562ZGT6, STM32H562ZIT6, STM32H563AGI6, STM32H563AII3Q, STM32H563AII6, STM32H563IGK6, STM32H563IGT6, STM32H563IIK3Q, STM32H563IIK6, STM32H563IIT3Q, STM32H563IIT6, STM32H563MIY3QTR, STM32H563RGT6, STM32H563RGV6, STM32H563RIT6, STM32H563RIV6, STM32H563VGT6, STM32H563VIT3Q, STM32H563VIT6, STM32H563ZGT6, STM32H563ZIT3Q, STM32H563ZIT6, STM32H573AII3Q, STM32H573AII6, STM32H573I-DK, STM32H573IIK3Q, STM32H573IIK6, STM32H573IIT3Q, STM32H573IIT6, STM32H573MIY3QTR, STM32H573RIT6, STM32H573RIV6, STM32H573VIT3Q, STM32H573VIT6, STM32H573ZIT3Q, STM32H573ZIT6, STM32L4R5QGI6STR, STM32MP131AAE3, STM32MP131AAF3, STM32MP131AAG3, STM32MP131CAE3, STM32MP131CAF3, STM32MP131CAG3, STM32MP131DAE7, STM32MP131DAF7, STM32MP131DAG7, STM32MP131FAE7, STM32MP131FAF7, STM32MP131FAG7, STM32MP133AAE3, STM32MP133AAF3, STM32MP133AAG3, STM32MP133CAE3, STM32MP133CAF3, STM32MP133CAG3, STM32MP133DAE7, STM32MP133DAF7, STM32MP133DAG7, STM32MP133FAE7, STM32MP133FAF7, STM32MP133FAG7, STM32MP135AAE3, STM32MP135AAF3, STM32MP135AAG3, STM32MP135CAE3, STM32MP135CAF3, STM32MP135CAG3, STM32MP135DAE7, STM32MP135DAF7, STM32MP135DAG7, STM32MP135F-DK, STM32MP135FAE7, STM32MP135FAF7, STM32MP135FAF7T, STM32MP135FAF7U, STM32MP135FAG7, STM32U535CBT6, STM32U535CBT6Q, STM32U535CBU6, STM32U535CBU6Q, STM32U535CCT6, STM32U535CCT6Q, STM32U535CCU6, STM32U535CCU6Q, STM32U535CET6, STM32U535CET6Q, STM32U535CEU6, STM32U535CEU6Q, STM32U535JEY6QTR, STM32U535NCY6QTR, STM32U535NEY6QTR, STM32U535RBI6, STM32U535RBI6Q, STM32U535RBT6, STM32U535RBT6Q, STM32U535RCI6, STM32U535RCI6Q, STM32U535RCT6, STM32U535RCT6Q, STM32U535REI6, STM32U535REI6Q, STM32U535RET6, STM32U535RET6Q, STM32U535VCI6, STM32U535VCI6Q, STM32U535VCT6, STM32U535VCT6Q, STM32U535VEI6, STM32U535VEI6Q, STM32U535VET6, STM32U535VET6Q, STM32U545CET6, STM32U545CET6Q, STM32U545CEU6, STM32U545CEU6Q, STM32U545JEY6QTR, STM32U545NEY6QTR, STM32U545REI6, STM32U545REI6Q, STM32U545RET6, STM32U545RET6Q, STM32U545VEI6, STM32U545VEI6Q, STM32U545VET6, STM32U545VET6Q, STM32U595AIH6, STM32U595AIH6Q, STM32U595AJH6, STM32U595AJH6Q, STM32U595QII6, STM32U595QII6Q, STM32U595QJI6, STM32U595QJI6Q, STM32U595RIT6, STM32U595RIT6Q, STM32U595RJT6, STM32U595RJT6Q, STM32U595VIT6, STM32U595VIT6Q, STM32U595VJT6, STM32U595VJT6Q, STM32U595ZIT6, STM32U595ZIT6Q, STM32U595ZIY6QTR, STM32U595ZJT6, STM32U595ZJT6Q, STM32U595ZJY6QTR, STM32U599BJY6QTR, STM32U599NIH6Q, STM32U599NJH6Q, STM32U599VIT6Q, STM32U599VJT6, STM32U599VJT6Q, STM32U599ZIT6Q, STM32U599ZIY6QTR, STM32U599ZJT6Q, STM32U599ZJY6QTR, STM32U5A5AJH6, STM32U5A5AJH6Q, STM32U5A5QJI6, STM32U5A5QJI6Q, STM32U5A5RJT6, STM32U5A5RJT6Q, STM32U5A5VJT6, STM32U5A5VJT6Q, STM32U5A5ZJT6, STM32U5A5ZJT6Q, STM32U5A5ZJY6QTR, STM32U5A9BJY6QTR, STM32U5A9J-DK, STM32U5A9NJH6Q, STM32U5A9VJT6Q, STM32U5A9ZJT6Q, STM32U5A9ZJY6QTR, STM32U5F7VIT6, STM32U5F7VIT6Q, STM32U5F7VJT6, STM32U5F7VJT6Q, STM32U5F9BJY6QTR, STM32U5F9NJH6Q, STM32U5F9VIT6Q, STM32U5F9VJT6Q, STM32U5F9ZIJ6QTR, STM32U5F9ZIT6Q, STM32U5F9ZJJ6QTR, STM32U5F9ZJT6Q, STM32U5G7VJT6, STM32U5G7VJT6Q, STM32U5G9BJY6QTR, STM32U5G9J-DK1, STM32U5G9J-DK2, STM32U5G9NJH6Q, STM32U5G9VJT6Q, STM32U5G9ZJJ6QTR, STM32U5G9ZJT6Q, STM32WB1MMCH6, STM32WBA52CEU6, STM32WBA52CEU6T, STM32WBA52CGU6, STM32WBA52CGU6T, STM32WBA52KEU6, STM32WBA52KEU6T, STM32WBA52KGU6, STM32WBA52KGU6T, STM32WL5MOCH6, STM32WL5MOCH6TR]
2023-11-28 13:04:26,739 [INFO] DbMcus:217 - Found 3848 MCUs, 3848 are supported
2023-11-28 13:04:26,741 [INFO] ApiDb:423 - Load user favorites file C:\Users\emily/.stm32cubeide/favorites.mcus.txt: 0 item(s)
2023-11-28 13:04:26,741 [INFO] ApiDb:427 - User favorites MCUs=[]
2023-11-28 13:04:26,741 [INFO] DbMcus:223 - Set 0 / 0 favorites MCUs
2023-11-28 13:04:27,212 [WARN] ThirdParty:833 - waiting for thirdparty lock release [change project]
2023-11-28 13:04:27,212 [INFO] ThirdParty:835 - entering critical section [change project]
2023-11-28 13:04:27,212 [INFO] ThirdParty:1030 - CMSIS Pack Vendor :STMicroelectronics X-CUBE-ISPU 1.1.0
2023-11-28 13:04:27,212 [INFO] ThirdParty:1030 - CMSIS Pack Vendor :STMicroelectronics USBPD 4.1
2023-11-28 13:04:27,212 [INFO] ThirdParty:1030 - CMSIS Pack Vendor :STMicroelectronics X-CUBE-GNSS1 6.0.0
2023-11-28 13:04:27,212 [INFO] ThirdParty:1030 - CMSIS Pack Vendor :STMicroelectronics USB_HOST 2.0.0
2023-11-28 13:04:27,212 [INFO] ThirdParty:1030 - CMSIS Pack Vendor :STMicroelectronics X-CUBE-AZRTOS-F4 1.1.0
2023-11-28 13:04:27,213 [INFO] ThirdParty:1030 - CMSIS Pack Vendor :STMicroelectronics LIBJPEG 8.0.0
2023-11-28 13:04:27,213 [INFO] ThirdParty:1030 - CMSIS Pack Vendor :wolfSSL I-CUBE-wolfSSL 5.6.3
2023-11-28 13:04:27,213 [INFO] ThirdParty:1030 - CMSIS Pack Vendor :STMicroelectronics X-CUBE-SMBUS 2.1.0
2023-11-28 13:04:27,213 [INFO] ThirdParty:1030 - CMSIS Pack Vendor :STMicroelectronics USB_DEVICE 3.0.0
2023-11-28 13:04:27,213 [INFO] ThirdParty:1030 - CMSIS Pack Vendor :STMicroelectronics X-CUBE-AZRTOS-WB 2.0.0
2023-11-28 13:04:27,213 [INFO] ThirdParty:1030 - CMSIS Pack Vendor :STMicroelectronics X-CUBE-AZRTOS-F7 1.1.0
2023-11-28 13:04:27,213 [INFO] ThirdParty:1030 - CMSIS Pack Vendor :STMicroelectronics X-CUBE-AZRTOS-L5 2.0.0
2023-11-28 13:04:27,213 [INFO] ThirdParty:1030 - CMSIS Pack Vendor :STMicroelectronics USB_DEVICE 2.0.0
2023-11-28 13:04:27,213 [INFO] ThirdParty:1030 - CMSIS Pack Vendor :STMicroelectronics X-CUBE-MEMS1 9.6.0
2023-11-28 13:04:27,213 [INFO] ThirdParty:1030 - CMSIS Pack Vendor :STMicroelectronics X-CUBE-EEPRMA1 4.2.0
2023-11-28 13:04:27,213 [INFO] ThirdParty:1030 - CMSIS Pack Vendor :ITTIA_DB I-CUBE-ITTIADB 8.8.0
2023-11-28 13:04:27,213 [INFO] ThirdParty:1030 - CMSIS Pack Vendor :STMicroelectronics FP-SNS-MOTENV1 4.3.2
2023-11-28 13:04:27,213 [INFO] ThirdParty:1030 - CMSIS Pack Vendor :STMicroelectronics X-CUBE-ALGOBUILD 1.3.0
2023-11-28 13:04:27,213 [INFO] ThirdParty:1030 - CMSIS Pack Vendor :STMicroelectronics FreeRTOS 0.0.1
2023-11-28 13:04:27,213 [INFO] ThirdParty:1030 - CMSIS Pack Vendor :STMicroelectronics X-CUBE-AZRTOS-G0 1.1.0
2023-11-28 13:04:27,213 [INFO] ThirdParty:1030 - CMSIS Pack Vendor :STMicroelectronics X-CUBE-BLEMGR 2.0.0
2023-11-28 13:04:27,213 [INFO] ThirdParty:1030 - CMSIS Pack Vendor :STMicroelectronics X-CUBE-NFC4 3.0.0
2023-11-28 13:04:27,214 [INFO] ThirdParty:1030 - CMSIS Pack Vendor :STMicroelectronics X-CUBE-SUBG2 5.0.0
2023-11-28 13:04:27,214 [INFO] ThirdParty:1030 - CMSIS Pack Vendor :STMicroelectronics STM32_WPAN 1.0.0
2023-11-28 13:04:27,214 [INFO] ThirdParty:1030 - CMSIS Pack Vendor :STMicroelectronics lwIP 2.0.3
2023-11-28 13:04:27,214 [INFO] ThirdParty:1030 - CMSIS Pack Vendor :STMicroelectronics FP-SNS-FLIGHT1 5.0.2
2023-11-28 13:04:27,214 [INFO] ThirdParty:1030 - CMSIS Pack Vendor :STMicroelectronics USB_HOST 1.0.0
2023-11-28 13:04:27,214 [INFO] ThirdParty:1030 - CMSIS Pack Vendor :STMicroelectronics X-CUBE-TOF1 3.3.1
2023-11-28 13:04:27,214 [INFO] ThirdParty:1030 - CMSIS Pack Vendor :STMicroelectronics X-CUBE-AZRTOS-G4 2.0.0
2023-11-28 13:04:27,214 [INFO] ThirdParty:1030 - CMSIS Pack Vendor :STMicroelectronics PDM2PCM 3.1.0
2023-11-28 13:04:27,214 [INFO] ThirdParty:1030 - CMSIS Pack Vendor :STMicroelectronics X-CUBE-AZRTOS-H7 3.1.0
2023-11-28 13:04:27,214 [INFO] ThirdParty:1030 - CMSIS Pack Vendor :Infineon AIROC-Wi-Fi-Bluetooth-STM32 1.5.1
2023-11-28 13:04:27,214 [INFO] ThirdParty:1030 - CMSIS Pack Vendor :STMicroelectronics X-CUBE-BLEMGR 3.0.0
2023-11-28 13:04:27,214 [INFO] ThirdParty:1030 - CMSIS Pack Vendor :STMicroelectronics PDM2PCM 3.3.0
2023-11-28 13:04:27,214 [INFO] ThirdParty:1030 - CMSIS Pack Vendor :STMicroelectronics X-CUBE-DISPLAY 3.0.0
2023-11-28 13:04:27,214 [INFO] ThirdParty:1030 - CMSIS Pack Vendor :STMicroelectronics FP-SNS-MOTENVWB1 1.3.0
2023-11-28 13:04:27,214 [INFO] ThirdParty:1030 - CMSIS Pack Vendor :STMicroelectronics X-CUBE-BLE1 7.0.0
2023-11-28 13:04:27,214 [INFO] ThirdParty:1030 - CMSIS Pack Vendor :STMicroelectronics FP-ATR-SIGFOX1 3.2.0
2023-11-28 13:04:27,215 [INFO] ThirdParty:1030 - CMSIS Pack Vendor :STMicroelectronics HAL Drivers 0.0.0
2023-11-28 13:04:27,215 [INFO] ThirdParty:1030 - CMSIS Pack Vendor :STMicroelectronics MBEDTLS 2.16.2
2023-11-28 13:04:27,215 [INFO] ThirdParty:1030 - CMSIS Pack Vendor :emotas I-CUBE-CANOPEN 1.3.0
2023-11-28 13:04:27,215 [INFO] ThirdParty:1030 - CMSIS Pack Vendor :STMicroelectronics X-CUBE-MEMS1 10.0.0
2023-11-28 13:04:27,215 [INFO] ThirdParty:1030 - CMSIS Pack Vendor :STMicroelectronics X-CUBE-FREERTOS 1.1.0
2023-11-28 13:04:27,215 [INFO] ThirdParty:1030 - CMSIS Pack Vendor :STMicroelectronics X-CUBE-TOUCHGFX 4.22.0
2023-11-28 13:04:27,215 [INFO] ThirdParty:1030 - CMSIS Pack Vendor :STMicroelectronics X-CUBE-NFC7 1.0.1
2023-11-28 13:04:27,215 [INFO] ThirdParty:1030 - CMSIS Pack Vendor :STMicroelectronics MBEDTLS 2.14.1
2023-11-28 13:04:27,215 [INFO] ThirdParty:1030 - CMSIS Pack Vendor :STMicroelectronics X-CUBE-TOUCHGFX 4.22.1
2023-11-28 13:04:27,215 [INFO] ThirdParty:1030 - CMSIS Pack Vendor :STMicroelectronics X-CUBE-NFC6 3.0.0
2023-11-28 13:04:27,215 [INFO] ThirdParty:1030 - CMSIS Pack Vendor :STMicroelectronics X-CUBE-EEPRMA1 4.1.0
2023-11-28 13:04:27,215 [INFO] ThirdParty:1030 - CMSIS Pack Vendor :portGmbH I-Cube-SoM-uGOAL 1.1.0
2023-11-28 13:04:27,215 [INFO] ThirdParty:1030 - CMSIS Pack Vendor :STMicroelectronics X-CUBE-ALS 1.0.1
2023-11-28 13:04:27,215 [INFO] ThirdParty:1030 - CMSIS Pack Vendor :STMicroelectronics ThreadX 1.0.0
2023-11-28 13:04:27,216 [INFO] ThirdParty:1030 - CMSIS Pack Vendor :STMicroelectronics FP-SNS-SMARTAG2 1.2.0
2023-11-28 13:04:27,216 [INFO] ThirdParty:1030 - CMSIS Pack Vendor :STMicroelectronics X-CUBE-AZRTOS-WL 2.0.0
2023-11-28 13:04:27,216 [INFO] ThirdParty:1030 - CMSIS Pack Vendor :SEGGER I-CUBE-embOS 1.3.1
2023-11-28 13:04:27,216 [INFO] ThirdParty:1030 - CMSIS Pack Vendor :STMicroelectronics USB_DEVICE 1.0.0
2023-11-28 13:04:27,216 [INFO] ThirdParty:1030 - CMSIS Pack Vendor :STMicroelectronics X-CUBE-AI 8.1.0
2023-11-28 13:04:27,216 [INFO] ThirdParty:1030 - CMSIS Pack Vendor :STMicroelectronics X-CUBE-AZRTOS-L4 2.0.0
2023-11-28 13:04:27,216 [INFO] ThirdParty:1030 - CMSIS Pack Vendor :STMicroelectronics ThreadX 0.0.2
2023-11-28 13:04:27,216 [INFO] ThirdParty:1030 - CMSIS Pack Vendor :WES I-CUBE-Cesium 1.3.0
2023-11-28 13:04:27,216 [INFO] ThirdParty:1030 - CMSIS Pack Vendor :STMicroelectronics FP-ATR-ASTRA1 2.0.0
2023-11-28 13:04:27,216 [INFO] ThirdParty:1030 - CMSIS Pack Vendor :STMicroelectronics lwIP 2.1.2
2023-11-28 13:04:27,216 [INFO] ThirdParty:1030 - CMSIS Pack Vendor :STMicroelectronics X-CUBE-SFXS2LP1 4.0.0
2023-11-28 13:04:27,216 [INFO] ThirdParty:1030 - CMSIS Pack Vendor :STMicroelectronics X-CUBE-BLE2 3.3.0
2023-11-28 13:04:27,216 [INFO] ThirdParty:1030 - CMSIS Pack Vendor :STMicroelectronics X-CUBE-TOF1 3.4.0
2023-11-28 13:04:27,216 [INFO] ThirdParty:1030 - CMSIS Pack Vendor :STMicroelectronics PDM2PCM 3.2.0
2023-11-28 13:04:27,217 [INFO] ThirdParty:841 - exiting critical section [change project]
2023-11-28 13:04:27,677 [INFO] PinOutPanel:1499 - setPackage(No Configuration,No Configuration)
2023-11-28 13:04:27,679 [INFO] PinOutPanel:1499 - setPackage(STM32F411RETx,LQFP64)
2023-11-28 13:04:28,340 [INFO] UtilMem:75 - Before build in PCC Used Memory: 816839976 Bytes (1001390080)
2023-11-28 13:04:29,622 [INFO] UtilMem:75 - After build in PCC Used Memory: 574002168 Bytes (1001390080)
2023-11-28 13:04:29,672 [INFO] IPUIPlugin:80 - create IPUIPlugin
2023-11-28 13:04:29,672 [INFO] IPUIPlugin:80 - create IPUIPlugin
2023-11-28 13:04:29,673 [INFO] IPUIPlugin:80 - create IPUIPlugin
2023-11-28 13:04:29,673 [INFO] IPUIPlugin:80 - create IPUIPlugin
2023-11-28 13:04:29,673 [INFO] IPUIPlugin:80 - create IPUIPlugin
2023-11-28 13:04:29,673 [INFO] IPUIPlugin:80 - create IPUIPlugin
2023-11-28 13:04:29,673 [INFO] IPUIPlugin:80 - create IPUIPlugin
2023-11-28 13:04:29,673 [INFO] IPUIPlugin:80 - create IPUIPlugin
2023-11-28 13:04:29,673 [INFO] IPUIPlugin:80 - create IPUIPlugin
2023-11-28 13:04:29,673 [INFO] IPUIPlugin:80 - create IPUIPlugin
2023-11-28 13:04:29,673 [INFO] IPUIPlugin:80 - create IPUIPlugin
2023-11-28 13:04:29,674 [INFO] IPUIPlugin:80 - create IPUIPlugin
2023-11-28 13:04:29,674 [INFO] IPUIPlugin:80 - create IPUIPlugin
2023-11-28 13:04:29,674 [INFO] IPUIPlugin:80 - create IPUIPlugin
2023-11-28 13:04:29,674 [INFO] IPUIPlugin:80 - create IPUIPlugin
2023-11-28 13:04:29,674 [INFO] IPUIPlugin:80 - create IPUIPlugin
2023-11-28 13:04:29,675 [INFO] IPUIPlugin:80 - create IPUIPlugin
2023-11-28 13:04:29,675 [INFO] IPUIPlugin:80 - create IPUIPlugin
2023-11-28 13:04:29,675 [INFO] IPUIPlugin:80 - create IPUIPlugin
2023-11-28 13:04:29,675 [INFO] IPUIPlugin:80 - create IPUIPlugin
2023-11-28 13:04:29,675 [INFO] IPUIPlugin:80 - create IPUIPlugin
2023-11-28 13:04:29,676 [INFO] IPUIPlugin:80 - create IPUIPlugin
2023-11-28 13:04:29,676 [INFO] IPUIPlugin:80 - create IPUIPlugin
2023-11-28 13:04:29,676 [INFO] IPUIPlugin:80 - create IPUIPlugin
2023-11-28 13:04:29,676 [INFO] IPUIPlugin:80 - create IPUIPlugin
2023-11-28 13:04:29,676 [INFO] IPUIPlugin:80 - create IPUIPlugin
2023-11-28 13:04:29,677 [INFO] IPUIPlugin:80 - create IPUIPlugin
2023-11-28 13:04:29,677 [INFO] IPUIPlugin:80 - create IPUIPlugin
2023-11-28 13:04:29,677 [INFO] IPUIPlugin:80 - create IPUIPlugin
2023-11-28 13:04:29,677 [INFO] IPUIPlugin:80 - create IPUIPlugin
2023-11-28 13:04:29,678 [INFO] IPUIPlugin:80 - create IPUIPlugin
2023-11-28 13:04:29,678 [INFO] IPUIPlugin:80 - create IPUIPlugin
2023-11-28 13:04:29,678 [INFO] IPUIPlugin:80 - create IPUIPlugin
2023-11-28 13:04:29,678 [INFO] IPUIPlugin:80 - create IPUIPlugin
2023-11-28 13:04:29,679 [INFO] IPUIPlugin:80 - create IPUIPlugin
2023-11-28 13:04:29,679 [INFO] IPUIPlugin:80 - create IPUIPlugin
2023-11-28 13:04:29,679 [INFO] IPUIPlugin:80 - create IPUIPlugin
2023-11-28 13:04:29,680 [INFO] IPUIPlugin:80 - create IPUIPlugin
2023-11-28 13:04:29,680 [INFO] IPUIPlugin:80 - create IPUIPlugin
2023-11-28 13:04:29,680 [INFO] IPUIPlugin:80 - create IPUIPlugin
2023-11-28 13:04:29,681 [INFO] IPUIPlugin:80 - create IPUIPlugin
2023-11-28 13:04:29,681 [INFO] IPUIPlugin:80 - create IPUIPlugin
2023-11-28 13:04:29,681 [INFO] IPUIPlugin:80 - create IPUIPlugin
2023-11-28 13:04:29,813 [INFO] ApiDbMcu:507 - Load IP Config File for PDM2PCM
2023-11-28 13:04:30,109 [INFO] CADModel:165 - CPN selected for project levelSTM32F411RET6
2023-11-28 13:04:30,109 [INFO] CADModel:114 - Register for checkConnection events
2023-11-28 13:04:30,176 [INFO] OpenFileManager:328 - Restore cursor
2023-11-28 13:13:12,028 [INFO] UtilMem:75 - End SaveConfig() Used Memory: 776055704 Bytes (1073741824)
2023-11-28 13:13:42,309 [INFO] UtilMem:75 - End SaveConfig() Used Memory: 846310296 Bytes (1073741824)
2023-11-28 13:13:43,047 [INFO] BlockDiagram:2759 - set Specific Code input for plugin: NVIC
2023-11-28 13:13:43,047 [INFO] BlockDiagram:2759 - set Specific Code input for plugin: USART
2023-11-28 13:13:43,047 [INFO] BlockDiagram:2759 - set Specific Code input for plugin: TIM1_8
2023-11-28 13:13:43,047 [INFO] BlockDiagram:2759 - set Specific Code input for plugin: TIM1_8
2023-11-28 13:13:43,047 [INFO] BlockDiagram:2759 - set Specific Code input for plugin: TIM1_8
2023-11-28 13:13:43,047 [INFO] BlockDiagram:2759 - set Specific Code input for plugin: SYS
2023-11-28 13:13:43,047 [INFO] BlockDiagram:2759 - set Specific Code input for plugin: GPIO
2023-11-28 13:13:43,047 [INFO] BlockDiagram:2759 - set Specific Code input for plugin: ADC
2023-11-28 13:13:43,047 [INFO] BlockDiagram:2759 - set Specific Code input for plugin: RCC
2023-11-28 13:13:43,047 [INFO] CodeGenerator:799 - code generatio: config db path: C:\ST\STM32CubeIDE_1.13.2\STM32CubeIDE\plugins\com.st.stm32cube.common.mx_6.9.2.202309101412\\db\
2023-11-28 13:13:43,594 [INFO] CodeEngine:255 - oldGeneratedFile, C:\Users\emily\STM32CubeIDE\workspace_1.13.2\Rat\Rat\MXTmpFiles\license.tmp_save
2023-11-28 13:13:44,219 [INFO] CodeEngine:279 - Generated code: C:\Users\emily\STM32CubeIDE\workspace_1.13.2\Rat\Rat\MXTmpFiles\license.tmp
2023-11-28 13:13:44,389 [INFO] CodeEngine:255 - oldGeneratedFile, C:\Users\emily\STM32CubeIDE\workspace_1.13.2\Rat\Rat\MXTmpFiles\gpio.tmp_save
2023-11-28 13:13:44,678 [INFO] CodeEngine:279 - Generated code: C:\Users\emily\STM32CubeIDE\workspace_1.13.2\Rat\Rat\MXTmpFiles\gpio.tmp
2023-11-28 13:13:45,317 [INFO] CodeEngine:255 - oldGeneratedFile, C:\Users\emily\STM32CubeIDE\workspace_1.13.2\Rat\Rat\Core\Src\stm32f4xx_it.c_save
2023-11-28 13:13:45,594 [INFO] CodeEngine:279 - Generated code: C:\Users\emily\STM32CubeIDE\workspace_1.13.2\Rat\Rat\Core\Src\stm32f4xx_it.c
2023-11-28 13:13:45,624 [INFO] CodeEngine:255 - oldGeneratedFile, C:\Users\emily\STM32CubeIDE\workspace_1.13.2\Rat\Rat\Core\Inc\stm32f4xx_it.h_save
2023-11-28 13:13:45,783 [INFO] CodeEngine:279 - Generated code: C:\Users\emily\STM32CubeIDE\workspace_1.13.2\Rat\Rat\Core\Inc\stm32f4xx_it.h
2023-11-28 13:13:45,829 [INFO] CodeEngine:255 - oldGeneratedFile, C:\Users\emily\STM32CubeIDE\workspace_1.13.2\Rat\Rat\Core\Src\stm32f4xx_hal_msp.c_save
2023-11-28 13:13:46,106 [INFO] CodeEngine:279 - Generated code: C:\Users\emily\STM32CubeIDE\workspace_1.13.2\Rat\Rat\Core\Src\stm32f4xx_hal_msp.c
2023-11-28 13:13:46,136 [INFO] CodeEngine:255 - oldGeneratedFile, C:\Users\emily\STM32CubeIDE\workspace_1.13.2\Rat\Rat\MXTmpFiles\system.tmp_save
2023-11-28 13:13:46,243 [INFO] CodeEngine:279 - Generated code: C:\Users\emily\STM32CubeIDE\workspace_1.13.2\Rat\Rat\MXTmpFiles\system.tmp
2023-11-28 13:13:46,287 [INFO] CodeEngine:311 - oldGeneratedFile, C:\Users\emily\STM32CubeIDE\workspace_1.13.2\Rat\Rat\Core\Inc\stm32f4xx_hal_conf.h_save
2023-11-28 13:13:46,449 [INFO] CodeEngine:335 - Generated code: C:\Users\emily\STM32CubeIDE\workspace_1.13.2\Rat\Rat\Core\Inc\stm32f4xx_hal_conf.h
2023-11-28 13:13:46,568 [WARN] IPConfigManager:3431 - IP not found : TIM
2023-11-28 13:13:46,570 [WARN] CodeGenerator:3764 - IP not found : null
2023-11-28 13:13:46,618 [INFO] CodeEngine:255 - oldGeneratedFile, C:\Users\emily\STM32CubeIDE\workspace_1.13.2\Rat\Rat\Core\Inc\main.h_save
2023-11-28 13:13:46,841 [INFO] CodeEngine:279 - Generated code: C:\Users\emily\STM32CubeIDE\workspace_1.13.2\Rat\Rat\Core\Inc\main.h
2023-11-28 13:13:46,881 [INFO] CodeEngine:255 - oldGeneratedFile, C:\Users\emily\STM32CubeIDE\workspace_1.13.2\Rat\Rat\Core\Src\main.c_save
2023-11-28 13:13:47,209 [INFO] CodeEngine:279 - Generated code: C:\Users\emily\STM32CubeIDE\workspace_1.13.2\Rat\Rat\Core\Src\main.c
2023-11-28 13:13:48,206 [INFO] ProjectBuilder:3064 - Time for Copy HAL[1] : 419mS.
2023-11-28 13:13:48,219 [INFO] ProjectBuilder:4404 - Project Generator version: 4.1.0
2023-11-28 13:13:48,569 [INFO] ConfigFileManager:1457 - The Die is : DIE431
2023-11-28 13:13:48,613 [INFO] ApiDbMcu:507 - Load IP Config File for FATFS
2023-11-28 13:13:48,694 [INFO] ApiDbMcu:507 - Load IP Config File for FREERTOS
2023-11-28 13:13:48,712 [INFO] ApiDbMcu:507 - Load IP Config File for LIBJPEG
2023-11-28 13:13:48,809 [INFO] ApiDbMcu:507 - Load IP Config File for MBEDTLS
2023-11-28 13:13:48,875 [INFO] ApiDbMcu:507 - Load IP Config File for USB_DEVICE
2023-11-28 13:13:48,898 [INFO] ApiDbMcu:507 - Load IP Config File for USB_HOST
2023-11-28 13:13:50,644 [INFO] LogOutputStream:77 - [STDOUT_REDIRECT] 
2023-11-28 13:13:53,994 [INFO] ProjectBuilder:4626 - Time for Generating toolchain IDE Files: 5773mS.
2023-11-28 13:13:53,995 [INFO] ProjectBuilder:2935 - Time for Copy CMSIS : 1mS.
2023-11-28 13:13:53,999 [INFO] ProjectBuilder:2935 - Time for Copy CMSIS : 0mS.
2023-11-28 13:13:57,881 [INFO] ADCParametersView:116 -                Rank 1 : false
2023-11-28 13:13:58,104 [INFO] ADCParametersView:116 -                Rank 1 : false
2023-11-28 13:13:58,104 [INFO] ADCParametersView:116 -                Rank 1 : false
2023-11-28 13:13:58,105 [INFO] ADCParametersView:116 -                Rank 1 : false
2023-11-28 13:13:58,105 [INFO] ADCParametersView:116 -                Rank 1 : false
2023-11-28 13:13:58,105 [INFO] ADCParametersView:116 -                Rank 1 : false
2023-11-28 13:13:58,106 [INFO] ADCParametersView:116 -                Rank 1 : false
2023-11-28 13:13:58,106 [INFO] ADCParametersView:116 -                Rank 1 : false
2023-11-28 13:13:58,106 [INFO] ADCParametersView:116 -                Rank 1 : false
2023-11-28 13:13:58,106 [INFO] ADCParametersView:116 -                Rank 1 : false
2023-11-28 13:13:58,107 [INFO] ADCParametersView:116 -                Rank 1 : false
2023-11-28 13:13:58,107 [INFO] ADCParametersView:116 -                Rank 1 : false
2023-11-28 13:13:58,107 [INFO] ADCParametersView:116 -                Rank 1 : false
2023-11-28 13:13:58,108 [INFO] ADCParametersView:116 -                Rank 1 : false
2023-11-28 13:13:58,108 [INFO] ADCParametersView:116 -                Rank 1 : false
2023-11-28 13:13:58,167 [INFO] ADCParametersView:116 -                Rank 1 : false
2023-11-28 13:14:27,308 [INFO] NvicIntPanel:101 - NVIC parent = com.st.microxplorer.plugins.ip.nvic.MultiNvicIntPanel[,0,0,0x0,invalid,layout=javax.swing.BoxLayout,alignmentX=0.0,alignmentY=0.0,border=,flags=9,maximumSize=,minimumSize=,preferredSize=]
2023-11-28 13:14:27,393 [INFO] ADCParametersView:116 -                Rank 1 : false
2023-11-28 13:14:27,397 [INFO] ADCParametersView:116 -                Rank 1 : false
2023-11-28 13:14:27,397 [INFO] ADCParametersView:116 -                Rank 1 : false
2023-11-28 13:14:27,398 [INFO] ADCParametersView:116 -                Rank 1 : false
2023-11-28 13:14:27,398 [INFO] ADCParametersView:116 -                Rank 1 : false
2023-11-28 13:14:27,398 [INFO] ADCParametersView:116 -                Rank 1 : false
2023-11-28 13:14:27,398 [INFO] ADCParametersView:116 -                Rank 1 : false
2023-11-28 13:14:27,399 [INFO] ADCParametersView:116 -                Rank 1 : false
2023-11-28 13:14:27,399 [INFO] ADCParametersView:116 -                Rank 1 : false
2023-11-28 13:14:27,399 [INFO] ADCParametersView:116 -                Rank 1 : false
2023-11-28 13:14:27,399 [INFO] ADCParametersView:116 -                Rank 1 : false
2023-11-28 13:14:27,400 [INFO] ADCParametersView:116 -                Rank 1 : false
2023-11-28 13:14:27,400 [INFO] ADCParametersView:116 -                Rank 1 : false
2023-11-28 13:14:27,400 [INFO] ADCParametersView:116 -                Rank 1 : false
2023-11-28 13:14:27,431 [INFO] ADCParametersView:116 -                Rank 1 : false
2023-11-28 13:14:46,577 [INFO] DmaTabbedPanel:205 - Cannot restore the selected Tab for DMA
2023-11-28 13:15:35,812 [INFO] ADCParametersView:116 -                Rank 1 : false
2023-11-28 13:15:35,827 [INFO] ADCParametersView:116 -                Rank 1 : false
2023-11-28 13:15:35,827 [INFO] ADCParametersView:116 -                Rank 1 : false
2023-11-28 13:15:35,827 [INFO] ADCParametersView:116 -                Rank 1 : false
2023-11-28 13:15:35,827 [INFO] ADCParametersView:116 -                Rank 1 : false
2023-11-28 13:15:35,827 [INFO] ADCParametersView:116 -                Rank 1 : false
2023-11-28 13:15:35,827 [INFO] ADCParametersView:116 -                Rank 1 : false
2023-11-28 13:15:35,827 [INFO] ADCParametersView:116 -                Rank 1 : false
2023-11-28 13:15:35,827 [INFO] ADCParametersView:116 -                Rank 1 : false
2023-11-28 13:15:35,827 [INFO] ADCParametersView:116 -                Rank 1 : false
2023-11-28 13:15:35,827 [INFO] ADCParametersView:116 -                Rank 1 : false
2023-11-28 13:15:35,827 [INFO] ADCParametersView:116 -                Rank 1 : false
2023-11-28 13:15:35,827 [INFO] ADCParametersView:116 -                Rank 1 : false
2023-11-28 13:15:35,827 [INFO] ADCParametersView:116 -                Rank 1 : false
2023-11-28 13:15:35,843 [INFO] ADCParametersView:116 -                Rank 1 : false
2023-11-28 13:15:35,921 [INFO] ADCParametersView:116 -                Rank 1 : false
2023-11-28 13:15:35,921 [INFO] ADCParametersView:116 -                Rank 1 : false
2023-11-28 13:15:35,921 [INFO] ADCParametersView:116 -                Rank 1 : false
2023-11-28 13:15:35,921 [INFO] ADCParametersView:116 -                Rank 1 : false
2023-11-28 13:15:35,921 [INFO] ADCParametersView:116 -                Rank 1 : false
2023-11-28 13:15:35,921 [INFO] ADCParametersView:116 -                Rank 1 : false
2023-11-28 13:15:35,921 [INFO] ADCParametersView:116 -                Rank 1 : false
2023-11-28 13:15:35,921 [INFO] ADCParametersView:116 -                Rank 1 : false
2023-11-28 13:15:35,921 [INFO] ADCParametersView:116 -                Rank 1 : false
2023-11-28 13:15:35,921 [INFO] ADCParametersView:116 -                Rank 1 : false
2023-11-28 13:15:35,921 [INFO] ADCParametersView:116 -                Rank 1 : false
2023-11-28 13:15:35,921 [INFO] ADCParametersView:116 -                Rank 1 : false
2023-11-28 13:15:35,921 [INFO] ADCParametersView:116 -                Rank 1 : false
2023-11-28 13:15:35,921 [INFO] ADCParametersView:116 -                Rank 1 : false
2023-11-28 13:15:35,952 [INFO] ADCParametersView:116 -                Rank 1 : false
2023-11-28 13:15:48,757 [INFO] NvicIntPanel:101 - NVIC parent = com.st.microxplorer.plugins.ip.nvic.MultiNvicIntPanel[,0,0,0x0,invalid,layout=javax.swing.BoxLayout,alignmentX=0.0,alignmentY=0.0,border=,flags=9,maximumSize=,minimumSize=,preferredSize=]
2023-11-28 13:15:48,851 [INFO] ADCParametersView:116 -                Rank 1 : false
2023-11-28 13:15:48,869 [INFO] ADCParametersView:116 -                Rank 1 : false
2023-11-28 13:15:48,869 [INFO] ADCParametersView:116 -                Rank 1 : false
2023-11-28 13:15:48,869 [INFO] ADCParametersView:116 -                Rank 1 : false
2023-11-28 13:15:48,869 [INFO] ADCParametersView:116 -                Rank 1 : false
2023-11-28 13:15:48,869 [INFO] ADCParametersView:116 -                Rank 1 : false
2023-11-28 13:15:48,869 [INFO] ADCParametersView:116 -                Rank 1 : false
2023-11-28 13:15:48,869 [INFO] ADCParametersView:116 -                Rank 1 : false
2023-11-28 13:15:48,869 [INFO] ADCParametersView:116 -                Rank 1 : false
2023-11-28 13:15:48,869 [INFO] ADCParametersView:116 -                Rank 1 : false
2023-11-28 13:15:48,869 [INFO] ADCParametersView:116 -                Rank 1 : false
2023-11-28 13:15:48,869 [INFO] ADCParametersView:116 -                Rank 1 : false
2023-11-28 13:15:48,869 [INFO] ADCParametersView:116 -                Rank 1 : false
2023-11-28 13:15:48,869 [INFO] ADCParametersView:116 -                Rank 1 : false
2023-11-28 13:15:48,898 [INFO] ADCParametersView:116 -                Rank 1 : false
2023-11-28 13:15:57,678 [INFO] UtilMem:75 - End SaveConfig() Used Memory: 762804024 Bytes (1073741824)
2023-11-28 13:16:00,887 [INFO] UtilMem:75 - End SaveConfig() Used Memory: 829390648 Bytes (1073741824)
2023-11-28 13:16:01,501 [INFO] BlockDiagram:2759 - set Specific Code input for plugin: NVIC
2023-11-28 13:16:01,502 [INFO] BlockDiagram:2759 - set Specific Code input for plugin: USART
2023-11-28 13:16:01,502 [INFO] BlockDiagram:2759 - set Specific Code input for plugin: DMA
2023-11-28 13:16:01,502 [INFO] BlockDiagram:2759 - set Specific Code input for plugin: TIM1_8
2023-11-28 13:16:01,502 [INFO] BlockDiagram:2759 - set Specific Code input for plugin: TIM1_8
2023-11-28 13:16:01,502 [INFO] BlockDiagram:2759 - set Specific Code input for plugin: TIM1_8
2023-11-28 13:16:01,502 [INFO] BlockDiagram:2759 - set Specific Code input for plugin: SYS
2023-11-28 13:16:01,503 [INFO] BlockDiagram:2759 - set Specific Code input for plugin: GPIO
2023-11-28 13:16:01,503 [INFO] BlockDiagram:2759 - set Specific Code input for plugin: ADC
2023-11-28 13:16:01,503 [INFO] BlockDiagram:2759 - set Specific Code input for plugin: RCC
2023-11-28 13:16:01,504 [INFO] CodeGenerator:799 - code generatio: config db path: C:\ST\STM32CubeIDE_1.13.2\STM32CubeIDE\plugins\com.st.stm32cube.common.mx_6.9.2.202309101412\\db\
2023-11-28 13:16:01,706 [INFO] CodeEngine:255 - oldGeneratedFile, C:\Users\emily\STM32CubeIDE\workspace_1.13.2\Rat\Rat\MXTmpFiles\license.tmp_save
2023-11-28 13:16:01,891 [INFO] CodeEngine:279 - Generated code: C:\Users\emily\STM32CubeIDE\workspace_1.13.2\Rat\Rat\MXTmpFiles\license.tmp
2023-11-28 13:16:01,958 [INFO] CodeEngine:255 - oldGeneratedFile, C:\Users\emily\STM32CubeIDE\workspace_1.13.2\Rat\Rat\MXTmpFiles\gpio.tmp_save
2023-11-28 13:16:02,208 [INFO] CodeEngine:279 - Generated code: C:\Users\emily\STM32CubeIDE\workspace_1.13.2\Rat\Rat\MXTmpFiles\gpio.tmp
2023-11-28 13:16:02,774 [INFO] CodeEngine:255 - oldGeneratedFile, C:\Users\emily\STM32CubeIDE\workspace_1.13.2\Rat\Rat\MXTmpFiles\dma.tmp_save
2023-11-28 13:16:02,897 [INFO] CodeEngine:279 - Generated code: C:\Users\emily\STM32CubeIDE\workspace_1.13.2\Rat\Rat\MXTmpFiles\dma.tmp
2023-11-28 13:16:02,909 [INFO] CodeEngine:255 - oldGeneratedFile, C:\Users\emily\STM32CubeIDE\workspace_1.13.2\Rat\Rat\MXTmpFiles\dma_GV.tmp_save
2023-11-28 13:16:03,003 [INFO] CodeEngine:279 - Generated code: C:\Users\emily\STM32CubeIDE\workspace_1.13.2\Rat\Rat\MXTmpFiles\dma_GV.tmp
2023-11-28 13:16:03,051 [INFO] CodeEngine:255 - oldGeneratedFile, C:\Users\emily\STM32CubeIDE\workspace_1.13.2\Rat\Rat\Core\Src\stm32f4xx_it.c_save
2023-11-28 13:16:03,209 [INFO] CodeEngine:279 - Generated code: C:\Users\emily\STM32CubeIDE\workspace_1.13.2\Rat\Rat\Core\Src\stm32f4xx_it.c
2023-11-28 13:16:03,227 [INFO] CodeEngine:255 - oldGeneratedFile, C:\Users\emily\STM32CubeIDE\workspace_1.13.2\Rat\Rat\Core\Inc\stm32f4xx_it.h_save
2023-11-28 13:16:03,329 [INFO] CodeEngine:279 - Generated code: C:\Users\emily\STM32CubeIDE\workspace_1.13.2\Rat\Rat\Core\Inc\stm32f4xx_it.h
2023-11-28 13:16:03,353 [INFO] CodeEngine:255 - oldGeneratedFile, C:\Users\emily\STM32CubeIDE\workspace_1.13.2\Rat\Rat\Core\Src\stm32f4xx_hal_msp.c_save
2023-11-28 13:16:03,572 [INFO] CodeEngine:279 - Generated code: C:\Users\emily\STM32CubeIDE\workspace_1.13.2\Rat\Rat\Core\Src\stm32f4xx_hal_msp.c
2023-11-28 13:16:03,587 [INFO] CodeEngine:255 - oldGeneratedFile, C:\Users\emily\STM32CubeIDE\workspace_1.13.2\Rat\Rat\MXTmpFiles\system.tmp_save
2023-11-28 13:16:03,661 [INFO] CodeEngine:279 - Generated code: C:\Users\emily\STM32CubeIDE\workspace_1.13.2\Rat\Rat\MXTmpFiles\system.tmp
2023-11-28 13:16:03,687 [INFO] CodeEngine:311 - oldGeneratedFile, C:\Users\emily\STM32CubeIDE\workspace_1.13.2\Rat\Rat\Core\Inc\stm32f4xx_hal_conf.h_save
2023-11-28 13:16:03,807 [INFO] CodeEngine:335 - Generated code: C:\Users\emily\STM32CubeIDE\workspace_1.13.2\Rat\Rat\Core\Inc\stm32f4xx_hal_conf.h
2023-11-28 13:16:03,856 [WARN] IPConfigManager:3431 - IP not found : TIM
2023-11-28 13:16:03,857 [WARN] CodeGenerator:3764 - IP not found : null
2023-11-28 13:16:03,877 [INFO] CodeEngine:255 - oldGeneratedFile, C:\Users\emily\STM32CubeIDE\workspace_1.13.2\Rat\Rat\Core\Inc\main.h_save
2023-11-28 13:16:03,994 [INFO] CodeEngine:279 - Generated code: C:\Users\emily\STM32CubeIDE\workspace_1.13.2\Rat\Rat\Core\Inc\main.h
2023-11-28 13:16:04,010 [INFO] CodeEngine:255 - oldGeneratedFile, C:\Users\emily\STM32CubeIDE\workspace_1.13.2\Rat\Rat\Core\Src\main.c_save
2023-11-28 13:16:04,167 [INFO] CodeEngine:279 - Generated code: C:\Users\emily\STM32CubeIDE\workspace_1.13.2\Rat\Rat\Core\Src\main.c
2023-11-28 13:16:04,940 [INFO] ProjectBuilder:3064 - Time for Copy HAL[1] : 236mS.
2023-11-28 13:16:04,944 [INFO] ProjectBuilder:4404 - Project Generator version: 4.1.0
2023-11-28 13:16:05,322 [INFO] ConfigFileManager:1457 - The Die is : DIE431
2023-11-28 13:16:07,766 [INFO] ProjectBuilder:4626 - Time for Generating toolchain IDE Files: 2822mS.
2023-11-28 13:16:07,767 [INFO] ProjectBuilder:2935 - Time for Copy CMSIS : 1mS.
2023-11-28 13:16:07,772 [INFO] ProjectBuilder:2935 - Time for Copy CMSIS : 0mS.
2023-11-28 14:46:00,074 [INFO] MainUpdater:2868 - connection check result : 10
2023-11-28 14:46:00,075 [INFO] MainUpdater:2868 - connection check result : 10
2023-11-28 14:46:00,162 [INFO] MicroXplorer:468 - Change Database Path : 
2023-11-28 14:46:00,162 [INFO] MicroXplorer:498 - Change Database Version : DB.6.0.92
2023-11-28 14:46:00,227 [WARN] ThirdParty:871 - waiting for thirdparty lock release [close project]
2023-11-28 14:46:00,227 [INFO] ThirdParty:873 - entering critical section [close project]
2023-11-28 14:46:00,227 [INFO] ThirdParty:883 - exiting critical section [close project]
2023-11-28 14:46:00,231 [INFO] PinOutPanel:1499 - setPackage(No Configuration,No Configuration)
2023-11-28 14:46:00,252 [WARN] IpParametersView:151 - Warning: This peripheral hasn't parameters
2023-11-28 14:46:00,265 [WARN] MainPanel:272 - <html><b><center>Warning: This peripheral has no parameters to be configured<br></b></html>
2023-11-28 14:46:00,285 [INFO] UtilMem:75 - Begin LoadConfig() Used Memory: 643598072 Bytes (1073741824)
2023-11-28 14:46:00,287 [INFO] MicroXplorer:468 - Change Database Path : 
2023-11-28 14:46:00,287 [INFO] MicroXplorer:498 - Change Database Version : DB.6.0.92
2023-11-28 14:46:00,287 [INFO] OpenFileManager:308 - Change cursor
2023-11-28 14:46:00,315 [INFO] RulesReader:64 - Compatibility file has been processed (293 Rules)
2023-11-28 14:46:00,324 [INFO] Mcu:1946 - Initializing MCU STM32F411R(C-E)Tx STM32F411RETx STM32F411RET6
2023-11-28 14:46:01,493 [INFO] Context:659 - Trying to add GPIOservice into a context  which must be forbidden
2023-11-28 14:46:02,080 [INFO] RtosManager:555 - Registered RTOS mode: class=CMSIS, group=RTOS, mode=CMSIS_V1, owner=FREERTOS
2023-11-28 14:46:02,080 [INFO] RtosManager:555 - Registered RTOS mode: class=CMSIS, group=RTOS2, mode=CMSIS_V2, owner=FREERTOS
2023-11-28 14:46:02,080 [INFO] RtosManager:555 - Registered RTOS mode: class=RTOS, group=Core, mode=CMSIS_V1, owner=FREERTOS
2023-11-28 14:46:02,080 [INFO] RtosManager:555 - Registered RTOS mode: class=RTOS, group=Core, mode=CMSIS_V2, owner=FREERTOS
2023-11-28 14:46:02,080 [WARN] ModelIntegratedComponent:184 - Missing modes for component STMicroelectronics:FreeRTOS:0.0.1:STMicroelectronics:RTOS:FreeRTOS:Core:::10.2.0:
2023-11-28 14:46:02,084 [WARN] ModelIntegratedComponent:182 - Modes not found for component STMicroelectronics:USB_HOST:1.0.0:STMicroelectronics:USB::USB Host:Audio HS::1.0:USB_HOST_1_0_RESTRICTED_HS
2023-11-28 14:46:02,084 [WARN] ModelIntegratedComponent:188 - Modes not found for component STMicroelectronics:USB_HOST:1.0.0:STMicroelectronics:USB::USB Host:Audio HS::1.0:USB_HOST_1_0_RESTRICTED_HS
2023-11-28 14:46:02,084 [WARN] ModelIntegratedComponent:182 - Modes not found for component STMicroelectronics:USB_HOST:1.0.0:STMicroelectronics:USB::USB Host:CDC HS::1.0:USB_HOST_1_0_RESTRICTED_HS
2023-11-28 14:46:02,085 [WARN] ModelIntegratedComponent:188 - Modes not found for component STMicroelectronics:USB_HOST:1.0.0:STMicroelectronics:USB::USB Host:CDC HS::1.0:USB_HOST_1_0_RESTRICTED_HS
2023-11-28 14:46:02,085 [WARN] ModelIntegratedComponent:182 - Modes not found for component STMicroelectronics:USB_HOST:1.0.0:STMicroelectronics:USB::USB Host:MSC HS::1.0:USB_HOST_1_0_RESTRICTED_HS
2023-11-28 14:46:02,085 [WARN] ModelIntegratedComponent:188 - Modes not found for component STMicroelectronics:USB_HOST:1.0.0:STMicroelectronics:USB::USB Host:MSC HS::1.0:USB_HOST_1_0_RESTRICTED_HS
2023-11-28 14:46:02,085 [WARN] ModelIntegratedComponent:182 - Modes not found for component STMicroelectronics:USB_HOST:1.0.0:STMicroelectronics:USB::USB Host:HID HS::1.0:USB_HOST_1_0_RESTRICTED_HS
2023-11-28 14:46:02,085 [WARN] ModelIntegratedComponent:188 - Modes not found for component STMicroelectronics:USB_HOST:1.0.0:STMicroelectronics:USB::USB Host:HID HS::1.0:USB_HOST_1_0_RESTRICTED_HS
2023-11-28 14:46:02,085 [WARN] ModelIntegratedComponent:182 - Modes not found for component STMicroelectronics:USB_HOST:1.0.0:STMicroelectronics:USB::USB Host:MTP HS::1.0:USB_HOST_1_0_RESTRICTED_HS
2023-11-28 14:46:02,085 [WARN] ModelIntegratedComponent:188 - Modes not found for component STMicroelectronics:USB_HOST:1.0.0:STMicroelectronics:USB::USB Host:MTP HS::1.0:USB_HOST_1_0_RESTRICTED_HS
2023-11-28 14:46:02,093 [WARN] ModelIntegratedComponent:63 - No mode defined for component null
2023-11-28 14:46:02,094 [WARN] ModelIntegratedComponent:63 - No mode defined for component null
2023-11-28 14:46:02,094 [WARN] ModelIntegratedComponent:63 - No mode defined for component null
2023-11-28 14:46:02,094 [WARN] ModelIntegratedComponent:63 - No mode defined for component null
2023-11-28 14:46:02,094 [WARN] ModelIntegratedComponent:63 - No mode defined for component null
2023-11-28 14:46:02,094 [WARN] ModelIntegratedComponent:63 - No mode defined for component null
2023-11-28 14:46:02,094 [WARN] ModelIntegratedComponent:63 - No mode defined for component null
2023-11-28 14:46:02,094 [WARN] ModelIntegratedComponent:63 - No mode defined for component null
2023-11-28 14:46:02,094 [WARN] ModelIntegratedComponent:63 - No mode defined for component null
2023-11-28 14:46:02,094 [WARN] ModelIntegratedComponent:63 - No mode defined for component null
2023-11-28 14:46:02,094 [WARN] ModelIntegratedComponent:63 - No mode defined for component null
2023-11-28 14:46:02,094 [WARN] ModelIntegratedComponent:63 - No mode defined for component null
2023-11-28 14:46:02,094 [WARN] ModelIntegratedComponent:63 - No mode defined for component null
2023-11-28 14:46:02,094 [WARN] ModelIntegratedComponent:63 - No mode defined for component null
2023-11-28 14:46:02,094 [WARN] ModelIntegratedComponent:63 - No mode defined for component null
2023-11-28 14:46:02,096 [WARN] ModelIntegratedComponent:63 - No mode defined for component null
2023-11-28 14:46:02,096 [WARN] ModelIntegratedComponent:63 - No mode defined for component null
2023-11-28 14:46:02,096 [WARN] ModelIntegratedComponent:63 - No mode defined for component null
2023-11-28 14:46:02,096 [WARN] ModelIntegratedComponent:63 - No mode defined for component null
2023-11-28 14:46:02,096 [WARN] ModelIntegratedComponent:63 - No mode defined for component null
2023-11-28 14:46:02,096 [WARN] ModelIntegratedComponent:63 - No mode defined for component null
2023-11-28 14:46:02,096 [WARN] ModelIntegratedComponent:63 - No mode defined for component null
2023-11-28 14:46:02,096 [WARN] ModelIntegratedComponent:63 - No mode defined for component null
2023-11-28 14:46:02,096 [WARN] ModelIntegratedComponent:63 - No mode defined for component null
2023-11-28 14:46:02,096 [WARN] ModelIntegratedComponent:63 - No mode defined for component null
2023-11-28 14:46:02,096 [WARN] ModelIntegratedComponent:63 - No mode defined for component null
2023-11-28 14:46:02,096 [WARN] ModelIntegratedComponent:63 - No mode defined for component null
2023-11-28 14:46:02,096 [WARN] ModelIntegratedComponent:63 - No mode defined for component null
2023-11-28 14:46:02,096 [WARN] ModelIntegratedComponent:63 - No mode defined for component null
2023-11-28 14:46:02,096 [WARN] ModelIntegratedComponent:63 - No mode defined for component null
2023-11-28 14:46:02,096 [WARN] ModelIntegratedComponent:63 - No mode defined for component null
2023-11-28 14:46:02,096 [WARN] ModelIntegratedComponent:63 - No mode defined for component null
2023-11-28 14:46:02,097 [WARN] ModelIntegratedComponent:63 - No mode defined for component null
2023-11-28 14:46:02,201 [WARN] ModelIntegratedComponent:182 - Modes not found for component STMicroelectronics:USB_DEVICE:1.0.0:STMicroelectronics:USB::USB Device:Audio HS::1.0:USB_DEVICE_1_0_RESTRICTED_HS
2023-11-28 14:46:02,201 [WARN] ModelIntegratedComponent:188 - Modes not found for component STMicroelectronics:USB_DEVICE:1.0.0:STMicroelectronics:USB::USB Device:Audio HS::1.0:USB_DEVICE_1_0_RESTRICTED_HS
2023-11-28 14:46:02,201 [WARN] ModelIntegratedComponent:182 - Modes not found for component STMicroelectronics:USB_DEVICE:1.0.0:STMicroelectronics:USB::USB Device:CDC HS::1.0:USB_DEVICE_1_0_RESTRICTED_HS
2023-11-28 14:46:02,201 [WARN] ModelIntegratedComponent:188 - Modes not found for component STMicroelectronics:USB_DEVICE:1.0.0:STMicroelectronics:USB::USB Device:CDC HS::1.0:USB_DEVICE_1_0_RESTRICTED_HS
2023-11-28 14:46:02,202 [WARN] ModelIntegratedComponent:182 - Modes not found for component STMicroelectronics:USB_DEVICE:1.0.0:STMicroelectronics:USB::USB Device:DFU HS::1.0:USB_DEVICE_1_0_RESTRICTED_HS
2023-11-28 14:46:02,202 [WARN] ModelIntegratedComponent:188 - Modes not found for component STMicroelectronics:USB_DEVICE:1.0.0:STMicroelectronics:USB::USB Device:DFU HS::1.0:USB_DEVICE_1_0_RESTRICTED_HS
2023-11-28 14:46:02,202 [WARN] ModelIntegratedComponent:182 - Modes not found for component STMicroelectronics:USB_DEVICE:1.0.0:STMicroelectronics:USB::USB Device:HID HS::1.0:USB_DEVICE_1_0_RESTRICTED_HS
2023-11-28 14:46:02,202 [WARN] ModelIntegratedComponent:188 - Modes not found for component STMicroelectronics:USB_DEVICE:1.0.0:STMicroelectronics:USB::USB Device:HID HS::1.0:USB_DEVICE_1_0_RESTRICTED_HS
2023-11-28 14:46:02,202 [WARN] ModelIntegratedComponent:182 - Modes not found for component STMicroelectronics:USB_DEVICE:1.0.0:STMicroelectronics:USB::USB Device:Custom HID HS::1.0:USB_DEVICE_1_0_RESTRICTED_HS
2023-11-28 14:46:02,202 [WARN] ModelIntegratedComponent:188 - Modes not found for component STMicroelectronics:USB_DEVICE:1.0.0:STMicroelectronics:USB::USB Device:Custom HID HS::1.0:USB_DEVICE_1_0_RESTRICTED_HS
2023-11-28 14:46:02,202 [WARN] ModelIntegratedComponent:182 - Modes not found for component STMicroelectronics:USB_DEVICE:1.0.0:STMicroelectronics:USB::USB Device:MSC HS::1.0:USB_DEVICE_1_0_RESTRICTED_HS
2023-11-28 14:46:02,202 [WARN] ModelIntegratedComponent:188 - Modes not found for component STMicroelectronics:USB_DEVICE:1.0.0:STMicroelectronics:USB::USB Device:MSC HS::1.0:USB_DEVICE_1_0_RESTRICTED_HS
2023-11-28 14:46:02,221 [INFO] ThirdPartyModel:298 - Start build external matchings
2023-11-28 14:46:03,233 [INFO] ThirdPartyModel:316 - End build external matchings
2023-11-28 14:46:03,254 [INFO] ImportTextPane:194 - (OptionalMessage_ERROR) IP (DMA) : Parameter (Instance) has Id (ADC1) currently not set
2023-11-28 14:46:03,254 [INFO] ImportTextPane:194 - (OptionalMessage_ERROR) IP (DMA) : Parameter (Channel) has Id (ADC1) currently not set
2023-11-28 14:46:03,254 [INFO] ImportTextPane:194 - (OptionalMessage_ERROR) IP (DMA) : Parameter (Direction) has Id (ADC1) currently not set
2023-11-28 14:46:03,254 [INFO] ImportTextPane:194 - (OptionalMessage_ERROR) IP (DMA) : Parameter (PeriphInc) has Id (ADC1) currently not set
2023-11-28 14:46:03,254 [INFO] ImportTextPane:194 - (OptionalMessage_ERROR) IP (DMA) : Parameter (MemInc) has Id (ADC1) currently not set
2023-11-28 14:46:03,254 [INFO] ImportTextPane:194 - (OptionalMessage_ERROR) IP (DMA) : Parameter (PeriphDataAlignment) has Id (ADC1) currently not set
2023-11-28 14:46:03,254 [INFO] ImportTextPane:194 - (OptionalMessage_ERROR) IP (DMA) : Parameter (MemDataAlignment) has Id (ADC1) currently not set
2023-11-28 14:46:03,254 [INFO] ImportTextPane:194 - (OptionalMessage_ERROR) IP (DMA) : Parameter (Mode) has Id (ADC1) currently not set
2023-11-28 14:46:03,255 [INFO] ImportTextPane:194 - (OptionalMessage_ERROR) IP (DMA) : Parameter (Priority) has Id (ADC1) currently not set
2023-11-28 14:46:03,255 [INFO] ImportTextPane:194 - (OptionalMessage_ERROR) IP (DMA) : Parameter (FIFOMode) has Id (ADC1) currently not set
2023-11-28 14:46:03,255 [INFO] ImportTextPane:194 - (OptionalMessage_ERROR) IP (RCC) : Parameter (48MHZClocksFreq_Value) has invalid value (84000000)
2023-11-28 14:46:03,256 [INFO] ImportTextPane:194 - (OptionalMessage_ERROR) IP (RCC) : Parameter (FLatency) has Id (AdvancedSettings) currently not set
2023-11-28 14:46:03,256 [INFO] ImportTextPane:194 - (OptionalMessage_ERROR) IP (RCC) : Parameter (RTCHSEDivFreq_Value) has invalid value (4000000)
2023-11-28 14:46:03,494 [INFO] UtilMem:75 - End LoadConfig() Used Memory: 928036584 Bytes (1073741824)
2023-11-28 14:46:03,546 [WARN] ThirdParty:833 - waiting for thirdparty lock release [change project]
2023-11-28 14:46:03,548 [INFO] ThirdParty:835 - entering critical section [change project]
2023-11-28 14:46:03,548 [INFO] ThirdParty:1030 - CMSIS Pack Vendor :STMicroelectronics X-CUBE-ISPU 1.1.0
2023-11-28 14:46:03,548 [INFO] ThirdParty:1030 - CMSIS Pack Vendor :STMicroelectronics USBPD 4.1
2023-11-28 14:46:03,548 [INFO] ThirdParty:1030 - CMSIS Pack Vendor :STMicroelectronics X-CUBE-GNSS1 6.0.0
2023-11-28 14:46:03,548 [INFO] ThirdParty:1030 - CMSIS Pack Vendor :STMicroelectronics USB_HOST 2.0.0
2023-11-28 14:46:03,548 [INFO] ThirdParty:1030 - CMSIS Pack Vendor :STMicroelectronics X-CUBE-AZRTOS-F4 1.1.0
2023-11-28 14:46:03,548 [INFO] ThirdParty:1030 - CMSIS Pack Vendor :STMicroelectronics LIBJPEG 8.0.0
2023-11-28 14:46:03,548 [INFO] ThirdParty:1030 - CMSIS Pack Vendor :wolfSSL I-CUBE-wolfSSL 5.6.3
2023-11-28 14:46:03,549 [INFO] ThirdParty:1030 - CMSIS Pack Vendor :STMicroelectronics X-CUBE-SMBUS 2.1.0
2023-11-28 14:46:03,549 [INFO] ThirdParty:1030 - CMSIS Pack Vendor :STMicroelectronics USB_DEVICE 3.0.0
2023-11-28 14:46:03,549 [INFO] ThirdParty:1030 - CMSIS Pack Vendor :STMicroelectronics X-CUBE-AZRTOS-WB 2.0.0
2023-11-28 14:46:03,549 [INFO] ThirdParty:1030 - CMSIS Pack Vendor :STMicroelectronics X-CUBE-AZRTOS-F7 1.1.0
2023-11-28 14:46:03,549 [INFO] ThirdParty:1030 - CMSIS Pack Vendor :STMicroelectronics X-CUBE-AZRTOS-L5 2.0.0
2023-11-28 14:46:03,549 [INFO] ThirdParty:1030 - CMSIS Pack Vendor :STMicroelectronics USB_DEVICE 2.0.0
2023-11-28 14:46:03,549 [INFO] ThirdParty:1030 - CMSIS Pack Vendor :STMicroelectronics X-CUBE-MEMS1 9.6.0
2023-11-28 14:46:03,549 [INFO] ThirdParty:1030 - CMSIS Pack Vendor :STMicroelectronics X-CUBE-EEPRMA1 4.2.0
2023-11-28 14:46:03,549 [INFO] ThirdParty:1030 - CMSIS Pack Vendor :ITTIA_DB I-CUBE-ITTIADB 8.8.0
2023-11-28 14:46:03,549 [INFO] ThirdParty:1030 - CMSIS Pack Vendor :STMicroelectronics FP-SNS-MOTENV1 4.3.2
2023-11-28 14:46:03,549 [INFO] ThirdParty:1030 - CMSIS Pack Vendor :STMicroelectronics X-CUBE-ALGOBUILD 1.3.0
2023-11-28 14:46:03,549 [INFO] ThirdParty:1030 - CMSIS Pack Vendor :STMicroelectronics FreeRTOS 0.0.1
2023-11-28 14:46:03,549 [INFO] ThirdParty:1030 - CMSIS Pack Vendor :STMicroelectronics X-CUBE-AZRTOS-G0 1.1.0
2023-11-28 14:46:03,550 [INFO] ThirdParty:1030 - CMSIS Pack Vendor :STMicroelectronics X-CUBE-BLEMGR 2.0.0
2023-11-28 14:46:03,550 [INFO] ThirdParty:1030 - CMSIS Pack Vendor :STMicroelectronics X-CUBE-NFC4 3.0.0
2023-11-28 14:46:03,550 [INFO] ThirdParty:1030 - CMSIS Pack Vendor :STMicroelectronics X-CUBE-SUBG2 5.0.0
2023-11-28 14:46:03,550 [INFO] ThirdParty:1030 - CMSIS Pack Vendor :STMicroelectronics STM32_WPAN 1.0.0
2023-11-28 14:46:03,550 [INFO] ThirdParty:1030 - CMSIS Pack Vendor :STMicroelectronics lwIP 2.0.3
2023-11-28 14:46:03,550 [INFO] ThirdParty:1030 - CMSIS Pack Vendor :STMicroelectronics FP-SNS-FLIGHT1 5.0.2
2023-11-28 14:46:03,550 [INFO] ThirdParty:1030 - CMSIS Pack Vendor :STMicroelectronics USB_HOST 1.0.0
2023-11-28 14:46:03,550 [INFO] ThirdParty:1030 - CMSIS Pack Vendor :STMicroelectronics X-CUBE-TOF1 3.3.1
2023-11-28 14:46:03,550 [INFO] ThirdParty:1030 - CMSIS Pack Vendor :STMicroelectronics X-CUBE-AZRTOS-G4 2.0.0
2023-11-28 14:46:03,550 [INFO] ThirdParty:1030 - CMSIS Pack Vendor :STMicroelectronics PDM2PCM 3.1.0
2023-11-28 14:46:03,550 [INFO] ThirdParty:1030 - CMSIS Pack Vendor :STMicroelectronics X-CUBE-AZRTOS-H7 3.1.0
2023-11-28 14:46:03,550 [INFO] ThirdParty:1030 - CMSIS Pack Vendor :Infineon AIROC-Wi-Fi-Bluetooth-STM32 1.5.1
2023-11-28 14:46:03,550 [INFO] ThirdParty:1030 - CMSIS Pack Vendor :STMicroelectronics X-CUBE-BLEMGR 3.0.0
2023-11-28 14:46:03,550 [INFO] ThirdParty:1030 - CMSIS Pack Vendor :STMicroelectronics PDM2PCM 3.3.0
2023-11-28 14:46:03,550 [INFO] ThirdParty:1030 - CMSIS Pack Vendor :STMicroelectronics X-CUBE-DISPLAY 3.0.0
2023-11-28 14:46:03,550 [INFO] ThirdParty:1030 - CMSIS Pack Vendor :STMicroelectronics FP-SNS-MOTENVWB1 1.3.0
2023-11-28 14:46:03,550 [INFO] ThirdParty:1030 - CMSIS Pack Vendor :STMicroelectronics X-CUBE-BLE1 7.0.0
2023-11-28 14:46:03,550 [INFO] ThirdParty:1030 - CMSIS Pack Vendor :STMicroelectronics FP-ATR-SIGFOX1 3.2.0
2023-11-28 14:46:03,550 [INFO] ThirdParty:1030 - CMSIS Pack Vendor :STMicroelectronics HAL Drivers 0.0.0
2023-11-28 14:46:03,550 [INFO] ThirdParty:1030 - CMSIS Pack Vendor :STMicroelectronics MBEDTLS 2.16.2
2023-11-28 14:46:03,551 [INFO] ThirdParty:1030 - CMSIS Pack Vendor :emotas I-CUBE-CANOPEN 1.3.0
2023-11-28 14:46:03,551 [INFO] ThirdParty:1030 - CMSIS Pack Vendor :STMicroelectronics X-CUBE-MEMS1 10.0.0
2023-11-28 14:46:03,551 [INFO] ThirdParty:1030 - CMSIS Pack Vendor :STMicroelectronics X-CUBE-FREERTOS 1.1.0
2023-11-28 14:46:03,551 [INFO] ThirdParty:1030 - CMSIS Pack Vendor :STMicroelectronics X-CUBE-TOUCHGFX 4.22.0
2023-11-28 14:46:03,551 [INFO] ThirdParty:1030 - CMSIS Pack Vendor :STMicroelectronics X-CUBE-NFC7 1.0.1
2023-11-28 14:46:03,551 [INFO] ThirdParty:1030 - CMSIS Pack Vendor :STMicroelectronics MBEDTLS 2.14.1
2023-11-28 14:46:03,551 [INFO] ThirdParty:1030 - CMSIS Pack Vendor :STMicroelectronics X-CUBE-TOUCHGFX 4.22.1
2023-11-28 14:46:03,551 [INFO] ThirdParty:1030 - CMSIS Pack Vendor :STMicroelectronics X-CUBE-NFC6 3.0.0
2023-11-28 14:46:03,551 [INFO] ThirdParty:1030 - CMSIS Pack Vendor :STMicroelectronics X-CUBE-EEPRMA1 4.1.0
2023-11-28 14:46:03,551 [INFO] ThirdParty:1030 - CMSIS Pack Vendor :portGmbH I-Cube-SoM-uGOAL 1.1.0
2023-11-28 14:46:03,551 [INFO] ThirdParty:1030 - CMSIS Pack Vendor :STMicroelectronics X-CUBE-ALS 1.0.1
2023-11-28 14:46:03,551 [INFO] ThirdParty:1030 - CMSIS Pack Vendor :STMicroelectronics ThreadX 1.0.0
2023-11-28 14:46:03,551 [INFO] ThirdParty:1030 - CMSIS Pack Vendor :STMicroelectronics FP-SNS-SMARTAG2 1.2.0
2023-11-28 14:46:03,552 [INFO] ThirdParty:1030 - CMSIS Pack Vendor :STMicroelectronics X-CUBE-AZRTOS-WL 2.0.0
2023-11-28 14:46:03,552 [INFO] ThirdParty:1030 - CMSIS Pack Vendor :SEGGER I-CUBE-embOS 1.3.1
2023-11-28 14:46:03,552 [INFO] ThirdParty:1030 - CMSIS Pack Vendor :STMicroelectronics USB_DEVICE 1.0.0
2023-11-28 14:46:03,552 [INFO] ThirdParty:1030 - CMSIS Pack Vendor :STMicroelectronics X-CUBE-AI 8.1.0
2023-11-28 14:46:03,552 [INFO] ThirdParty:1030 - CMSIS Pack Vendor :STMicroelectronics X-CUBE-AZRTOS-L4 2.0.0
2023-11-28 14:46:03,552 [INFO] ThirdParty:1030 - CMSIS Pack Vendor :STMicroelectronics ThreadX 0.0.2
2023-11-28 14:46:03,552 [INFO] ThirdParty:1030 - CMSIS Pack Vendor :WES I-CUBE-Cesium 1.3.0
2023-11-28 14:46:03,552 [INFO] ThirdParty:1030 - CMSIS Pack Vendor :STMicroelectronics FP-ATR-ASTRA1 2.0.0
2023-11-28 14:46:03,552 [INFO] ThirdParty:1030 - CMSIS Pack Vendor :STMicroelectronics lwIP 2.1.2
2023-11-28 14:46:03,553 [INFO] ThirdParty:1030 - CMSIS Pack Vendor :STMicroelectronics X-CUBE-SFXS2LP1 4.0.0
2023-11-28 14:46:03,553 [INFO] ThirdParty:1030 - CMSIS Pack Vendor :STMicroelectronics X-CUBE-BLE2 3.3.0
2023-11-28 14:46:03,553 [INFO] ThirdParty:1030 - CMSIS Pack Vendor :STMicroelectronics X-CUBE-TOF1 3.4.0
2023-11-28 14:46:03,553 [INFO] ThirdParty:1030 - CMSIS Pack Vendor :STMicroelectronics PDM2PCM 3.2.0
2023-11-28 14:46:03,553 [INFO] ThirdParty:841 - exiting critical section [change project]
2023-11-28 14:46:03,790 [INFO] PinOutPanel:1499 - setPackage(No Configuration,No Configuration)
2023-11-28 14:46:03,791 [INFO] PinOutPanel:1499 - setPackage(STM32F411RETx,LQFP64)
2023-11-28 14:46:04,136 [INFO] UtilMem:75 - Before build in PCC Used Memory: 742069880 Bytes (1073741824)
2023-11-28 14:46:04,492 [INFO] UtilMem:75 - After build in PCC Used Memory: 784859624 Bytes (1073741824)
2023-11-28 14:46:04,520 [INFO] IPUIPlugin:80 - create IPUIPlugin
2023-11-28 14:46:04,520 [INFO] IPUIPlugin:80 - create IPUIPlugin
2023-11-28 14:46:04,520 [INFO] IPUIPlugin:80 - create IPUIPlugin
2023-11-28 14:46:04,520 [INFO] IPUIPlugin:80 - create IPUIPlugin
2023-11-28 14:46:04,520 [INFO] IPUIPlugin:80 - create IPUIPlugin
2023-11-28 14:46:04,521 [INFO] IPUIPlugin:80 - create IPUIPlugin
2023-11-28 14:46:04,521 [INFO] IPUIPlugin:80 - create IPUIPlugin
2023-11-28 14:46:04,521 [INFO] IPUIPlugin:80 - create IPUIPlugin
2023-11-28 14:46:04,521 [INFO] IPUIPlugin:80 - create IPUIPlugin
2023-11-28 14:46:04,521 [INFO] IPUIPlugin:80 - create IPUIPlugin
2023-11-28 14:46:04,522 [INFO] IPUIPlugin:80 - create IPUIPlugin
2023-11-28 14:46:04,522 [INFO] IPUIPlugin:80 - create IPUIPlugin
2023-11-28 14:46:04,522 [INFO] IPUIPlugin:80 - create IPUIPlugin
2023-11-28 14:46:04,522 [INFO] IPUIPlugin:80 - create IPUIPlugin
2023-11-28 14:46:04,523 [INFO] IPUIPlugin:80 - create IPUIPlugin
2023-11-28 14:46:04,523 [INFO] IPUIPlugin:80 - create IPUIPlugin
2023-11-28 14:46:04,523 [INFO] IPUIPlugin:80 - create IPUIPlugin
2023-11-28 14:46:04,524 [INFO] IPUIPlugin:80 - create IPUIPlugin
2023-11-28 14:46:04,524 [INFO] IPUIPlugin:80 - create IPUIPlugin
2023-11-28 14:46:04,524 [INFO] IPUIPlugin:80 - create IPUIPlugin
2023-11-28 14:46:04,525 [INFO] IPUIPlugin:80 - create IPUIPlugin
2023-11-28 14:46:04,525 [INFO] IPUIPlugin:80 - create IPUIPlugin
2023-11-28 14:46:04,526 [INFO] IPUIPlugin:80 - create IPUIPlugin
2023-11-28 14:46:04,526 [INFO] IPUIPlugin:80 - create IPUIPlugin
2023-11-28 14:46:04,526 [INFO] IPUIPlugin:80 - create IPUIPlugin
2023-11-28 14:46:04,526 [INFO] IPUIPlugin:80 - create IPUIPlugin
2023-11-28 14:46:04,527 [INFO] IPUIPlugin:80 - create IPUIPlugin
2023-11-28 14:46:04,527 [INFO] IPUIPlugin:80 - create IPUIPlugin
2023-11-28 14:46:04,527 [INFO] IPUIPlugin:80 - create IPUIPlugin
2023-11-28 14:46:04,527 [INFO] IPUIPlugin:80 - create IPUIPlugin
2023-11-28 14:46:04,528 [INFO] IPUIPlugin:80 - create IPUIPlugin
2023-11-28 14:46:04,528 [INFO] IPUIPlugin:80 - create IPUIPlugin
2023-11-28 14:46:04,528 [INFO] IPUIPlugin:80 - create IPUIPlugin
2023-11-28 14:46:04,528 [INFO] IPUIPlugin:80 - create IPUIPlugin
2023-11-28 14:46:04,529 [INFO] IPUIPlugin:80 - create IPUIPlugin
2023-11-28 14:46:04,529 [INFO] IPUIPlugin:80 - create IPUIPlugin
2023-11-28 14:46:04,529 [INFO] IPUIPlugin:80 - create IPUIPlugin
2023-11-28 14:46:04,529 [INFO] IPUIPlugin:80 - create IPUIPlugin
2023-11-28 14:46:04,530 [INFO] IPUIPlugin:80 - create IPUIPlugin
2023-11-28 14:46:04,530 [INFO] IPUIPlugin:80 - create IPUIPlugin
2023-11-28 14:46:04,531 [INFO] IPUIPlugin:80 - create IPUIPlugin
2023-11-28 14:46:04,531 [INFO] IPUIPlugin:80 - create IPUIPlugin
2023-11-28 14:46:04,531 [INFO] IPUIPlugin:80 - create IPUIPlugin
2023-11-28 14:46:04,537 [INFO] ApiDbMcu:507 - Load IP Config File for PDM2PCM
2023-11-28 14:46:04,592 [INFO] CADModel:165 - CPN selected for project levelSTM32F411RET6
2023-11-28 14:46:04,592 [INFO] CADModel:114 - Register for checkConnection events
2023-11-28 14:46:04,660 [INFO] OpenFileManager:328 - Restore cursor
2023-11-28 14:47:26,126 [INFO] ADCParametersView:116 -                Rank 1 : false
2023-11-28 14:47:26,189 [INFO] ADCParametersView:116 -                Rank 1 : false
2023-11-28 14:47:26,190 [INFO] ADCParametersView:116 -                Rank 1 : false
2023-11-28 14:47:26,190 [INFO] ADCParametersView:116 -                Rank 1 : false
2023-11-28 14:47:26,190 [INFO] ADCParametersView:116 -                Rank 1 : false
2023-11-28 14:47:26,190 [INFO] ADCParametersView:116 -                Rank 1 : false
2023-11-28 14:47:26,190 [INFO] ADCParametersView:116 -                Rank 1 : false
2023-11-28 14:47:26,191 [INFO] ADCParametersView:116 -                Rank 1 : false
2023-11-28 14:47:26,191 [INFO] ADCParametersView:116 -                Rank 1 : false
2023-11-28 14:47:26,191 [INFO] ADCParametersView:116 -                Rank 1 : false
2023-11-28 14:47:26,191 [INFO] ADCParametersView:116 -                Rank 1 : false
2023-11-28 14:47:26,191 [INFO] ADCParametersView:116 -                Rank 1 : false
2023-11-28 14:47:26,191 [INFO] ADCParametersView:116 -                Rank 1 : false
2023-11-28 14:47:26,191 [INFO] ADCParametersView:116 -                Rank 1 : false
2023-11-28 14:47:26,192 [INFO] ADCParametersView:116 -                Rank 1 : false
2023-11-28 14:47:26,225 [INFO] ADCParametersView:116 -                Rank 1 : false
