2023-11-16 14:28:43,103 [INFO] Activator:176 - 


2023-11-16 14:28:43,105 [INFO] Activator:177 - !SESSION log4j initialized
2023-11-16 14:28:55,185 [INFO] LogOutputStream:77 - [STDOUT_REDIRECT] 
2023-11-16 14:29:01,897 [INFO] ApplicationProperties:184 - Using Application install path: C:\ST\STM32CubeIDE_1.13.2\STM32CubeIDE\plugins\com.st.stm32cube.common.mx_6.9.2.202309101412
2023-11-16 14:29:01,976 [INFO] DbMcusXml:78 - Set database path to: C:\ST\STM32CubeIDE_1.13.2\STM32CubeIDE\plugins\com.st.stm32cube.common.mx_6.9.2.202309101412\\db\/mcu/
2023-11-16 14:29:01,976 [INFO] ApiDb:274 - Set plugin database path to: C:\ST\STM32CubeIDE_1.13.2\STM32CubeIDE\plugins\com.st.stm32cube.common.mx_6.9.2.202309101412\\db\/plugins/boardmanager/
2023-11-16 14:29:01,977 [WARN] ApiDb:259 - Overriding images path with different value:  => C:\ST\STM32CubeIDE_1.13.2\STM32CubeIDE\plugins\com.st.stm32cube.common.mx_6.9.2.202309101412\\db\/plugins/mcufinder/images/
2023-11-16 14:29:02,000 [INFO] ApiDb:250 - Set database path to: C:\Users\emily\.stmcufinder\plugins\mcufinder//mcu/
2023-11-16 14:29:02,002 [INFO] DbMcusAds:125 - Set database path to: C:\Users\emily\.stmcufinder\plugins\mcufinder//mcu/
2023-11-16 14:29:02,007 [INFO] CrossReferenceDbSqlite:203 - Set database path to: C:\Users\emily\.stmcufinder\plugins\mcufinder//mcu/cs/
2023-11-16 14:29:02,307 [INFO] RulesReader:64 - Compatibility file has been processed (293 Rules)
2023-11-16 14:29:02,447 [INFO] DbMcusXml:78 - Set database path to: C:\ST\STM32CubeIDE_1.13.2\STM32CubeIDE\plugins\com.st.stm32cube.common.mx_6.9.2.202309101412\\db\/mcu/
2023-11-16 14:29:02,447 [INFO] ApiDb:274 - Set plugin database path to: C:\ST\STM32CubeIDE_1.13.2\STM32CubeIDE\plugins\com.st.stm32cube.common.mx_6.9.2.202309101412\\db\/plugins/boardmanager/
2023-11-16 14:29:02,448 [INFO] ApiDb:261 - Set plugin images path to: C:\ST\STM32CubeIDE_1.13.2\STM32CubeIDE\plugins\com.st.stm32cube.common.mx_6.9.2.202309101412\\db\/plugins/mcufinder/images/
2023-11-16 14:29:02,448 [WARN] DbFile:41 - Overriding database path with different value: C:\Users\emily\.stmcufinder\plugins\mcufinder/ => C:\Users\emily\.stmcufinder\plugins\mcufinder
2023-11-16 14:29:02,448 [INFO] ApiDb:250 - Set database path to: C:\Users\emily\.stmcufinder\plugins\mcufinder//mcu/
2023-11-16 14:29:02,448 [WARN] DbFile:41 - Overriding database path with different value: C:\Users\emily\.stmcufinder\plugins\mcufinder/ => C:\Users\emily\.stmcufinder\plugins\mcufinder
2023-11-16 14:29:02,449 [INFO] DbMcusAds:125 - Set database path to: C:\Users\emily\.stmcufinder\plugins\mcufinder//mcu/
2023-11-16 14:29:02,449 [WARN] DbFile:41 - Overriding database path with different value: C:\Users\emily\.stmcufinder\plugins\mcufinder/ => C:\Users\emily\.stmcufinder\plugins\mcufinder
2023-11-16 14:29:02,450 [WARN] DbFile:41 - Overriding database path with different value: C:\Users\emily\.stmcufinder\plugins\mcufinder/ => C:\Users\emily\.stmcufinder\plugins\mcufinder
2023-11-16 14:29:02,450 [INFO] CrossReferenceDbSqlite:203 - Set database path to: C:\Users\emily\.stmcufinder\plugins\mcufinder//mcu/cs/
2023-11-16 14:29:02,613 [INFO] MainPanel:262 - HeapMemory: 268435456
2023-11-16 14:29:02,851 [INFO] DbMcusXml:78 - Set database path to: C:\ST\STM32CubeIDE_1.13.2\STM32CubeIDE\plugins\com.st.stm32cube.common.mx_6.9.2.202309101412\\db\/mcu/
2023-11-16 14:29:02,852 [INFO] ApiDb:274 - Set plugin database path to: C:\ST\STM32CubeIDE_1.13.2\STM32CubeIDE\plugins\com.st.stm32cube.common.mx_6.9.2.202309101412\\db\/plugins/boardmanager/
2023-11-16 14:29:02,852 [INFO] ApiDb:261 - Set plugin images path to: C:\ST\STM32CubeIDE_1.13.2\STM32CubeIDE\plugins\com.st.stm32cube.common.mx_6.9.2.202309101412\\db\/plugins/mcufinder/images/
2023-11-16 14:29:02,854 [WARN] DbFile:41 - Overriding database path with different value: C:\Users\emily\.stmcufinder\plugins\mcufinder/ => C:\Users\emily\.stmcufinder\plugins\mcufinder
2023-11-16 14:29:02,854 [INFO] ApiDb:250 - Set database path to: C:\Users\emily\.stmcufinder\plugins\mcufinder//mcu/
2023-11-16 14:29:02,854 [WARN] DbFile:41 - Overriding database path with different value: C:\Users\emily\.stmcufinder\plugins\mcufinder/ => C:\Users\emily\.stmcufinder\plugins\mcufinder
2023-11-16 14:29:02,855 [INFO] DbMcusAds:125 - Set database path to: C:\Users\emily\.stmcufinder\plugins\mcufinder//mcu/
2023-11-16 14:29:02,855 [WARN] DbFile:41 - Overriding database path with different value: C:\Users\emily\.stmcufinder\plugins\mcufinder/ => C:\Users\emily\.stmcufinder\plugins\mcufinder
2023-11-16 14:29:02,855 [WARN] DbFile:41 - Overriding database path with different value: C:\Users\emily\.stmcufinder\plugins\mcufinder/ => C:\Users\emily\.stmcufinder\plugins\mcufinder
2023-11-16 14:29:02,855 [INFO] CrossReferenceDbSqlite:203 - Set database path to: C:\Users\emily\.stmcufinder\plugins\mcufinder//mcu/cs/
2023-11-16 14:29:02,905 [INFO] ApplicationProperties:184 - Using Application install path: C:\ST\STM32CubeIDE_1.13.2\STM32CubeIDE\plugins\com.st.stm32cube.common.mx_6.9.2.202309101412
2023-11-16 14:29:02,909 [INFO] PluginManage:196 - Search for loadable plugins [exclusion list=, ]
2023-11-16 14:29:02,913 [INFO] PluginManage:310 - Check plugin analytics
2023-11-16 14:29:03,341 [INFO] AnalyticsPlugin:253 - Accepted Software Licenses: 
2023-11-16 14:29:03,342 [INFO] AnalyticsPlugin:255 - Accepted CMSIS Pack Licenses: 
2023-11-16 14:29:03,342 [INFO] AnalyticsPlugin:257 - Accepted Firmware Licenses: FW.F4.1.27.0
2023-11-16 14:29:03,347 [INFO] PluginManage:359 - Loaded plugin analytics (category:tool,tabindex:-1)
2023-11-16 14:29:03,348 [INFO] PluginManage:310 - Check plugin cadmodel
2023-11-16 14:29:03,375 [INFO] CADModel:105 - Init CAD model plugin
2023-11-16 14:29:03,375 [INFO] PluginManage:359 - Loaded plugin cadmodel (category:power,tabindex:5)
2023-11-16 14:29:03,375 [INFO] PluginManage:310 - Check plugin clock
2023-11-16 14:29:03,405 [INFO] PluginManage:359 - Loaded plugin clock (category:base,tabindex:2)
2023-11-16 14:29:03,406 [INFO] PluginManage:310 - Check plugin ddr
2023-11-16 14:29:03,413 [INFO] PluginManage:359 - Loaded plugin ddr (category:tool,tabindex:6)
2023-11-16 14:29:03,413 [INFO] PluginManage:310 - Check plugin filemanager
2023-11-16 14:29:03,927 [INFO] PluginManage:359 - Loaded plugin filemanager (category:base,tabindex:10)
2023-11-16 14:29:03,928 [INFO] PluginManage:310 - Check plugin ipmanager
2023-11-16 14:29:03,954 [INFO] PluginManage:359 - Loaded plugin ipmanager (category:base,tabindex:5)
2023-11-16 14:29:03,954 [INFO] PluginManage:310 - Check plugin lpbam
2023-11-16 14:29:04,016 [INFO] PluginManage:359 - Loaded plugin lpbam (category:base,tabindex:0)
2023-11-16 14:29:04,016 [INFO] PluginManage:310 - Check plugin memorymap
2023-11-16 14:29:04,102 [INFO] PluginManage:359 - Loaded plugin memorymap (category:base,tabindex:4)
2023-11-16 14:29:04,102 [INFO] PluginManage:310 - Check plugin pinoutandconfiguration
2023-11-16 14:29:04,163 [INFO] PluginManage:359 - Loaded plugin pinoutandconfiguration (category:base,tabindex:1)
2023-11-16 14:29:04,164 [INFO] PluginManage:310 - Check plugin pinoutconfig
2023-11-16 14:29:04,399 [WARN] SupportedApi:132 - Cannot load RTOS API schema: s4s-elt-must-match.1: The content of 'definitions' must match (annotation?, (simpleType | complexType)?, (unique | key | keyref)*)). A problem was found starting at: attribute.
2023-11-16 14:29:04,677 [INFO] PluginManage:359 - Loaded plugin pinoutconfig (category:base,tabindex:0)
2023-11-16 14:29:04,677 [INFO] PluginManage:310 - Check plugin power
2023-11-16 14:29:04,726 [INFO] PluginManage:359 - Loaded plugin power (category:power,tabindex:4)
2023-11-16 14:29:04,726 [INFO] PluginManage:310 - Check plugin projectmanager
2023-11-16 14:29:04,756 [INFO] PluginManage:359 - Loaded plugin projectmanager (category:projectmanager,tabindex:3)
2023-11-16 14:29:04,757 [INFO] PluginManage:310 - Check plugin thirdparty
2023-11-16 14:29:05,201 [WARN] IntegrityCheckThread:84 - waiting for thirdparty lock release [integrity check]
2023-11-16 14:29:05,201 [INFO] IntegrityCheckThread:86 - entering critical section [integrity check]
2023-11-16 14:29:05,201 [INFO] PluginManage:359 - Loaded plugin thirdparty (category:base,tabindex:-1)
2023-11-16 14:29:05,202 [INFO] PluginManage:310 - Check plugin tools
2023-11-16 14:29:05,202 [INFO] ThirdPartyUpdaterWithRetryManager:70 - Updater plugin not ready yet. [1/15]
2023-11-16 14:29:05,278 [INFO] PluginManage:359 - Loaded plugin tools (category:base,tabindex:7)
2023-11-16 14:29:05,278 [INFO] PluginManage:310 - Check plugin tutovideos
2023-11-16 14:29:05,925 [INFO] PluginManage:359 - Loaded plugin tutovideos (category:base,tabindex:-1)
2023-11-16 14:29:05,926 [INFO] PluginManage:310 - Check plugin updater
2023-11-16 14:29:05,969 [INFO] PluginManage:359 - Loaded plugin updater (category:base,tabindex:12)
2023-11-16 14:29:05,970 [INFO] PluginManage:310 - Check plugin userauth
2023-11-16 14:29:05,990 [INFO] UserAuth:113 - Init User Auth plugin
2023-11-16 14:29:05,990 [INFO] PluginManage:359 - Loaded plugin userauth (category:base,tabindex:14)
2023-11-16 14:29:05,992 [INFO] PluginManage:283 - PluginManage : Loaded plugins [17]
2023-11-16 14:29:06,559 [INFO] PinOutPanel:1499 - setPackage(No Configuration,No Configuration)
2023-11-16 14:29:06,740 [INFO] CADModel:165 - CPN selected for project level
2023-11-16 14:29:06,741 [INFO] CADModel:114 - Register for checkConnection events
2023-11-16 14:29:06,787 [INFO] IPUIPlugin:80 - create IPUIPlugin
2023-11-16 14:29:06,787 [INFO] PluginManager:220 - loadIPPluginJar : add adc
2023-11-16 14:29:06,841 [INFO] IPUIPlugin:80 - create IPUIPlugin
2023-11-16 14:29:06,841 [INFO] PluginManager:220 - loadIPPluginJar : add aes
2023-11-16 14:29:06,900 [INFO] IPUIPlugin:80 - create IPUIPlugin
2023-11-16 14:29:06,900 [INFO] PluginManager:220 - loadIPPluginJar : add can
2023-11-16 14:29:06,946 [INFO] IPUIPlugin:80 - create IPUIPlugin
2023-11-16 14:29:06,946 [INFO] PluginManager:220 - loadIPPluginJar : add comp
2023-11-16 14:29:07,016 [INFO] IPUIPlugin:80 - create IPUIPlugin
2023-11-16 14:29:07,016 [INFO] PluginManager:220 - loadIPPluginJar : add cryp
2023-11-16 14:29:07,090 [INFO] IPUIPlugin:80 - create IPUIPlugin
2023-11-16 14:29:07,090 [INFO] PluginManager:220 - loadIPPluginJar : add dfsdm
2023-11-16 14:29:07,119 [INFO] IPUIPlugin:80 - create IPUIPlugin
2023-11-16 14:29:07,120 [INFO] PluginManager:220 - loadIPPluginJar : add dma
2023-11-16 14:29:07,209 [INFO] IPUIPlugin:80 - create IPUIPlugin
2023-11-16 14:29:07,210 [INFO] PluginManager:220 - loadIPPluginJar : add dma3
2023-11-16 14:29:07,252 [INFO] IPUIPlugin:80 - create IPUIPlugin
2023-11-16 14:29:07,253 [INFO] PluginManager:220 - loadIPPluginJar : add fatfs
2023-11-16 14:29:07,358 [INFO] IPUIPlugin:80 - create IPUIPlugin
2023-11-16 14:29:07,358 [INFO] PluginManager:220 - loadIPPluginJar : add fmc
2023-11-16 14:29:07,392 [INFO] IPUIPlugin:80 - create IPUIPlugin
2023-11-16 14:29:07,392 [INFO] PluginManager:220 - loadIPPluginJar : add freertos
2023-11-16 14:29:07,434 [INFO] IPUIPlugin:80 - create IPUIPlugin
2023-11-16 14:29:07,435 [INFO] PluginManager:220 - loadIPPluginJar : add genericplugin
2023-11-16 14:29:07,633 [INFO] IPUIPlugin:80 - create IPUIPlugin
2023-11-16 14:29:07,634 [INFO] PluginManager:220 - loadIPPluginJar : add gfxmmu
2023-11-16 14:29:07,848 [INFO] IPUIPlugin:80 - create IPUIPlugin
2023-11-16 14:29:07,848 [INFO] PluginManager:220 - loadIPPluginJar : add gic
2023-11-16 14:29:07,874 [INFO] IPUIPlugin:80 - create IPUIPlugin
2023-11-16 14:29:07,875 [INFO] PluginManager:220 - loadIPPluginJar : add gpio
2023-11-16 14:29:08,098 [INFO] IPUIPlugin:80 - create IPUIPlugin
2023-11-16 14:29:08,098 [INFO] PluginManager:220 - loadIPPluginJar : add gtzc
2023-11-16 14:29:08,169 [INFO] IPUIPlugin:80 - create IPUIPlugin
2023-11-16 14:29:08,169 [INFO] PluginManager:220 - loadIPPluginJar : add hash
2023-11-16 14:29:08,204 [INFO] ThirdPartyUpdaterWithRetryManager:70 - Updater plugin not ready yet. [2/15]
2023-11-16 14:29:08,278 [INFO] IPUIPlugin:80 - create IPUIPlugin
2023-11-16 14:29:08,279 [INFO] PluginManager:220 - loadIPPluginJar : add i2c
2023-11-16 14:29:08,370 [INFO] IPUIPlugin:80 - create IPUIPlugin
2023-11-16 14:29:08,371 [INFO] PluginManager:220 - loadIPPluginJar : add i2s
2023-11-16 14:29:08,461 [INFO] IPUIPlugin:80 - create IPUIPlugin
2023-11-16 14:29:08,462 [INFO] PluginManager:220 - loadIPPluginJar : add i3c
2023-11-16 14:29:08,728 [INFO] IPUIPlugin:80 - create IPUIPlugin
2023-11-16 14:29:08,728 [INFO] PluginManager:220 - loadIPPluginJar : add ipddr
2023-11-16 14:29:09,014 [INFO] IPUIPlugin:80 - create IPUIPlugin
2023-11-16 14:29:09,015 [INFO] PluginManager:220 - loadIPPluginJar : add linkedlist
2023-11-16 14:29:09,114 [INFO] IPUIPlugin:80 - create IPUIPlugin
2023-11-16 14:29:09,114 [INFO] PluginManager:220 - loadIPPluginJar : add lorawan
2023-11-16 14:29:09,211 [INFO] IPUIPlugin:80 - create IPUIPlugin
2023-11-16 14:29:09,212 [INFO] PluginManager:220 - loadIPPluginJar : add ltdc
2023-11-16 14:29:09,252 [INFO] IPUIPlugin:80 - create IPUIPlugin
2023-11-16 14:29:09,252 [INFO] PluginManager:220 - loadIPPluginJar : add mdma
2023-11-16 14:29:09,272 [INFO] IPUIPlugin:80 - create IPUIPlugin
2023-11-16 14:29:09,273 [INFO] PluginManager:220 - loadIPPluginJar : add nvic
2023-11-16 14:29:09,335 [INFO] IPUIPlugin:80 - create IPUIPlugin
2023-11-16 14:29:09,335 [INFO] PluginManager:220 - loadIPPluginJar : add opamp
2023-11-16 14:29:09,463 [INFO] IPUIPlugin:80 - create IPUIPlugin
2023-11-16 14:29:09,464 [INFO] PluginManager:220 - loadIPPluginJar : add openamp
2023-11-16 14:29:09,646 [INFO] IPUIPlugin:80 - create IPUIPlugin
2023-11-16 14:29:09,647 [INFO] PluginManager:220 - loadIPPluginJar : add pdm2pcm
2023-11-16 14:29:09,681 [INFO] IPUIPlugin:80 - create IPUIPlugin
2023-11-16 14:29:09,687 [INFO] PluginManager:220 - loadIPPluginJar : add plateformsettings
2023-11-16 14:29:09,737 [INFO] IPUIPlugin:80 - create IPUIPlugin
2023-11-16 14:29:09,737 [INFO] PluginManager:220 - loadIPPluginJar : add quadspi
2023-11-16 14:29:09,762 [INFO] IPUIPlugin:80 - create IPUIPlugin
2023-11-16 14:29:09,762 [INFO] PluginManager:220 - loadIPPluginJar : add resmgrutility
2023-11-16 14:29:09,872 [INFO] IPUIPlugin:80 - create IPUIPlugin
2023-11-16 14:29:09,872 [INFO] PluginManager:220 - loadIPPluginJar : add sai
2023-11-16 14:29:09,951 [INFO] IPUIPlugin:80 - create IPUIPlugin
2023-11-16 14:29:09,951 [INFO] PluginManager:220 - loadIPPluginJar : add spi
2023-11-16 14:29:10,081 [INFO] IPUIPlugin:80 - create IPUIPlugin
2023-11-16 14:29:10,081 [INFO] PluginManager:220 - loadIPPluginJar : add stm32_wpan
2023-11-16 14:29:10,174 [INFO] IPUIPlugin:80 - create IPUIPlugin
2023-11-16 14:29:10,174 [INFO] PluginManager:220 - loadIPPluginJar : add tim
2023-11-16 14:29:10,366 [INFO] IPUIPlugin:80 - create IPUIPlugin
2023-11-16 14:29:10,367 [INFO] PluginManager:220 - loadIPPluginJar : add touchsensing
2023-11-16 14:29:10,403 [INFO] IPUIPlugin:80 - create IPUIPlugin
2023-11-16 14:29:10,403 [INFO] PluginManager:220 - loadIPPluginJar : add tracer_emb
2023-11-16 14:29:10,450 [INFO] IPUIPlugin:80 - create IPUIPlugin
2023-11-16 14:29:10,450 [INFO] PluginManager:220 - loadIPPluginJar : add ts
2023-11-16 14:29:10,494 [INFO] IPUIPlugin:80 - create IPUIPlugin
2023-11-16 14:29:10,495 [INFO] PluginManager:220 - loadIPPluginJar : add tsc
2023-11-16 14:29:10,554 [INFO] IPUIPlugin:80 - create IPUIPlugin
2023-11-16 14:29:10,556 [INFO] PluginManager:220 - loadIPPluginJar : add ucpd
2023-11-16 14:29:10,711 [INFO] IPUIPlugin:80 - create IPUIPlugin
2023-11-16 14:29:10,712 [INFO] PluginManager:220 - loadIPPluginJar : add usart
2023-11-16 14:29:10,877 [INFO] IPUIPlugin:80 - create IPUIPlugin
2023-11-16 14:29:10,877 [INFO] PluginManager:220 - loadIPPluginJar : add usbx
2023-11-16 14:29:11,068 [INFO] CADModel:165 - CPN selected for project level
2023-11-16 14:29:11,068 [INFO] CADModel:114 - Register for checkConnection events
2023-11-16 14:29:11,070 [FATAL] Updater:308 - Updater called before beeing initialized
2023-11-16 14:29:11,070 [ERROR] CADModel:125 - Updater not yet initialized, retry later 
2023-11-16 14:29:11,206 [INFO] ThirdPartyUpdaterWithRetryManager:70 - Updater plugin not ready yet. [3/15]
2023-11-16 14:29:11,547 [INFO] CADModel:165 - CPN selected for project level
2023-11-16 14:29:11,547 [INFO] CADModel:114 - Register for checkConnection events
2023-11-16 14:29:11,548 [FATAL] Updater:308 - Updater called before beeing initialized
2023-11-16 14:29:11,548 [ERROR] CADModel:125 - Updater not yet initialized, retry later 
2023-11-16 14:29:11,554 [FATAL] Updater:308 - Updater called before beeing initialized
2023-11-16 14:29:11,731 [FATAL] Updater:308 - Updater called before beeing initialized
2023-11-16 14:29:11,749 [INFO] DbMcusAds:53 - JSON generation date=Tue Mar 07 00:50:55 PST 2023 (1678179055335)
2023-11-16 14:29:11,750 [FATAL] Updater:308 - Updater called before beeing initialized
2023-11-16 14:29:11,891 [WARN] DetailPanel:346 - Failed to get advertising image, set to default
2023-11-16 14:29:12,154 [FATAL] Updater:308 - Updater called before beeing initialized
2023-11-16 14:29:12,158 [FATAL] Updater:308 - Updater called before beeing initialized
2023-11-16 14:29:12,158 [FATAL] Updater:308 - Updater called before beeing initialized
2023-11-16 14:29:12,158 [WARN] DetailPanel:346 - Failed to get advertising image, set to default
2023-11-16 14:29:12,159 [FATAL] Updater:308 - Updater called before beeing initialized
2023-11-16 14:29:12,279 [ERROR] Updater:1120 - MainUpdater not yet initialized. External WinMGr cannot be set.
2023-11-16 14:29:12,293 [INFO] Updater:1056 - Updater Version found : 6.9.2
2023-11-16 14:29:12,319 [INFO] ApplicationProperties:184 - Using Application install path: C:\ST\STM32CubeIDE_1.13.2\STM32CubeIDE\plugins\com.st.stm32cube.common.mx_6.9.2.202309101412
2023-11-16 14:29:13,612 [INFO] MainUpdater:2868 - connection check result : 10
2023-11-16 14:29:13,613 [INFO] MainUpdater:285 - Updater Check For Update Now.
2023-11-16 14:29:13,614 [INFO] MicroXplorer:498 - Change Database Version : DB.6.0.92
2023-11-16 14:29:13,671 [INFO] McuFinderGlobals:63 - Set McuFinder mode to 2 (CubeIDE integrated)
2023-11-16 14:29:13,671 [INFO] UserAuth:179 - activating auth plugin
2023-11-16 14:29:13,679 [INFO] UserAuth:393 - Internet connection configuration mode: 1
2023-11-16 14:29:13,741 [INFO] JxBrowserEngine:151 - Initiate JxBrowser Engine with user profile folder
2023-11-16 14:29:13,964 [INFO] CheckServerUpdateThread:120 - End of CheckServer Thread
2023-11-16 14:29:14,673 [WARN] PackLoader:240 - Cannot read IP mode file for STMicroelectronics.X-CUBE-SMBUS.2.1.0
2023-11-16 14:29:14,751 [WARN] PackLoader:240 - Cannot read IP mode file for STMicroelectronics.X-CUBE-AZRTOS-F7.1.1.0
2023-11-16 14:29:14,782 [WARN] PackLoader:240 - Cannot read IP mode file for STMicroelectronics.FP-SNS-MOTENV1.4.3.2
2023-11-16 14:29:14,803 [WARN] PackLoader:240 - Cannot read IP mode file for STMicroelectronics.FP-SNS-FLIGHT1.5.0.2
2023-11-16 14:29:14,829 [WARN] PackLoader:240 - Cannot read IP mode file for STMicroelectronics.X-CUBE-DISPLAY.3.0.0
2023-11-16 14:29:14,859 [WARN] PackLoader:240 - Cannot read IP mode file for STMicroelectronics.X-CUBE-BLE1.7.0.0
2023-11-16 14:29:14,880 [WARN] PackLoader:240 - Cannot read IP mode file for emotas.I-CUBE-CANOPEN.1.3.0
2023-11-16 14:29:14,901 [WARN] PackLoader:240 - Cannot read IP mode file for STMicroelectronics.X-CUBE-TOUCHGFX.4.22.0
2023-11-16 14:29:14,915 [WARN] PackLoader:240 - Cannot read IP mode file for STMicroelectronics.X-CUBE-TOUCHGFX.4.22.1
2023-11-16 14:29:14,936 [WARN] PackLoader:240 - Cannot read IP mode file for STMicroelectronics.FP-SNS-SMARTAG2.1.2.0
2023-11-16 14:29:14,974 [INFO] LogOutputStream:77 - [STDOUT_REDIRECT] 1 : Invalid condition id : UX_CORESTACK_Condition cause : null
2023-11-16 14:29:14,975 [INFO] LogOutputStream:77 - [STDOUT_REDIRECT] 1 : Invalid condition id : UX_CORESTACK_Condition cause : null
2023-11-16 14:29:14,976 [INFO] LogOutputStream:77 - [STDOUT_REDIRECT] 1 : Invalid condition id : UX_CORESTACK_Condition cause : null
2023-11-16 14:29:14,978 [INFO] LogOutputStream:77 - [STDOUT_REDIRECT] 1 : Invalid condition id : UX_CORESTACK_Condition cause : null
2023-11-16 14:29:14,980 [INFO] LogOutputStream:77 - [STDOUT_REDIRECT] 1 : Invalid condition id : UX_CORESTACK_Condition cause : null
2023-11-16 14:29:14,992 [WARN] PackLoader:240 - Cannot read IP mode file for STMicroelectronics.X-CUBE-AZRTOS-WL.2.0.0
2023-11-16 14:29:15,025 [WARN] PackLoader:240 - Cannot read IP mode file for WES.I-CUBE-Cesium.1.3.0
2023-11-16 14:29:15,044 [WARN] PackLoader:240 - Cannot read IP mode file for STMicroelectronics.X-CUBE-BLE2.3.3.0
2023-11-16 14:29:15,065 [WARN] PackLoader:240 - Cannot read IP mode file for STMicroelectronics.X-CUBE-ALGOBUILD.1.3.0
2023-11-16 14:29:15,106 [WARN] PackLoader:240 - Cannot read IP mode file for STMicroelectronics.X-CUBE-AZRTOS-G0.1.1.0
2023-11-16 14:29:15,126 [WARN] PackLoader:240 - Cannot read IP mode file for STMicroelectronics.X-CUBE-NFC4.3.0.0
2023-11-16 14:29:15,153 [WARN] PackLoader:240 - Cannot read IP mode file for STMicroelectronics.X-CUBE-BLEMGR.3.0.0
2023-11-16 14:29:15,171 [WARN] PackLoader:240 - Cannot read IP mode file for STMicroelectronics.FP-ATR-SIGFOX1.3.2.0
2023-11-16 14:29:15,244 [WARN] PackLoader:240 - Cannot read IP mode file for SEGGER.I-CUBE-embOS.1.3.1
2023-11-16 14:29:15,319 [WARN] PackLoader:240 - Cannot read IP mode file for STMicroelectronics.X-CUBE-GNSS1.6.0.0
2023-11-16 14:29:15,359 [WARN] PackLoader:240 - Cannot read IP mode file for STMicroelectronics.X-CUBE-AZRTOS-F4.1.1.0
2023-11-16 14:29:15,379 [WARN] PackLoader:240 - Cannot read IP mode file for wolfSSL.I-CUBE-wolfSSL.5.6.3
2023-11-16 14:29:15,421 [WARN] PackLoader:240 - Cannot read IP mode file for STMicroelectronics.X-CUBE-AZRTOS-L5.2.0.0
2023-11-16 14:29:15,508 [WARN] PackLoader:240 - Cannot read IP mode file for STMicroelectronics.X-CUBE-MEMS1.9.6.0
2023-11-16 14:29:15,850 [WARN] PackLoader:240 - Cannot read IP mode file for STMicroelectronics.X-CUBE-EEPRMA1.4.2.0
2023-11-16 14:29:15,869 [WARN] PackLoader:240 - Cannot read IP mode file for ITTIA_DB.I-CUBE-ITTIADB.8.8.0
2023-11-16 14:29:15,887 [WARN] PackLoader:240 - Cannot read IP mode file for STMicroelectronics.X-CUBE-BLEMGR.2.0.0
2023-11-16 14:29:15,937 [WARN] ConditionMgr:438 - getConditionDescription Invalid condition id : UX DEVICE CLASS RTOS Condition cause : null
2023-11-16 14:29:15,937 [WARN] ConditionMgr:438 - getConditionDescription Invalid condition id : UX DEVICE CLASS RTOS Condition cause : null
2023-11-16 14:29:15,941 [WARN] PackLoader:240 - Cannot read IP mode file for STMicroelectronics.X-CUBE-AZRTOS-H7.3.1.0
2023-11-16 14:29:15,942 [WARN] ConditionMgr:1039 - genDependencies : Invalid condition id : UX DEVICE CLASS RTOS Condition cause : null
2023-11-16 14:29:15,943 [WARN] ConditionMgr:1039 - genDependencies : Invalid condition id : UX DEVICE CLASS RTOS Condition cause : null
2023-11-16 14:29:15,943 [WARN] ConditionMgr:1039 - genDependencies : Invalid condition id : UX DEVICE CLASS RTOS Condition cause : null
2023-11-16 14:29:15,944 [WARN] ConditionMgr:1039 - genDependencies : Invalid condition id : UX DEVICE CLASS RTOS Condition cause : null
2023-11-16 14:29:15,945 [WARN] ConditionMgr:1039 - genDependencies : Invalid condition id : UX DEVICE CLASS RTOS Condition cause : null
2023-11-16 14:29:15,964 [WARN] PackLoader:240 - Cannot read IP mode file for STMicroelectronics.X-CUBE-NFC7.1.0.1
2023-11-16 14:29:15,995 [WARN] PackLoader:240 - Cannot read IP mode file for STMicroelectronics.X-CUBE-NFC6.3.0.0
2023-11-16 14:29:16,020 [WARN] PackLoader:240 - Cannot read IP mode file for STMicroelectronics.X-CUBE-EEPRMA1.4.1.0
2023-11-16 14:29:16,036 [WARN] PackLoader:240 - Cannot read IP mode file for STMicroelectronics.X-CUBE-AI.8.1.0
2023-11-16 14:29:16,085 [WARN] ConditionMgr:438 - getConditionDescription Invalid condition id : LAN8742 Phy interface Condition cause : null
2023-11-16 14:29:16,086 [WARN] PackLoader:240 - Cannot read IP mode file for STMicroelectronics.X-CUBE-AZRTOS-L4.2.0.0
2023-11-16 14:29:16,089 [WARN] ConditionMgr:1039 - genDependencies : Invalid condition id : LAN8742 Phy interface Condition cause : null
2023-11-16 14:29:16,090 [WARN] ConditionMgr:1039 - genDependencies : Invalid condition id : LAN8742 Phy interface Condition cause : null
2023-11-16 14:29:16,092 [WARN] ConditionMgr:1039 - genDependencies : Invalid condition id : LAN8742 Phy interface Condition cause : null
2023-11-16 14:29:16,116 [WARN] PackLoader:240 - Cannot read IP mode file for STMicroelectronics.X-CUBE-SFXS2LP1.4.0.0
2023-11-16 14:29:16,141 [WARN] PackLoader:240 - Cannot read IP mode file for STMicroelectronics.X-CUBE-ISPU.1.1.0
2023-11-16 14:29:16,187 [WARN] ConditionMgr:438 - getConditionDescription Invalid condition id : UX DEVICE CLASS RTOS Condition cause : null
2023-11-16 14:29:16,189 [WARN] ConditionMgr:438 - getConditionDescription Invalid condition id : UX DEVICE CLASS RTOS Condition cause : null
2023-11-16 14:29:16,194 [WARN] PackLoader:240 - Cannot read IP mode file for STMicroelectronics.X-CUBE-AZRTOS-WB.2.0.0
2023-11-16 14:29:16,195 [WARN] ConditionMgr:1039 - genDependencies : Invalid condition id : UX DEVICE CLASS RTOS Condition cause : null
2023-11-16 14:29:16,195 [WARN] ConditionMgr:1039 - genDependencies : Invalid condition id : UX DEVICE CLASS RTOS Condition cause : null
2023-11-16 14:29:16,196 [WARN] ConditionMgr:1039 - genDependencies : Invalid condition id : UX DEVICE CLASS RTOS Condition cause : null
2023-11-16 14:29:16,196 [WARN] ConditionMgr:1039 - genDependencies : Invalid condition id : UX DEVICE CLASS RTOS Condition cause : null
2023-11-16 14:29:16,197 [WARN] ConditionMgr:1039 - genDependencies : Invalid condition id : UX DEVICE CLASS RTOS Condition cause : null
2023-11-16 14:29:16,239 [WARN] PackLoader:240 - Cannot read IP mode file for STMicroelectronics.X-CUBE-SUBG2.5.0.0
2023-11-16 14:29:16,301 [WARN] PackLoader:240 - Cannot read IP mode file for STMicroelectronics.X-CUBE-TOF1.3.3.1
2023-11-16 14:29:16,356 [WARN] PackLoader:240 - Cannot read IP mode file for STMicroelectronics.X-CUBE-AZRTOS-G4.2.0.0
2023-11-16 14:29:16,394 [WARN] PackLoader:240 - Cannot read IP mode file for Infineon.AIROC-Wi-Fi-Bluetooth-STM32.1.5.1
2023-11-16 14:29:16,415 [WARN] PackLoader:240 - Cannot read IP mode file for STMicroelectronics.FP-SNS-MOTENVWB1.1.3.0
2023-11-16 14:29:16,502 [WARN] PackLoader:240 - Cannot read IP mode file for STMicroelectronics.X-CUBE-MEMS1.10.0.0
2023-11-16 14:29:16,742 [WARN] PackLoader:240 - Cannot read IP mode file for STMicroelectronics.X-CUBE-FREERTOS.1.1.0
2023-11-16 14:29:16,768 [WARN] PackLoader:240 - Cannot read IP mode file for portGmbH.I-Cube-SoM-uGOAL.1.1.0
2023-11-16 14:29:16,788 [WARN] PackLoader:240 - Cannot read IP mode file for STMicroelectronics.X-CUBE-ALS.1.0.1
2023-11-16 14:29:16,808 [WARN] PackLoader:240 - Cannot read IP mode file for STMicroelectronics.FP-ATR-ASTRA1.2.0.0
2023-11-16 14:29:16,809 [INFO] ThirdParty:978 - Integrity check success = true
2023-11-16 14:29:16,809 [INFO] IntegrityCheckThread:100 - exiting critical section [integrity check]
2023-11-16 14:29:16,810 [INFO] IntegrityCheckThread:103 - End integrity checks thread
2023-11-16 14:29:18,494 [INFO] WebApp:157 - Instantiating new browser for Auth
2023-11-16 14:29:19,920 [INFO] WebApp:753 - Register for checkConnection events
2023-11-16 14:29:19,921 [INFO] WebApp:390 - Apply proxy settings
2023-11-16 14:29:19,921 [INFO] WebApp:475 - Chromium requires no authentication
2023-11-16 14:29:19,948 [INFO] WebApp:418 - Direct internet connection detected
2023-11-16 14:29:20,386 [INFO] WebApp:188 - Starting web application
2023-11-16 14:29:20,387 [INFO] WebApp:520 - Web application path used C:\ST\STM32CubeIDE_1.13.2\STM32CubeIDE\plugins\com.st.stm32cube.common.mx_6.9.2.202309101412\db\plugins\mcufinder\reactClient1\index.html
2023-11-16 14:29:43,356 [ERROR] LogOutputStream:75 - [STDERR_REDIRECT] SLF4J: Failed to load class "org.slf4j.impl.StaticLoggerBinder".
2023-11-16 14:29:43,357 [ERROR] LogOutputStream:75 - [STDERR_REDIRECT] SLF4J: Defaulting to no-operation (NOP) logger implementation
2023-11-16 14:29:43,363 [ERROR] LogOutputStream:75 - [STDERR_REDIRECT] SLF4J: See http://www.slf4j.org/codes.html#StaticLoggerBinder for further details.
2023-11-16 14:37:50,824 [ERROR] AdobePublisher:162 - Exception while opening the connection: java.net.SocketTimeoutException: Connect timed out
2023-11-16 14:37:54,134 [ERROR] AdobePublisher:162 - Exception while opening the connection: java.net.SocketTimeoutException: Read timed out
2023-11-16 14:38:09,086 [ERROR] LogOutputStream:75 - [STDERR_REDIRECT] 
2023-11-16 14:39:18,606 [INFO] Activator:176 - 


2023-11-16 14:39:18,610 [INFO] Activator:177 - !SESSION log4j initialized
2023-11-16 14:39:30,458 [INFO] LogOutputStream:77 - [STDOUT_REDIRECT] 
2023-11-16 14:39:32,871 [INFO] ApplicationProperties:184 - Using Application install path: C:\ST\STM32CubeIDE_1.13.2\STM32CubeIDE\plugins\com.st.stm32cube.common.mx_6.9.2.202309101412
2023-11-16 14:39:32,912 [INFO] DbMcusXml:78 - Set database path to: C:\ST\STM32CubeIDE_1.13.2\STM32CubeIDE\plugins\com.st.stm32cube.common.mx_6.9.2.202309101412\\db\/mcu/
2023-11-16 14:39:32,913 [INFO] ApiDb:274 - Set plugin database path to: C:\ST\STM32CubeIDE_1.13.2\STM32CubeIDE\plugins\com.st.stm32cube.common.mx_6.9.2.202309101412\\db\/plugins/boardmanager/
2023-11-16 14:39:32,914 [WARN] ApiDb:259 - Overriding images path with different value:  => C:\ST\STM32CubeIDE_1.13.2\STM32CubeIDE\plugins\com.st.stm32cube.common.mx_6.9.2.202309101412\\db\/plugins/mcufinder/images/
2023-11-16 14:39:32,934 [INFO] ApiDb:250 - Set database path to: C:\Users\emily\.stmcufinder\plugins\mcufinder//mcu/
2023-11-16 14:39:32,936 [INFO] DbMcusAds:125 - Set database path to: C:\Users\emily\.stmcufinder\plugins\mcufinder//mcu/
2023-11-16 14:39:32,941 [INFO] CrossReferenceDbSqlite:203 - Set database path to: C:\Users\emily\.stmcufinder\plugins\mcufinder//mcu/cs/
2023-11-16 14:39:33,166 [INFO] RulesReader:64 - Compatibility file has been processed (293 Rules)
2023-11-16 14:39:33,331 [INFO] DbMcusXml:78 - Set database path to: C:\ST\STM32CubeIDE_1.13.2\STM32CubeIDE\plugins\com.st.stm32cube.common.mx_6.9.2.202309101412\\db\/mcu/
2023-11-16 14:39:33,331 [INFO] ApiDb:274 - Set plugin database path to: C:\ST\STM32CubeIDE_1.13.2\STM32CubeIDE\plugins\com.st.stm32cube.common.mx_6.9.2.202309101412\\db\/plugins/boardmanager/
2023-11-16 14:39:33,331 [INFO] ApiDb:261 - Set plugin images path to: C:\ST\STM32CubeIDE_1.13.2\STM32CubeIDE\plugins\com.st.stm32cube.common.mx_6.9.2.202309101412\\db\/plugins/mcufinder/images/
2023-11-16 14:39:33,332 [WARN] DbFile:41 - Overriding database path with different value: C:\Users\emily\.stmcufinder\plugins\mcufinder/ => C:\Users\emily\.stmcufinder\plugins\mcufinder
2023-11-16 14:39:33,332 [INFO] ApiDb:250 - Set database path to: C:\Users\emily\.stmcufinder\plugins\mcufinder//mcu/
2023-11-16 14:39:33,332 [WARN] DbFile:41 - Overriding database path with different value: C:\Users\emily\.stmcufinder\plugins\mcufinder/ => C:\Users\emily\.stmcufinder\plugins\mcufinder
2023-11-16 14:39:33,332 [INFO] DbMcusAds:125 - Set database path to: C:\Users\emily\.stmcufinder\plugins\mcufinder//mcu/
2023-11-16 14:39:33,333 [WARN] DbFile:41 - Overriding database path with different value: C:\Users\emily\.stmcufinder\plugins\mcufinder/ => C:\Users\emily\.stmcufinder\plugins\mcufinder
2023-11-16 14:39:33,333 [WARN] DbFile:41 - Overriding database path with different value: C:\Users\emily\.stmcufinder\plugins\mcufinder/ => C:\Users\emily\.stmcufinder\plugins\mcufinder
2023-11-16 14:39:33,333 [INFO] CrossReferenceDbSqlite:203 - Set database path to: C:\Users\emily\.stmcufinder\plugins\mcufinder//mcu/cs/
2023-11-16 14:39:33,501 [INFO] MainPanel:262 - HeapMemory: 268435456
2023-11-16 14:39:33,705 [INFO] DbMcusXml:78 - Set database path to: C:\ST\STM32CubeIDE_1.13.2\STM32CubeIDE\plugins\com.st.stm32cube.common.mx_6.9.2.202309101412\\db\/mcu/
2023-11-16 14:39:33,705 [INFO] ApiDb:274 - Set plugin database path to: C:\ST\STM32CubeIDE_1.13.2\STM32CubeIDE\plugins\com.st.stm32cube.common.mx_6.9.2.202309101412\\db\/plugins/boardmanager/
2023-11-16 14:39:33,706 [INFO] ApiDb:261 - Set plugin images path to: C:\ST\STM32CubeIDE_1.13.2\STM32CubeIDE\plugins\com.st.stm32cube.common.mx_6.9.2.202309101412\\db\/plugins/mcufinder/images/
2023-11-16 14:39:33,707 [WARN] DbFile:41 - Overriding database path with different value: C:\Users\emily\.stmcufinder\plugins\mcufinder/ => C:\Users\emily\.stmcufinder\plugins\mcufinder
2023-11-16 14:39:33,707 [INFO] ApiDb:250 - Set database path to: C:\Users\emily\.stmcufinder\plugins\mcufinder//mcu/
2023-11-16 14:39:33,707 [WARN] DbFile:41 - Overriding database path with different value: C:\Users\emily\.stmcufinder\plugins\mcufinder/ => C:\Users\emily\.stmcufinder\plugins\mcufinder
2023-11-16 14:39:33,707 [INFO] DbMcusAds:125 - Set database path to: C:\Users\emily\.stmcufinder\plugins\mcufinder//mcu/
2023-11-16 14:39:33,708 [WARN] DbFile:41 - Overriding database path with different value: C:\Users\emily\.stmcufinder\plugins\mcufinder/ => C:\Users\emily\.stmcufinder\plugins\mcufinder
2023-11-16 14:39:33,708 [WARN] DbFile:41 - Overriding database path with different value: C:\Users\emily\.stmcufinder\plugins\mcufinder/ => C:\Users\emily\.stmcufinder\plugins\mcufinder
2023-11-16 14:39:33,708 [INFO] CrossReferenceDbSqlite:203 - Set database path to: C:\Users\emily\.stmcufinder\plugins\mcufinder//mcu/cs/
2023-11-16 14:39:33,749 [INFO] ApplicationProperties:184 - Using Application install path: C:\ST\STM32CubeIDE_1.13.2\STM32CubeIDE\plugins\com.st.stm32cube.common.mx_6.9.2.202309101412
2023-11-16 14:39:33,751 [INFO] PluginManage:196 - Search for loadable plugins [exclusion list=, ]
2023-11-16 14:39:33,753 [INFO] PluginManage:310 - Check plugin analytics
2023-11-16 14:39:34,159 [INFO] AnalyticsPlugin:253 - Accepted Software Licenses: 
2023-11-16 14:39:34,160 [INFO] AnalyticsPlugin:255 - Accepted CMSIS Pack Licenses: 
2023-11-16 14:39:34,161 [INFO] AnalyticsPlugin:257 - Accepted Firmware Licenses: FW.F4.1.27.0
2023-11-16 14:39:34,171 [INFO] PluginManage:359 - Loaded plugin analytics (category:tool,tabindex:-1)
2023-11-16 14:39:34,172 [INFO] PluginManage:310 - Check plugin cadmodel
2023-11-16 14:39:34,182 [INFO] CADModel:105 - Init CAD model plugin
2023-11-16 14:39:34,183 [INFO] PluginManage:359 - Loaded plugin cadmodel (category:power,tabindex:5)
2023-11-16 14:39:34,184 [INFO] PluginManage:310 - Check plugin clock
2023-11-16 14:39:34,216 [INFO] PluginManage:359 - Loaded plugin clock (category:base,tabindex:2)
2023-11-16 14:39:34,217 [INFO] PluginManage:310 - Check plugin ddr
2023-11-16 14:39:34,223 [INFO] PluginManage:359 - Loaded plugin ddr (category:tool,tabindex:6)
2023-11-16 14:39:34,223 [INFO] PluginManage:310 - Check plugin filemanager
2023-11-16 14:39:34,526 [INFO] PluginManage:359 - Loaded plugin filemanager (category:base,tabindex:10)
2023-11-16 14:39:34,526 [INFO] PluginManage:310 - Check plugin ipmanager
2023-11-16 14:39:34,543 [INFO] PluginManage:359 - Loaded plugin ipmanager (category:base,tabindex:5)
2023-11-16 14:39:34,544 [INFO] PluginManage:310 - Check plugin lpbam
2023-11-16 14:39:34,566 [INFO] PluginManage:359 - Loaded plugin lpbam (category:base,tabindex:0)
2023-11-16 14:39:34,566 [INFO] PluginManage:310 - Check plugin memorymap
2023-11-16 14:39:34,599 [INFO] PluginManage:359 - Loaded plugin memorymap (category:base,tabindex:4)
2023-11-16 14:39:34,599 [INFO] PluginManage:310 - Check plugin pinoutandconfiguration
2023-11-16 14:39:34,614 [INFO] PluginManage:359 - Loaded plugin pinoutandconfiguration (category:base,tabindex:1)
2023-11-16 14:39:34,614 [INFO] PluginManage:310 - Check plugin pinoutconfig
2023-11-16 14:39:34,781 [WARN] SupportedApi:132 - Cannot load RTOS API schema: s4s-elt-must-match.1: The content of 'definitions' must match (annotation?, (simpleType | complexType)?, (unique | key | keyref)*)). A problem was found starting at: attribute.
2023-11-16 14:39:35,057 [INFO] PluginManage:359 - Loaded plugin pinoutconfig (category:base,tabindex:0)
2023-11-16 14:39:35,058 [INFO] PluginManage:310 - Check plugin power
2023-11-16 14:39:35,076 [INFO] PluginManage:359 - Loaded plugin power (category:power,tabindex:4)
2023-11-16 14:39:35,076 [INFO] PluginManage:310 - Check plugin projectmanager
2023-11-16 14:39:35,109 [INFO] PluginManage:359 - Loaded plugin projectmanager (category:projectmanager,tabindex:3)
2023-11-16 14:39:35,110 [INFO] PluginManage:310 - Check plugin thirdparty
2023-11-16 14:39:35,363 [INFO] PluginManage:359 - Loaded plugin thirdparty (category:base,tabindex:-1)
2023-11-16 14:39:35,364 [INFO] PluginManage:310 - Check plugin tools
2023-11-16 14:39:35,363 [WARN] IntegrityCheckThread:84 - waiting for thirdparty lock release [integrity check]
2023-11-16 14:39:35,364 [INFO] IntegrityCheckThread:86 - entering critical section [integrity check]
2023-11-16 14:39:35,365 [INFO] ThirdPartyUpdaterWithRetryManager:70 - Updater plugin not ready yet. [1/15]
2023-11-16 14:39:35,368 [INFO] PluginManage:359 - Loaded plugin tools (category:base,tabindex:7)
2023-11-16 14:39:35,368 [INFO] PluginManage:310 - Check plugin tutovideos
2023-11-16 14:39:35,709 [INFO] PluginManage:359 - Loaded plugin tutovideos (category:base,tabindex:-1)
2023-11-16 14:39:35,709 [INFO] PluginManage:310 - Check plugin updater
2023-11-16 14:39:35,730 [INFO] PluginManage:359 - Loaded plugin updater (category:base,tabindex:12)
2023-11-16 14:39:35,730 [INFO] PluginManage:310 - Check plugin userauth
2023-11-16 14:39:35,741 [INFO] UserAuth:113 - Init User Auth plugin
2023-11-16 14:39:35,741 [INFO] PluginManage:359 - Loaded plugin userauth (category:base,tabindex:14)
2023-11-16 14:39:35,743 [INFO] PluginManage:283 - PluginManage : Loaded plugins [17]
2023-11-16 14:39:36,216 [INFO] PinOutPanel:1499 - setPackage(No Configuration,No Configuration)
2023-11-16 14:39:36,471 [INFO] CADModel:165 - CPN selected for project level
2023-11-16 14:39:36,472 [INFO] CADModel:114 - Register for checkConnection events
2023-11-16 14:39:36,542 [INFO] IPUIPlugin:80 - create IPUIPlugin
2023-11-16 14:39:36,543 [INFO] PluginManager:220 - loadIPPluginJar : add adc
2023-11-16 14:39:36,552 [INFO] IPUIPlugin:80 - create IPUIPlugin
2023-11-16 14:39:36,553 [INFO] PluginManager:220 - loadIPPluginJar : add aes
2023-11-16 14:39:36,562 [INFO] IPUIPlugin:80 - create IPUIPlugin
2023-11-16 14:39:36,563 [INFO] PluginManager:220 - loadIPPluginJar : add can
2023-11-16 14:39:36,569 [INFO] IPUIPlugin:80 - create IPUIPlugin
2023-11-16 14:39:36,570 [INFO] PluginManager:220 - loadIPPluginJar : add comp
2023-11-16 14:39:36,581 [INFO] IPUIPlugin:80 - create IPUIPlugin
2023-11-16 14:39:36,581 [INFO] PluginManager:220 - loadIPPluginJar : add cryp
2023-11-16 14:39:36,590 [INFO] IPUIPlugin:80 - create IPUIPlugin
2023-11-16 14:39:36,591 [INFO] PluginManager:220 - loadIPPluginJar : add dfsdm
2023-11-16 14:39:36,627 [INFO] IPUIPlugin:80 - create IPUIPlugin
2023-11-16 14:39:36,630 [INFO] PluginManager:220 - loadIPPluginJar : add dma
2023-11-16 14:39:36,639 [INFO] IPUIPlugin:80 - create IPUIPlugin
2023-11-16 14:39:36,640 [INFO] PluginManager:220 - loadIPPluginJar : add dma3
2023-11-16 14:39:36,646 [INFO] IPUIPlugin:80 - create IPUIPlugin
2023-11-16 14:39:36,647 [INFO] PluginManager:220 - loadIPPluginJar : add fatfs
2023-11-16 14:39:36,664 [INFO] IPUIPlugin:80 - create IPUIPlugin
2023-11-16 14:39:36,665 [INFO] PluginManager:220 - loadIPPluginJar : add fmc
2023-11-16 14:39:36,689 [INFO] IPUIPlugin:80 - create IPUIPlugin
2023-11-16 14:39:36,690 [INFO] PluginManager:220 - loadIPPluginJar : add freertos
2023-11-16 14:39:36,695 [INFO] IPUIPlugin:80 - create IPUIPlugin
2023-11-16 14:39:36,696 [INFO] PluginManager:220 - loadIPPluginJar : add genericplugin
2023-11-16 14:39:36,704 [INFO] IPUIPlugin:80 - create IPUIPlugin
2023-11-16 14:39:36,704 [INFO] PluginManager:220 - loadIPPluginJar : add gfxmmu
2023-11-16 14:39:36,724 [INFO] IPUIPlugin:80 - create IPUIPlugin
2023-11-16 14:39:36,725 [INFO] PluginManager:220 - loadIPPluginJar : add gic
2023-11-16 14:39:36,740 [INFO] IPUIPlugin:80 - create IPUIPlugin
2023-11-16 14:39:36,741 [INFO] PluginManager:220 - loadIPPluginJar : add gpio
2023-11-16 14:39:36,751 [INFO] IPUIPlugin:80 - create IPUIPlugin
2023-11-16 14:39:36,751 [INFO] PluginManager:220 - loadIPPluginJar : add gtzc
2023-11-16 14:39:36,760 [INFO] IPUIPlugin:80 - create IPUIPlugin
2023-11-16 14:39:36,761 [INFO] PluginManager:220 - loadIPPluginJar : add hash
2023-11-16 14:39:36,773 [INFO] IPUIPlugin:80 - create IPUIPlugin
2023-11-16 14:39:36,774 [INFO] PluginManager:220 - loadIPPluginJar : add i2c
2023-11-16 14:39:36,782 [INFO] IPUIPlugin:80 - create IPUIPlugin
2023-11-16 14:39:36,784 [INFO] PluginManager:220 - loadIPPluginJar : add i2s
2023-11-16 14:39:36,793 [INFO] IPUIPlugin:80 - create IPUIPlugin
2023-11-16 14:39:36,793 [INFO] PluginManager:220 - loadIPPluginJar : add i3c
2023-11-16 14:39:36,805 [INFO] IPUIPlugin:80 - create IPUIPlugin
2023-11-16 14:39:36,805 [INFO] PluginManager:220 - loadIPPluginJar : add ipddr
2023-11-16 14:39:36,831 [INFO] IPUIPlugin:80 - create IPUIPlugin
2023-11-16 14:39:36,832 [INFO] PluginManager:220 - loadIPPluginJar : add linkedlist
2023-11-16 14:39:36,838 [INFO] IPUIPlugin:80 - create IPUIPlugin
2023-11-16 14:39:36,839 [INFO] PluginManager:220 - loadIPPluginJar : add lorawan
2023-11-16 14:39:36,842 [INFO] IPUIPlugin:80 - create IPUIPlugin
2023-11-16 14:39:36,843 [INFO] PluginManager:220 - loadIPPluginJar : add ltdc
2023-11-16 14:39:36,853 [INFO] IPUIPlugin:80 - create IPUIPlugin
2023-11-16 14:39:36,854 [INFO] PluginManager:220 - loadIPPluginJar : add mdma
2023-11-16 14:39:36,859 [INFO] IPUIPlugin:80 - create IPUIPlugin
2023-11-16 14:39:36,859 [INFO] PluginManager:220 - loadIPPluginJar : add nvic
2023-11-16 14:39:36,863 [INFO] IPUIPlugin:80 - create IPUIPlugin
2023-11-16 14:39:36,864 [INFO] PluginManager:220 - loadIPPluginJar : add opamp
2023-11-16 14:39:36,867 [INFO] IPUIPlugin:80 - create IPUIPlugin
2023-11-16 14:39:36,868 [INFO] PluginManager:220 - loadIPPluginJar : add openamp
2023-11-16 14:39:36,872 [INFO] IPUIPlugin:80 - create IPUIPlugin
2023-11-16 14:39:36,872 [INFO] PluginManager:220 - loadIPPluginJar : add pdm2pcm
2023-11-16 14:39:36,881 [INFO] IPUIPlugin:80 - create IPUIPlugin
2023-11-16 14:39:36,884 [INFO] PluginManager:220 - loadIPPluginJar : add plateformsettings
2023-11-16 14:39:36,887 [INFO] IPUIPlugin:80 - create IPUIPlugin
2023-11-16 14:39:36,887 [INFO] PluginManager:220 - loadIPPluginJar : add quadspi
2023-11-16 14:39:36,891 [INFO] IPUIPlugin:80 - create IPUIPlugin
2023-11-16 14:39:36,892 [INFO] PluginManager:220 - loadIPPluginJar : add resmgrutility
2023-11-16 14:39:36,896 [INFO] IPUIPlugin:80 - create IPUIPlugin
2023-11-16 14:39:36,896 [INFO] PluginManager:220 - loadIPPluginJar : add sai
2023-11-16 14:39:36,899 [INFO] IPUIPlugin:80 - create IPUIPlugin
2023-11-16 14:39:36,899 [INFO] PluginManager:220 - loadIPPluginJar : add spi
2023-11-16 14:39:36,905 [INFO] IPUIPlugin:80 - create IPUIPlugin
2023-11-16 14:39:36,905 [INFO] PluginManager:220 - loadIPPluginJar : add stm32_wpan
2023-11-16 14:39:36,907 [INFO] IPUIPlugin:80 - create IPUIPlugin
2023-11-16 14:39:36,908 [INFO] PluginManager:220 - loadIPPluginJar : add tim
2023-11-16 14:39:36,912 [INFO] IPUIPlugin:80 - create IPUIPlugin
2023-11-16 14:39:36,912 [INFO] PluginManager:220 - loadIPPluginJar : add touchsensing
2023-11-16 14:39:36,914 [INFO] IPUIPlugin:80 - create IPUIPlugin
2023-11-16 14:39:36,914 [INFO] PluginManager:220 - loadIPPluginJar : add tracer_emb
2023-11-16 14:39:36,917 [INFO] IPUIPlugin:80 - create IPUIPlugin
2023-11-16 14:39:36,917 [INFO] PluginManager:220 - loadIPPluginJar : add ts
2023-11-16 14:39:36,919 [INFO] IPUIPlugin:80 - create IPUIPlugin
2023-11-16 14:39:36,919 [INFO] PluginManager:220 - loadIPPluginJar : add tsc
2023-11-16 14:39:36,922 [INFO] IPUIPlugin:80 - create IPUIPlugin
2023-11-16 14:39:36,922 [INFO] PluginManager:220 - loadIPPluginJar : add ucpd
2023-11-16 14:39:36,926 [INFO] IPUIPlugin:80 - create IPUIPlugin
2023-11-16 14:39:36,926 [INFO] PluginManager:220 - loadIPPluginJar : add usart
2023-11-16 14:39:36,930 [INFO] IPUIPlugin:80 - create IPUIPlugin
2023-11-16 14:39:36,930 [INFO] PluginManager:220 - loadIPPluginJar : add usbx
2023-11-16 14:39:37,087 [INFO] CADModel:165 - CPN selected for project level
2023-11-16 14:39:37,087 [INFO] CADModel:114 - Register for checkConnection events
2023-11-16 14:39:37,088 [FATAL] Updater:308 - Updater called before beeing initialized
2023-11-16 14:39:37,088 [ERROR] CADModel:125 - Updater not yet initialized, retry later 
2023-11-16 14:39:37,604 [INFO] CADModel:165 - CPN selected for project level
2023-11-16 14:39:37,604 [INFO] CADModel:114 - Register for checkConnection events
2023-11-16 14:39:37,605 [FATAL] Updater:308 - Updater called before beeing initialized
2023-11-16 14:39:37,605 [ERROR] CADModel:125 - Updater not yet initialized, retry later 
2023-11-16 14:39:37,613 [FATAL] Updater:308 - Updater called before beeing initialized
2023-11-16 14:39:37,860 [FATAL] Updater:308 - Updater called before beeing initialized
2023-11-16 14:39:37,872 [INFO] DbMcusAds:53 - JSON generation date=Tue Mar 07 00:50:55 PST 2023 (1678179055335)
2023-11-16 14:39:37,872 [FATAL] Updater:308 - Updater called before beeing initialized
2023-11-16 14:39:37,944 [WARN] DetailPanel:346 - Failed to get advertising image, set to default
2023-11-16 14:39:38,165 [FATAL] Updater:308 - Updater called before beeing initialized
2023-11-16 14:39:38,171 [FATAL] Updater:308 - Updater called before beeing initialized
2023-11-16 14:39:38,171 [FATAL] Updater:308 - Updater called before beeing initialized
2023-11-16 14:39:38,171 [WARN] DetailPanel:346 - Failed to get advertising image, set to default
2023-11-16 14:39:38,173 [FATAL] Updater:308 - Updater called before beeing initialized
2023-11-16 14:39:38,295 [ERROR] Updater:1120 - MainUpdater not yet initialized. External WinMGr cannot be set.
2023-11-16 14:39:38,299 [INFO] Updater:1056 - Updater Version found : 6.9.2
2023-11-16 14:39:38,335 [INFO] ApplicationProperties:184 - Using Application install path: C:\ST\STM32CubeIDE_1.13.2\STM32CubeIDE\plugins\com.st.stm32cube.common.mx_6.9.2.202309101412
2023-11-16 14:39:38,366 [INFO] ThirdPartyUpdaterWithRetryManager:70 - Updater plugin not ready yet. [2/15]
2023-11-16 14:39:38,533 [INFO] MainUpdater:2868 - connection check result : 10
2023-11-16 14:39:38,534 [INFO] MainUpdater:285 - Updater Check For Update Now.
2023-11-16 14:39:38,534 [INFO] MicroXplorer:498 - Change Database Version : DB.6.0.92
2023-11-16 14:39:38,546 [INFO] McuFinderGlobals:63 - Set McuFinder mode to 2 (CubeIDE integrated)
2023-11-16 14:39:38,546 [INFO] UserAuth:179 - activating auth plugin
2023-11-16 14:39:38,550 [INFO] UserAuth:393 - Internet connection configuration mode: 1
2023-11-16 14:39:38,583 [INFO] JxBrowserEngine:151 - Initiate JxBrowser Engine with user profile folder
2023-11-16 14:39:38,783 [INFO] CheckServerUpdateThread:120 - End of CheckServer Thread
2023-11-16 14:39:40,154 [INFO] WebApp:157 - Instantiating new browser for Auth
2023-11-16 14:39:41,378 [INFO] WebApp:753 - Register for checkConnection events
2023-11-16 14:39:41,378 [INFO] WebApp:390 - Apply proxy settings
2023-11-16 14:39:41,379 [INFO] WebApp:475 - Chromium requires no authentication
2023-11-16 14:39:41,412 [INFO] WebApp:418 - Direct internet connection detected
2023-11-16 14:39:41,736 [WARN] PackLoader:240 - Cannot read IP mode file for STMicroelectronics.X-CUBE-SMBUS.2.1.0
2023-11-16 14:39:41,815 [WARN] PackLoader:240 - Cannot read IP mode file for STMicroelectronics.X-CUBE-AZRTOS-F7.1.1.0
2023-11-16 14:39:41,839 [WARN] PackLoader:240 - Cannot read IP mode file for STMicroelectronics.FP-SNS-MOTENV1.4.3.2
2023-11-16 14:39:41,855 [WARN] PackLoader:240 - Cannot read IP mode file for STMicroelectronics.FP-SNS-FLIGHT1.5.0.2
2023-11-16 14:39:41,873 [WARN] PackLoader:240 - Cannot read IP mode file for STMicroelectronics.X-CUBE-DISPLAY.3.0.0
2023-11-16 14:39:41,902 [WARN] PackLoader:240 - Cannot read IP mode file for STMicroelectronics.X-CUBE-BLE1.7.0.0
2023-11-16 14:39:41,915 [WARN] PackLoader:240 - Cannot read IP mode file for emotas.I-CUBE-CANOPEN.1.3.0
2023-11-16 14:39:41,926 [WARN] PackLoader:240 - Cannot read IP mode file for STMicroelectronics.X-CUBE-TOUCHGFX.4.22.0
2023-11-16 14:39:41,930 [WARN] PackLoader:240 - Cannot read IP mode file for STMicroelectronics.X-CUBE-TOUCHGFX.4.22.1
2023-11-16 14:39:41,939 [WARN] PackLoader:240 - Cannot read IP mode file for STMicroelectronics.FP-SNS-SMARTAG2.1.2.0
2023-11-16 14:39:41,981 [INFO] LogOutputStream:77 - [STDOUT_REDIRECT] 1 : Invalid condition id : UX_CORESTACK_Condition cause : null
2023-11-16 14:39:41,983 [INFO] LogOutputStream:77 - [STDOUT_REDIRECT] 1 : Invalid condition id : UX_CORESTACK_Condition cause : null
2023-11-16 14:39:41,985 [INFO] WebApp:188 - Starting web application
2023-11-16 14:39:41,986 [INFO] WebApp:520 - Web application path used C:\ST\STM32CubeIDE_1.13.2\STM32CubeIDE\plugins\com.st.stm32cube.common.mx_6.9.2.202309101412\db\plugins\mcufinder\reactClient1\index.html
2023-11-16 14:39:41,986 [INFO] LogOutputStream:77 - [STDOUT_REDIRECT] 1 : Invalid condition id : UX_CORESTACK_Condition cause : null
2023-11-16 14:39:41,990 [INFO] LogOutputStream:77 - [STDOUT_REDIRECT] 1 : Invalid condition id : UX_CORESTACK_Condition cause : null
2023-11-16 14:39:41,993 [INFO] LogOutputStream:77 - [STDOUT_REDIRECT] 1 : Invalid condition id : UX_CORESTACK_Condition cause : null
2023-11-16 14:39:42,003 [WARN] PackLoader:240 - Cannot read IP mode file for STMicroelectronics.X-CUBE-AZRTOS-WL.2.0.0
2023-11-16 14:39:42,033 [WARN] PackLoader:240 - Cannot read IP mode file for WES.I-CUBE-Cesium.1.3.0
2023-11-16 14:39:42,047 [WARN] PackLoader:240 - Cannot read IP mode file for STMicroelectronics.X-CUBE-BLE2.3.3.0
2023-11-16 14:39:42,067 [WARN] PackLoader:240 - Cannot read IP mode file for STMicroelectronics.X-CUBE-ALGOBUILD.1.3.0
2023-11-16 14:39:42,105 [WARN] PackLoader:240 - Cannot read IP mode file for STMicroelectronics.X-CUBE-AZRTOS-G0.1.1.0
2023-11-16 14:39:42,122 [WARN] PackLoader:240 - Cannot read IP mode file for STMicroelectronics.X-CUBE-NFC4.3.0.0
2023-11-16 14:39:42,145 [WARN] PackLoader:240 - Cannot read IP mode file for STMicroelectronics.X-CUBE-BLEMGR.3.0.0
2023-11-16 14:39:42,157 [WARN] PackLoader:240 - Cannot read IP mode file for STMicroelectronics.FP-ATR-SIGFOX1.3.2.0
2023-11-16 14:39:42,233 [WARN] PackLoader:240 - Cannot read IP mode file for SEGGER.I-CUBE-embOS.1.3.1
2023-11-16 14:39:42,339 [WARN] PackLoader:240 - Cannot read IP mode file for STMicroelectronics.X-CUBE-GNSS1.6.0.0
2023-11-16 14:39:42,386 [WARN] PackLoader:240 - Cannot read IP mode file for STMicroelectronics.X-CUBE-AZRTOS-F4.1.1.0
2023-11-16 14:39:42,401 [WARN] PackLoader:240 - Cannot read IP mode file for wolfSSL.I-CUBE-wolfSSL.5.6.3
2023-11-16 14:39:42,438 [WARN] PackLoader:240 - Cannot read IP mode file for STMicroelectronics.X-CUBE-AZRTOS-L5.2.0.0
2023-11-16 14:39:42,544 [WARN] PackLoader:240 - Cannot read IP mode file for STMicroelectronics.X-CUBE-MEMS1.9.6.0
2023-11-16 14:39:42,875 [WARN] PackLoader:240 - Cannot read IP mode file for STMicroelectronics.X-CUBE-EEPRMA1.4.2.0
2023-11-16 14:39:42,885 [WARN] PackLoader:240 - Cannot read IP mode file for ITTIA_DB.I-CUBE-ITTIADB.8.8.0
2023-11-16 14:39:42,897 [WARN] PackLoader:240 - Cannot read IP mode file for STMicroelectronics.X-CUBE-BLEMGR.2.0.0
2023-11-16 14:39:42,928 [WARN] ConditionMgr:438 - getConditionDescription Invalid condition id : UX DEVICE CLASS RTOS Condition cause : null
2023-11-16 14:39:42,928 [WARN] ConditionMgr:438 - getConditionDescription Invalid condition id : UX DEVICE CLASS RTOS Condition cause : null
2023-11-16 14:39:42,934 [WARN] PackLoader:240 - Cannot read IP mode file for STMicroelectronics.X-CUBE-AZRTOS-H7.3.1.0
2023-11-16 14:39:42,936 [WARN] ConditionMgr:1039 - genDependencies : Invalid condition id : UX DEVICE CLASS RTOS Condition cause : null
2023-11-16 14:39:42,936 [WARN] ConditionMgr:1039 - genDependencies : Invalid condition id : UX DEVICE CLASS RTOS Condition cause : null
2023-11-16 14:39:42,937 [WARN] ConditionMgr:1039 - genDependencies : Invalid condition id : UX DEVICE CLASS RTOS Condition cause : null
2023-11-16 14:39:42,937 [WARN] ConditionMgr:1039 - genDependencies : Invalid condition id : UX DEVICE CLASS RTOS Condition cause : null
2023-11-16 14:39:42,937 [WARN] ConditionMgr:1039 - genDependencies : Invalid condition id : UX DEVICE CLASS RTOS Condition cause : null
2023-11-16 14:39:42,950 [WARN] PackLoader:240 - Cannot read IP mode file for STMicroelectronics.X-CUBE-NFC7.1.0.1
2023-11-16 14:39:42,970 [WARN] PackLoader:240 - Cannot read IP mode file for STMicroelectronics.X-CUBE-NFC6.3.0.0
2023-11-16 14:39:42,981 [WARN] PackLoader:240 - Cannot read IP mode file for STMicroelectronics.X-CUBE-EEPRMA1.4.1.0
2023-11-16 14:39:42,989 [WARN] PackLoader:240 - Cannot read IP mode file for STMicroelectronics.X-CUBE-AI.8.1.0
2023-11-16 14:39:43,022 [WARN] ConditionMgr:438 - getConditionDescription Invalid condition id : LAN8742 Phy interface Condition cause : null
2023-11-16 14:39:43,024 [WARN] PackLoader:240 - Cannot read IP mode file for STMicroelectronics.X-CUBE-AZRTOS-L4.2.0.0
2023-11-16 14:39:43,027 [WARN] ConditionMgr:1039 - genDependencies : Invalid condition id : LAN8742 Phy interface Condition cause : null
2023-11-16 14:39:43,029 [WARN] ConditionMgr:1039 - genDependencies : Invalid condition id : LAN8742 Phy interface Condition cause : null
2023-11-16 14:39:43,030 [WARN] ConditionMgr:1039 - genDependencies : Invalid condition id : LAN8742 Phy interface Condition cause : null
2023-11-16 14:39:43,045 [WARN] PackLoader:240 - Cannot read IP mode file for STMicroelectronics.X-CUBE-SFXS2LP1.4.0.0
2023-11-16 14:39:43,053 [WARN] PackLoader:240 - Cannot read IP mode file for STMicroelectronics.X-CUBE-ISPU.1.1.0
2023-11-16 14:39:43,076 [WARN] ConditionMgr:438 - getConditionDescription Invalid condition id : UX DEVICE CLASS RTOS Condition cause : null
2023-11-16 14:39:43,076 [WARN] ConditionMgr:438 - getConditionDescription Invalid condition id : UX DEVICE CLASS RTOS Condition cause : null
2023-11-16 14:39:43,081 [WARN] PackLoader:240 - Cannot read IP mode file for STMicroelectronics.X-CUBE-AZRTOS-WB.2.0.0
2023-11-16 14:39:43,082 [WARN] ConditionMgr:1039 - genDependencies : Invalid condition id : UX DEVICE CLASS RTOS Condition cause : null
2023-11-16 14:39:43,083 [WARN] ConditionMgr:1039 - genDependencies : Invalid condition id : UX DEVICE CLASS RTOS Condition cause : null
2023-11-16 14:39:43,083 [WARN] ConditionMgr:1039 - genDependencies : Invalid condition id : UX DEVICE CLASS RTOS Condition cause : null
2023-11-16 14:39:43,083 [WARN] ConditionMgr:1039 - genDependencies : Invalid condition id : UX DEVICE CLASS RTOS Condition cause : null
2023-11-16 14:39:43,084 [WARN] ConditionMgr:1039 - genDependencies : Invalid condition id : UX DEVICE CLASS RTOS Condition cause : null
2023-11-16 14:39:43,103 [WARN] PackLoader:240 - Cannot read IP mode file for STMicroelectronics.X-CUBE-SUBG2.5.0.0
2023-11-16 14:39:43,128 [WARN] PackLoader:240 - Cannot read IP mode file for STMicroelectronics.X-CUBE-TOF1.3.3.1
2023-11-16 14:39:43,165 [WARN] PackLoader:240 - Cannot read IP mode file for STMicroelectronics.X-CUBE-AZRTOS-G4.2.0.0
2023-11-16 14:39:43,190 [WARN] PackLoader:240 - Cannot read IP mode file for Infineon.AIROC-Wi-Fi-Bluetooth-STM32.1.5.1
2023-11-16 14:39:43,203 [WARN] PackLoader:240 - Cannot read IP mode file for STMicroelectronics.FP-SNS-MOTENVWB1.1.3.0
2023-11-16 14:39:43,277 [WARN] PackLoader:240 - Cannot read IP mode file for STMicroelectronics.X-CUBE-MEMS1.10.0.0
2023-11-16 14:39:43,481 [WARN] PackLoader:240 - Cannot read IP mode file for STMicroelectronics.X-CUBE-FREERTOS.1.1.0
2023-11-16 14:39:43,491 [WARN] PackLoader:240 - Cannot read IP mode file for portGmbH.I-Cube-SoM-uGOAL.1.1.0
2023-11-16 14:39:43,498 [WARN] PackLoader:240 - Cannot read IP mode file for STMicroelectronics.X-CUBE-ALS.1.0.1
2023-11-16 14:39:43,505 [WARN] PackLoader:240 - Cannot read IP mode file for STMicroelectronics.FP-ATR-ASTRA1.2.0.0
2023-11-16 14:39:43,506 [INFO] ThirdParty:978 - Integrity check success = true
2023-11-16 14:39:43,506 [INFO] IntegrityCheckThread:100 - exiting critical section [integrity check]
2023-11-16 14:39:43,506 [INFO] IntegrityCheckThread:103 - End integrity checks thread
2023-11-16 14:40:03,607 [ERROR] LogOutputStream:75 - [STDERR_REDIRECT] SLF4J: Failed to load class "org.slf4j.impl.StaticLoggerBinder".
2023-11-16 14:40:03,609 [ERROR] LogOutputStream:75 - [STDERR_REDIRECT] SLF4J: Defaulting to no-operation (NOP) logger implementation
2023-11-16 14:40:03,612 [ERROR] LogOutputStream:75 - [STDERR_REDIRECT] SLF4J: See http://www.slf4j.org/codes.html#StaticLoggerBinder for further details.
