2023-11-17 11:56:42,968 [ERROR] ConfigurationRetriever:142 - IOException on connection: Read timed out
2023-11-17 11:56:51,841 [ERROR] LogOutputStream:75 - [STDERR_REDIRECT] 
2023-11-17 14:20:07,038 [INFO] Activator:176 - 


2023-11-17 14:20:07,043 [INFO] Activator:177 - !SESSION log4j initialized
2023-11-17 14:20:16,538 [INFO] LogOutputStream:77 - [STDOUT_REDIRECT] 
2023-11-17 14:20:19,604 [INFO] ApplicationProperties:184 - Using Application install path: C:\ST\STM32CubeIDE_1.13.2\STM32CubeIDE\plugins\com.st.stm32cube.common.mx_6.9.2.202309101412
2023-11-17 14:20:19,645 [INFO] DbMcusXml:78 - Set database path to: C:\ST\STM32CubeIDE_1.13.2\STM32CubeIDE\plugins\com.st.stm32cube.common.mx_6.9.2.202309101412\\db\/mcu/
2023-11-17 14:20:19,645 [INFO] ApiDb:274 - Set plugin database path to: C:\ST\STM32CubeIDE_1.13.2\STM32CubeIDE\plugins\com.st.stm32cube.common.mx_6.9.2.202309101412\\db\/plugins/boardmanager/
2023-11-17 14:20:19,647 [WARN] ApiDb:259 - Overriding images path with different value:  => C:\ST\STM32CubeIDE_1.13.2\STM32CubeIDE\plugins\com.st.stm32cube.common.mx_6.9.2.202309101412\\db\/plugins/mcufinder/images/
2023-11-17 14:20:19,664 [INFO] ApiDb:250 - Set database path to: C:\Users\emily\.stmcufinder\plugins\mcufinder//mcu/
2023-11-17 14:20:19,668 [INFO] DbMcusAds:125 - Set database path to: C:\Users\emily\.stmcufinder\plugins\mcufinder//mcu/
2023-11-17 14:20:19,672 [INFO] CrossReferenceDbSqlite:203 - Set database path to: C:\Users\emily\.stmcufinder\plugins\mcufinder//mcu/cs/
2023-11-17 14:20:19,973 [INFO] RulesReader:64 - Compatibility file has been processed (293 Rules)
2023-11-17 14:20:20,217 [INFO] DbMcusXml:78 - Set database path to: C:\ST\STM32CubeIDE_1.13.2\STM32CubeIDE\plugins\com.st.stm32cube.common.mx_6.9.2.202309101412\\db\/mcu/
2023-11-17 14:20:20,217 [INFO] ApiDb:274 - Set plugin database path to: C:\ST\STM32CubeIDE_1.13.2\STM32CubeIDE\plugins\com.st.stm32cube.common.mx_6.9.2.202309101412\\db\/plugins/boardmanager/
2023-11-17 14:20:20,217 [INFO] ApiDb:261 - Set plugin images path to: C:\ST\STM32CubeIDE_1.13.2\STM32CubeIDE\plugins\com.st.stm32cube.common.mx_6.9.2.202309101412\\db\/plugins/mcufinder/images/
2023-11-17 14:20:20,218 [WARN] DbFile:41 - Overriding database path with different value: C:\Users\emily\.stmcufinder\plugins\mcufinder/ => C:\Users\emily\.stmcufinder\plugins\mcufinder
2023-11-17 14:20:20,218 [INFO] ApiDb:250 - Set database path to: C:\Users\emily\.stmcufinder\plugins\mcufinder//mcu/
2023-11-17 14:20:20,218 [WARN] DbFile:41 - Overriding database path with different value: C:\Users\emily\.stmcufinder\plugins\mcufinder/ => C:\Users\emily\.stmcufinder\plugins\mcufinder
2023-11-17 14:20:20,219 [INFO] DbMcusAds:125 - Set database path to: C:\Users\emily\.stmcufinder\plugins\mcufinder//mcu/
2023-11-17 14:20:20,219 [WARN] DbFile:41 - Overriding database path with different value: C:\Users\emily\.stmcufinder\plugins\mcufinder/ => C:\Users\emily\.stmcufinder\plugins\mcufinder
2023-11-17 14:20:20,219 [WARN] DbFile:41 - Overriding database path with different value: C:\Users\emily\.stmcufinder\plugins\mcufinder/ => C:\Users\emily\.stmcufinder\plugins\mcufinder
2023-11-17 14:20:20,219 [INFO] CrossReferenceDbSqlite:203 - Set database path to: C:\Users\emily\.stmcufinder\plugins\mcufinder//mcu/cs/
2023-11-17 14:20:20,448 [INFO] MainPanel:262 - HeapMemory: 268435456
2023-11-17 14:20:20,694 [INFO] DbMcusXml:78 - Set database path to: C:\ST\STM32CubeIDE_1.13.2\STM32CubeIDE\plugins\com.st.stm32cube.common.mx_6.9.2.202309101412\\db\/mcu/
2023-11-17 14:20:20,694 [INFO] ApiDb:274 - Set plugin database path to: C:\ST\STM32CubeIDE_1.13.2\STM32CubeIDE\plugins\com.st.stm32cube.common.mx_6.9.2.202309101412\\db\/plugins/boardmanager/
2023-11-17 14:20:20,694 [INFO] ApiDb:261 - Set plugin images path to: C:\ST\STM32CubeIDE_1.13.2\STM32CubeIDE\plugins\com.st.stm32cube.common.mx_6.9.2.202309101412\\db\/plugins/mcufinder/images/
2023-11-17 14:20:20,695 [WARN] DbFile:41 - Overriding database path with different value: C:\Users\emily\.stmcufinder\plugins\mcufinder/ => C:\Users\emily\.stmcufinder\plugins\mcufinder
2023-11-17 14:20:20,695 [INFO] ApiDb:250 - Set database path to: C:\Users\emily\.stmcufinder\plugins\mcufinder//mcu/
2023-11-17 14:20:20,696 [WARN] DbFile:41 - Overriding database path with different value: C:\Users\emily\.stmcufinder\plugins\mcufinder/ => C:\Users\emily\.stmcufinder\plugins\mcufinder
2023-11-17 14:20:20,696 [INFO] DbMcusAds:125 - Set database path to: C:\Users\emily\.stmcufinder\plugins\mcufinder//mcu/
2023-11-17 14:20:20,696 [WARN] DbFile:41 - Overriding database path with different value: C:\Users\emily\.stmcufinder\plugins\mcufinder/ => C:\Users\emily\.stmcufinder\plugins\mcufinder
2023-11-17 14:20:20,696 [WARN] DbFile:41 - Overriding database path with different value: C:\Users\emily\.stmcufinder\plugins\mcufinder/ => C:\Users\emily\.stmcufinder\plugins\mcufinder
2023-11-17 14:20:20,697 [INFO] CrossReferenceDbSqlite:203 - Set database path to: C:\Users\emily\.stmcufinder\plugins\mcufinder//mcu/cs/
2023-11-17 14:20:20,729 [INFO] ApplicationProperties:184 - Using Application install path: C:\ST\STM32CubeIDE_1.13.2\STM32CubeIDE\plugins\com.st.stm32cube.common.mx_6.9.2.202309101412
2023-11-17 14:20:20,732 [INFO] PluginManage:196 - Search for loadable plugins [exclusion list=, ]
2023-11-17 14:20:20,734 [INFO] PluginManage:310 - Check plugin analytics
2023-11-17 14:20:21,229 [INFO] AnalyticsPlugin:253 - Accepted Software Licenses: 
2023-11-17 14:20:21,230 [INFO] AnalyticsPlugin:255 - Accepted CMSIS Pack Licenses: 
2023-11-17 14:20:21,230 [INFO] AnalyticsPlugin:257 - Accepted Firmware Licenses: FW.F4.1.27.0
2023-11-17 14:20:21,234 [INFO] PluginManage:359 - Loaded plugin analytics (category:tool,tabindex:-1)
2023-11-17 14:20:21,234 [INFO] PluginManage:310 - Check plugin cadmodel
2023-11-17 14:20:21,243 [INFO] CADModel:105 - Init CAD model plugin
2023-11-17 14:20:21,243 [INFO] PluginManage:359 - Loaded plugin cadmodel (category:power,tabindex:5)
2023-11-17 14:20:21,244 [INFO] PluginManage:310 - Check plugin clock
2023-11-17 14:20:21,260 [INFO] PluginManage:359 - Loaded plugin clock (category:base,tabindex:2)
2023-11-17 14:20:21,261 [INFO] PluginManage:310 - Check plugin ddr
2023-11-17 14:20:21,264 [INFO] PluginManage:359 - Loaded plugin ddr (category:tool,tabindex:6)
2023-11-17 14:20:21,264 [INFO] PluginManage:310 - Check plugin filemanager
2023-11-17 14:20:21,488 [INFO] PluginManage:359 - Loaded plugin filemanager (category:base,tabindex:10)
2023-11-17 14:20:21,488 [INFO] PluginManage:310 - Check plugin ipmanager
2023-11-17 14:20:21,502 [INFO] PluginManage:359 - Loaded plugin ipmanager (category:base,tabindex:5)
2023-11-17 14:20:21,502 [INFO] PluginManage:310 - Check plugin lpbam
2023-11-17 14:20:21,520 [INFO] PluginManage:359 - Loaded plugin lpbam (category:base,tabindex:0)
2023-11-17 14:20:21,521 [INFO] PluginManage:310 - Check plugin memorymap
2023-11-17 14:20:21,558 [INFO] PluginManage:359 - Loaded plugin memorymap (category:base,tabindex:4)
2023-11-17 14:20:21,559 [INFO] PluginManage:310 - Check plugin pinoutandconfiguration
2023-11-17 14:20:21,576 [INFO] PluginManage:359 - Loaded plugin pinoutandconfiguration (category:base,tabindex:1)
2023-11-17 14:20:21,576 [INFO] PluginManage:310 - Check plugin pinoutconfig
2023-11-17 14:20:21,753 [WARN] SupportedApi:132 - Cannot load RTOS API schema: s4s-elt-must-match.1: The content of 'definitions' must match (annotation?, (simpleType | complexType)?, (unique | key | keyref)*)). A problem was found starting at: attribute.
2023-11-17 14:20:22,024 [INFO] PluginManage:359 - Loaded plugin pinoutconfig (category:base,tabindex:0)
2023-11-17 14:20:22,024 [INFO] PluginManage:310 - Check plugin power
2023-11-17 14:20:22,045 [INFO] PluginManage:359 - Loaded plugin power (category:power,tabindex:4)
2023-11-17 14:20:22,045 [INFO] PluginManage:310 - Check plugin projectmanager
2023-11-17 14:20:22,085 [INFO] PluginManage:359 - Loaded plugin projectmanager (category:projectmanager,tabindex:3)
2023-11-17 14:20:22,086 [INFO] PluginManage:310 - Check plugin thirdparty
2023-11-17 14:20:22,347 [INFO] PluginManage:359 - Loaded plugin thirdparty (category:base,tabindex:-1)
2023-11-17 14:20:22,347 [WARN] IntegrityCheckThread:84 - waiting for thirdparty lock release [integrity check]
2023-11-17 14:20:22,347 [INFO] PluginManage:310 - Check plugin tools
2023-11-17 14:20:22,347 [INFO] IntegrityCheckThread:86 - entering critical section [integrity check]
2023-11-17 14:20:22,348 [INFO] ThirdPartyUpdaterWithRetryManager:70 - Updater plugin not ready yet. [1/15]
2023-11-17 14:20:22,352 [INFO] PluginManage:359 - Loaded plugin tools (category:base,tabindex:7)
2023-11-17 14:20:22,353 [INFO] PluginManage:310 - Check plugin tutovideos
2023-11-17 14:20:22,824 [INFO] PluginManage:359 - Loaded plugin tutovideos (category:base,tabindex:-1)
2023-11-17 14:20:22,825 [INFO] PluginManage:310 - Check plugin updater
2023-11-17 14:20:22,854 [INFO] PluginManage:359 - Loaded plugin updater (category:base,tabindex:12)
2023-11-17 14:20:22,854 [INFO] PluginManage:310 - Check plugin userauth
2023-11-17 14:20:22,869 [INFO] UserAuth:113 - Init User Auth plugin
2023-11-17 14:20:22,869 [INFO] PluginManage:359 - Loaded plugin userauth (category:base,tabindex:14)
2023-11-17 14:20:22,873 [INFO] PluginManage:283 - PluginManage : Loaded plugins [17]
2023-11-17 14:20:23,628 [INFO] PinOutPanel:1499 - setPackage(No Configuration,No Configuration)
2023-11-17 14:20:23,834 [INFO] CADModel:165 - CPN selected for project level
2023-11-17 14:20:23,834 [INFO] CADModel:114 - Register for checkConnection events
2023-11-17 14:20:23,859 [INFO] IPUIPlugin:80 - create IPUIPlugin
2023-11-17 14:20:23,859 [INFO] PluginManager:220 - loadIPPluginJar : add adc
2023-11-17 14:20:23,862 [INFO] IPUIPlugin:80 - create IPUIPlugin
2023-11-17 14:20:23,862 [INFO] PluginManager:220 - loadIPPluginJar : add aes
2023-11-17 14:20:23,866 [INFO] IPUIPlugin:80 - create IPUIPlugin
2023-11-17 14:20:23,866 [INFO] PluginManager:220 - loadIPPluginJar : add can
2023-11-17 14:20:23,869 [INFO] IPUIPlugin:80 - create IPUIPlugin
2023-11-17 14:20:23,869 [INFO] PluginManager:220 - loadIPPluginJar : add comp
2023-11-17 14:20:23,871 [INFO] IPUIPlugin:80 - create IPUIPlugin
2023-11-17 14:20:23,872 [INFO] PluginManager:220 - loadIPPluginJar : add cryp
2023-11-17 14:20:23,875 [INFO] IPUIPlugin:80 - create IPUIPlugin
2023-11-17 14:20:23,875 [INFO] PluginManager:220 - loadIPPluginJar : add dfsdm
2023-11-17 14:20:23,882 [INFO] IPUIPlugin:80 - create IPUIPlugin
2023-11-17 14:20:23,882 [INFO] PluginManager:220 - loadIPPluginJar : add dma
2023-11-17 14:20:23,886 [INFO] IPUIPlugin:80 - create IPUIPlugin
2023-11-17 14:20:23,886 [INFO] PluginManager:220 - loadIPPluginJar : add dma3
2023-11-17 14:20:23,888 [INFO] IPUIPlugin:80 - create IPUIPlugin
2023-11-17 14:20:23,889 [INFO] PluginManager:220 - loadIPPluginJar : add fatfs
2023-11-17 14:20:23,894 [INFO] IPUIPlugin:80 - create IPUIPlugin
2023-11-17 14:20:23,894 [INFO] PluginManager:220 - loadIPPluginJar : add fmc
2023-11-17 14:20:23,902 [INFO] IPUIPlugin:80 - create IPUIPlugin
2023-11-17 14:20:23,902 [INFO] PluginManager:220 - loadIPPluginJar : add freertos
2023-11-17 14:20:23,905 [INFO] IPUIPlugin:80 - create IPUIPlugin
2023-11-17 14:20:23,905 [INFO] PluginManager:220 - loadIPPluginJar : add genericplugin
2023-11-17 14:20:23,909 [INFO] IPUIPlugin:80 - create IPUIPlugin
2023-11-17 14:20:23,909 [INFO] PluginManager:220 - loadIPPluginJar : add gfxmmu
2023-11-17 14:20:23,917 [INFO] IPUIPlugin:80 - create IPUIPlugin
2023-11-17 14:20:23,917 [INFO] PluginManager:220 - loadIPPluginJar : add gic
2023-11-17 14:20:23,925 [INFO] IPUIPlugin:80 - create IPUIPlugin
2023-11-17 14:20:23,925 [INFO] PluginManager:220 - loadIPPluginJar : add gpio
2023-11-17 14:20:23,930 [INFO] IPUIPlugin:80 - create IPUIPlugin
2023-11-17 14:20:23,930 [INFO] PluginManager:220 - loadIPPluginJar : add gtzc
2023-11-17 14:20:23,935 [INFO] IPUIPlugin:80 - create IPUIPlugin
2023-11-17 14:20:23,935 [INFO] PluginManager:220 - loadIPPluginJar : add hash
2023-11-17 14:20:23,940 [INFO] IPUIPlugin:80 - create IPUIPlugin
2023-11-17 14:20:23,940 [INFO] PluginManager:220 - loadIPPluginJar : add i2c
2023-11-17 14:20:23,945 [INFO] IPUIPlugin:80 - create IPUIPlugin
2023-11-17 14:20:23,945 [INFO] PluginManager:220 - loadIPPluginJar : add i2s
2023-11-17 14:20:23,950 [INFO] IPUIPlugin:80 - create IPUIPlugin
2023-11-17 14:20:23,951 [INFO] PluginManager:220 - loadIPPluginJar : add i3c
2023-11-17 14:20:23,957 [INFO] IPUIPlugin:80 - create IPUIPlugin
2023-11-17 14:20:23,957 [INFO] PluginManager:220 - loadIPPluginJar : add ipddr
2023-11-17 14:20:23,970 [INFO] IPUIPlugin:80 - create IPUIPlugin
2023-11-17 14:20:23,970 [INFO] PluginManager:220 - loadIPPluginJar : add linkedlist
2023-11-17 14:20:23,975 [INFO] IPUIPlugin:80 - create IPUIPlugin
2023-11-17 14:20:23,976 [INFO] PluginManager:220 - loadIPPluginJar : add lorawan
2023-11-17 14:20:23,978 [INFO] IPUIPlugin:80 - create IPUIPlugin
2023-11-17 14:20:23,979 [INFO] PluginManager:220 - loadIPPluginJar : add ltdc
2023-11-17 14:20:23,991 [INFO] IPUIPlugin:80 - create IPUIPlugin
2023-11-17 14:20:23,992 [INFO] PluginManager:220 - loadIPPluginJar : add mdma
2023-11-17 14:20:23,996 [INFO] IPUIPlugin:80 - create IPUIPlugin
2023-11-17 14:20:23,997 [INFO] PluginManager:220 - loadIPPluginJar : add nvic
2023-11-17 14:20:24,000 [INFO] IPUIPlugin:80 - create IPUIPlugin
2023-11-17 14:20:24,001 [INFO] PluginManager:220 - loadIPPluginJar : add opamp
2023-11-17 14:20:24,004 [INFO] IPUIPlugin:80 - create IPUIPlugin
2023-11-17 14:20:24,004 [INFO] PluginManager:220 - loadIPPluginJar : add openamp
2023-11-17 14:20:24,009 [INFO] IPUIPlugin:80 - create IPUIPlugin
2023-11-17 14:20:24,009 [INFO] PluginManager:220 - loadIPPluginJar : add pdm2pcm
2023-11-17 14:20:24,016 [INFO] IPUIPlugin:80 - create IPUIPlugin
2023-11-17 14:20:24,019 [INFO] PluginManager:220 - loadIPPluginJar : add plateformsettings
2023-11-17 14:20:24,021 [INFO] IPUIPlugin:80 - create IPUIPlugin
2023-11-17 14:20:24,022 [INFO] PluginManager:220 - loadIPPluginJar : add quadspi
2023-11-17 14:20:24,026 [INFO] IPUIPlugin:80 - create IPUIPlugin
2023-11-17 14:20:24,026 [INFO] PluginManager:220 - loadIPPluginJar : add resmgrutility
2023-11-17 14:20:24,030 [INFO] IPUIPlugin:80 - create IPUIPlugin
2023-11-17 14:20:24,030 [INFO] PluginManager:220 - loadIPPluginJar : add sai
2023-11-17 14:20:24,033 [INFO] IPUIPlugin:80 - create IPUIPlugin
2023-11-17 14:20:24,033 [INFO] PluginManager:220 - loadIPPluginJar : add spi
2023-11-17 14:20:24,040 [INFO] IPUIPlugin:80 - create IPUIPlugin
2023-11-17 14:20:24,040 [INFO] PluginManager:220 - loadIPPluginJar : add stm32_wpan
2023-11-17 14:20:24,043 [INFO] IPUIPlugin:80 - create IPUIPlugin
2023-11-17 14:20:24,043 [INFO] PluginManager:220 - loadIPPluginJar : add tim
2023-11-17 14:20:24,048 [INFO] IPUIPlugin:80 - create IPUIPlugin
2023-11-17 14:20:24,048 [INFO] PluginManager:220 - loadIPPluginJar : add touchsensing
2023-11-17 14:20:24,051 [INFO] IPUIPlugin:80 - create IPUIPlugin
2023-11-17 14:20:24,052 [INFO] PluginManager:220 - loadIPPluginJar : add tracer_emb
2023-11-17 14:20:24,054 [INFO] IPUIPlugin:80 - create IPUIPlugin
2023-11-17 14:20:24,055 [INFO] PluginManager:220 - loadIPPluginJar : add ts
2023-11-17 14:20:24,057 [INFO] IPUIPlugin:80 - create IPUIPlugin
2023-11-17 14:20:24,057 [INFO] PluginManager:220 - loadIPPluginJar : add tsc
2023-11-17 14:20:24,062 [INFO] IPUIPlugin:80 - create IPUIPlugin
2023-11-17 14:20:24,063 [INFO] PluginManager:220 - loadIPPluginJar : add ucpd
2023-11-17 14:20:24,066 [INFO] IPUIPlugin:80 - create IPUIPlugin
2023-11-17 14:20:24,066 [INFO] PluginManager:220 - loadIPPluginJar : add usart
2023-11-17 14:20:24,071 [INFO] IPUIPlugin:80 - create IPUIPlugin
2023-11-17 14:20:24,071 [INFO] PluginManager:220 - loadIPPluginJar : add usbx
2023-11-17 14:20:24,220 [INFO] CADModel:165 - CPN selected for project level
2023-11-17 14:20:24,220 [INFO] CADModel:114 - Register for checkConnection events
2023-11-17 14:20:24,220 [FATAL] Updater:308 - Updater called before beeing initialized
2023-11-17 14:20:24,220 [ERROR] CADModel:125 - Updater not yet initialized, retry later 
2023-11-17 14:20:24,619 [INFO] CADModel:165 - CPN selected for project level
2023-11-17 14:20:24,619 [INFO] CADModel:114 - Register for checkConnection events
2023-11-17 14:20:24,619 [FATAL] Updater:308 - Updater called before beeing initialized
2023-11-17 14:20:24,621 [ERROR] CADModel:125 - Updater not yet initialized, retry later 
2023-11-17 14:20:24,628 [FATAL] Updater:308 - Updater called before beeing initialized
2023-11-17 14:20:24,782 [FATAL] Updater:308 - Updater called before beeing initialized
2023-11-17 14:20:24,794 [INFO] DbMcusAds:53 - JSON generation date=Tue Mar 07 00:50:55 PST 2023 (1678179055335)
2023-11-17 14:20:24,794 [FATAL] Updater:308 - Updater called before beeing initialized
2023-11-17 14:20:24,849 [WARN] DetailPanel:346 - Failed to get advertising image, set to default
2023-11-17 14:20:25,075 [FATAL] Updater:308 - Updater called before beeing initialized
2023-11-17 14:20:25,078 [FATAL] Updater:308 - Updater called before beeing initialized
2023-11-17 14:20:25,079 [FATAL] Updater:308 - Updater called before beeing initialized
2023-11-17 14:20:25,079 [WARN] DetailPanel:346 - Failed to get advertising image, set to default
2023-11-17 14:20:25,096 [FATAL] Updater:308 - Updater called before beeing initialized
2023-11-17 14:20:25,196 [ERROR] Updater:1120 - MainUpdater not yet initialized. External WinMGr cannot be set.
2023-11-17 14:20:25,201 [INFO] Updater:1056 - Updater Version found : 6.9.2
2023-11-17 14:20:25,228 [INFO] ApplicationProperties:184 - Using Application install path: C:\ST\STM32CubeIDE_1.13.2\STM32CubeIDE\plugins\com.st.stm32cube.common.mx_6.9.2.202309101412
2023-11-17 14:20:25,349 [INFO] ThirdPartyUpdaterWithRetryManager:70 - Updater plugin not ready yet. [2/15]
2023-11-17 14:20:25,592 [INFO] MainUpdater:2868 - connection check result : 10
2023-11-17 14:20:25,594 [INFO] MainUpdater:285 - Updater Check For Update Now.
2023-11-17 14:20:25,595 [INFO] MicroXplorer:498 - Change Database Version : DB.6.0.92
2023-11-17 14:20:25,617 [INFO] McuFinderGlobals:63 - Set McuFinder mode to 2 (CubeIDE integrated)
2023-11-17 14:20:25,618 [INFO] UserAuth:179 - activating auth plugin
2023-11-17 14:20:25,627 [INFO] UserAuth:393 - Internet connection configuration mode: 1
2023-11-17 14:20:25,700 [INFO] JxBrowserEngine:151 - Initiate JxBrowser Engine with user profile folder
2023-11-17 14:20:25,909 [INFO] CheckServerUpdateThread:120 - End of CheckServer Thread
2023-11-17 14:20:27,443 [INFO] WebApp:157 - Instantiating new browser for Auth
2023-11-17 14:20:28,744 [WARN] PackLoader:240 - Cannot read IP mode file for STMicroelectronics.X-CUBE-SMBUS.2.1.0
2023-11-17 14:20:28,824 [WARN] PackLoader:240 - Cannot read IP mode file for STMicroelectronics.X-CUBE-AZRTOS-F7.1.1.0
2023-11-17 14:20:28,841 [WARN] PackLoader:240 - Cannot read IP mode file for STMicroelectronics.FP-SNS-MOTENV1.4.3.2
2023-11-17 14:20:28,852 [WARN] PackLoader:240 - Cannot read IP mode file for STMicroelectronics.FP-SNS-FLIGHT1.5.0.2
2023-11-17 14:20:28,866 [WARN] PackLoader:240 - Cannot read IP mode file for STMicroelectronics.X-CUBE-DISPLAY.3.0.0
2023-11-17 14:20:28,887 [WARN] PackLoader:240 - Cannot read IP mode file for STMicroelectronics.X-CUBE-BLE1.7.0.0
2023-11-17 14:20:28,896 [WARN] PackLoader:240 - Cannot read IP mode file for emotas.I-CUBE-CANOPEN.1.3.0
2023-11-17 14:20:28,904 [WARN] PackLoader:240 - Cannot read IP mode file for STMicroelectronics.X-CUBE-TOUCHGFX.4.22.0
2023-11-17 14:20:28,908 [WARN] PackLoader:240 - Cannot read IP mode file for STMicroelectronics.X-CUBE-TOUCHGFX.4.22.1
2023-11-17 14:20:28,915 [WARN] PackLoader:240 - Cannot read IP mode file for STMicroelectronics.FP-SNS-SMARTAG2.1.2.0
2023-11-17 14:20:28,936 [INFO] LogOutputStream:77 - [STDOUT_REDIRECT] 1 : Invalid condition id : UX_CORESTACK_Condition cause : null
2023-11-17 14:20:28,936 [INFO] LogOutputStream:77 - [STDOUT_REDIRECT] 1 : Invalid condition id : UX_CORESTACK_Condition cause : null
2023-11-17 14:20:28,939 [INFO] LogOutputStream:77 - [STDOUT_REDIRECT] 1 : Invalid condition id : UX_CORESTACK_Condition cause : null
2023-11-17 14:20:28,942 [INFO] LogOutputStream:77 - [STDOUT_REDIRECT] 1 : Invalid condition id : UX_CORESTACK_Condition cause : null
2023-11-17 14:20:28,944 [INFO] LogOutputStream:77 - [STDOUT_REDIRECT] 1 : Invalid condition id : UX_CORESTACK_Condition cause : null
2023-11-17 14:20:28,951 [WARN] PackLoader:240 - Cannot read IP mode file for STMicroelectronics.X-CUBE-AZRTOS-WL.2.0.0
2023-11-17 14:20:28,972 [WARN] PackLoader:240 - Cannot read IP mode file for WES.I-CUBE-Cesium.1.3.0
2023-11-17 14:20:28,982 [WARN] PackLoader:240 - Cannot read IP mode file for STMicroelectronics.X-CUBE-BLE2.3.3.0
2023-11-17 14:20:29,007 [WARN] PackLoader:240 - Cannot read IP mode file for STMicroelectronics.X-CUBE-ALGOBUILD.1.3.0
2023-11-17 14:20:29,047 [WARN] PackLoader:240 - Cannot read IP mode file for STMicroelectronics.X-CUBE-AZRTOS-G0.1.1.0
2023-11-17 14:20:29,064 [WARN] PackLoader:240 - Cannot read IP mode file for STMicroelectronics.X-CUBE-NFC4.3.0.0
2023-11-17 14:20:29,085 [WARN] PackLoader:240 - Cannot read IP mode file for STMicroelectronics.X-CUBE-BLEMGR.3.0.0
2023-11-17 14:20:29,099 [WARN] PackLoader:240 - Cannot read IP mode file for STMicroelectronics.FP-ATR-SIGFOX1.3.2.0
2023-11-17 14:20:29,152 [WARN] PackLoader:240 - Cannot read IP mode file for SEGGER.I-CUBE-embOS.1.3.1
2023-11-17 14:20:29,170 [INFO] WebApp:753 - Register for checkConnection events
2023-11-17 14:20:29,170 [INFO] WebApp:390 - Apply proxy settings
2023-11-17 14:20:29,170 [INFO] WebApp:475 - Chromium requires no authentication
2023-11-17 14:20:29,191 [INFO] WebApp:418 - Direct internet connection detected
2023-11-17 14:20:29,213 [WARN] PackLoader:240 - Cannot read IP mode file for STMicroelectronics.X-CUBE-GNSS1.6.0.0
2023-11-17 14:20:29,241 [WARN] PackLoader:240 - Cannot read IP mode file for STMicroelectronics.X-CUBE-AZRTOS-F4.1.1.0
2023-11-17 14:20:29,249 [WARN] PackLoader:240 - Cannot read IP mode file for wolfSSL.I-CUBE-wolfSSL.5.6.3
2023-11-17 14:20:29,274 [WARN] PackLoader:240 - Cannot read IP mode file for STMicroelectronics.X-CUBE-AZRTOS-L5.2.0.0
2023-11-17 14:20:29,345 [WARN] PackLoader:240 - Cannot read IP mode file for STMicroelectronics.X-CUBE-MEMS1.9.6.0
2023-11-17 14:20:29,614 [WARN] PackLoader:240 - Cannot read IP mode file for STMicroelectronics.X-CUBE-EEPRMA1.4.2.0
2023-11-17 14:20:29,624 [WARN] PackLoader:240 - Cannot read IP mode file for ITTIA_DB.I-CUBE-ITTIADB.8.8.0
2023-11-17 14:20:29,631 [INFO] WebApp:188 - Starting web application
2023-11-17 14:20:29,631 [INFO] WebApp:520 - Web application path used C:\ST\STM32CubeIDE_1.13.2\STM32CubeIDE\plugins\com.st.stm32cube.common.mx_6.9.2.202309101412\db\plugins\mcufinder\reactClient1\index.html
2023-11-17 14:20:29,633 [WARN] PackLoader:240 - Cannot read IP mode file for STMicroelectronics.X-CUBE-BLEMGR.2.0.0
2023-11-17 14:20:29,664 [WARN] ConditionMgr:438 - getConditionDescription Invalid condition id : UX DEVICE CLASS RTOS Condition cause : null
2023-11-17 14:20:29,665 [WARN] ConditionMgr:438 - getConditionDescription Invalid condition id : UX DEVICE CLASS RTOS Condition cause : null
2023-11-17 14:20:29,669 [WARN] PackLoader:240 - Cannot read IP mode file for STMicroelectronics.X-CUBE-AZRTOS-H7.3.1.0
2023-11-17 14:20:29,680 [WARN] ConditionMgr:1039 - genDependencies : Invalid condition id : UX DEVICE CLASS RTOS Condition cause : null
2023-11-17 14:20:29,680 [WARN] ConditionMgr:1039 - genDependencies : Invalid condition id : UX DEVICE CLASS RTOS Condition cause : null
2023-11-17 14:20:29,681 [WARN] ConditionMgr:1039 - genDependencies : Invalid condition id : UX DEVICE CLASS RTOS Condition cause : null
2023-11-17 14:20:29,681 [WARN] ConditionMgr:1039 - genDependencies : Invalid condition id : UX DEVICE CLASS RTOS Condition cause : null
2023-11-17 14:20:29,681 [WARN] ConditionMgr:1039 - genDependencies : Invalid condition id : UX DEVICE CLASS RTOS Condition cause : null
2023-11-17 14:20:29,692 [WARN] PackLoader:240 - Cannot read IP mode file for STMicroelectronics.X-CUBE-NFC7.1.0.1
2023-11-17 14:20:29,703 [WARN] PackLoader:240 - Cannot read IP mode file for STMicroelectronics.X-CUBE-NFC6.3.0.0
2023-11-17 14:20:29,711 [WARN] PackLoader:240 - Cannot read IP mode file for STMicroelectronics.X-CUBE-EEPRMA1.4.1.0
2023-11-17 14:20:29,718 [WARN] PackLoader:240 - Cannot read IP mode file for STMicroelectronics.X-CUBE-AI.8.1.0
2023-11-17 14:20:29,744 [WARN] ConditionMgr:438 - getConditionDescription Invalid condition id : LAN8742 Phy interface Condition cause : null
2023-11-17 14:20:29,745 [WARN] PackLoader:240 - Cannot read IP mode file for STMicroelectronics.X-CUBE-AZRTOS-L4.2.0.0
2023-11-17 14:20:29,748 [WARN] ConditionMgr:1039 - genDependencies : Invalid condition id : LAN8742 Phy interface Condition cause : null
2023-11-17 14:20:29,748 [WARN] ConditionMgr:1039 - genDependencies : Invalid condition id : LAN8742 Phy interface Condition cause : null
2023-11-17 14:20:29,749 [WARN] ConditionMgr:1039 - genDependencies : Invalid condition id : LAN8742 Phy interface Condition cause : null
2023-11-17 14:20:29,765 [WARN] PackLoader:240 - Cannot read IP mode file for STMicroelectronics.X-CUBE-SFXS2LP1.4.0.0
2023-11-17 14:20:29,775 [WARN] PackLoader:240 - Cannot read IP mode file for STMicroelectronics.X-CUBE-ISPU.1.1.0
2023-11-17 14:20:29,797 [WARN] ConditionMgr:438 - getConditionDescription Invalid condition id : UX DEVICE CLASS RTOS Condition cause : null
2023-11-17 14:20:29,797 [WARN] ConditionMgr:438 - getConditionDescription Invalid condition id : UX DEVICE CLASS RTOS Condition cause : null
2023-11-17 14:20:29,802 [WARN] PackLoader:240 - Cannot read IP mode file for STMicroelectronics.X-CUBE-AZRTOS-WB.2.0.0
2023-11-17 14:20:29,803 [WARN] ConditionMgr:1039 - genDependencies : Invalid condition id : UX DEVICE CLASS RTOS Condition cause : null
2023-11-17 14:20:29,803 [WARN] ConditionMgr:1039 - genDependencies : Invalid condition id : UX DEVICE CLASS RTOS Condition cause : null
2023-11-17 14:20:29,804 [WARN] ConditionMgr:1039 - genDependencies : Invalid condition id : UX DEVICE CLASS RTOS Condition cause : null
2023-11-17 14:20:29,805 [WARN] ConditionMgr:1039 - genDependencies : Invalid condition id : UX DEVICE CLASS RTOS Condition cause : null
2023-11-17 14:20:29,805 [WARN] ConditionMgr:1039 - genDependencies : Invalid condition id : UX DEVICE CLASS RTOS Condition cause : null
2023-11-17 14:20:29,825 [WARN] PackLoader:240 - Cannot read IP mode file for STMicroelectronics.X-CUBE-SUBG2.5.0.0
2023-11-17 14:20:29,855 [WARN] PackLoader:240 - Cannot read IP mode file for STMicroelectronics.X-CUBE-TOF1.3.3.1
2023-11-17 14:20:29,910 [WARN] PackLoader:240 - Cannot read IP mode file for STMicroelectronics.X-CUBE-AZRTOS-G4.2.0.0
2023-11-17 14:20:29,941 [WARN] PackLoader:240 - Cannot read IP mode file for Infineon.AIROC-Wi-Fi-Bluetooth-STM32.1.5.1
2023-11-17 14:20:29,958 [WARN] PackLoader:240 - Cannot read IP mode file for STMicroelectronics.FP-SNS-MOTENVWB1.1.3.0
2023-11-17 14:20:30,045 [WARN] PackLoader:240 - Cannot read IP mode file for STMicroelectronics.X-CUBE-MEMS1.10.0.0
2023-11-17 14:20:30,346 [WARN] PackLoader:240 - Cannot read IP mode file for STMicroelectronics.X-CUBE-FREERTOS.1.1.0
2023-11-17 14:20:30,355 [WARN] PackLoader:240 - Cannot read IP mode file for portGmbH.I-Cube-SoM-uGOAL.1.1.0
2023-11-17 14:20:30,363 [WARN] PackLoader:240 - Cannot read IP mode file for STMicroelectronics.X-CUBE-ALS.1.0.1
2023-11-17 14:20:30,370 [WARN] PackLoader:240 - Cannot read IP mode file for STMicroelectronics.FP-ATR-ASTRA1.2.0.0
2023-11-17 14:20:30,371 [INFO] ThirdParty:978 - Integrity check success = true
2023-11-17 14:20:30,371 [INFO] IntegrityCheckThread:100 - exiting critical section [integrity check]
2023-11-17 14:20:30,371 [INFO] IntegrityCheckThread:103 - End integrity checks thread
2023-11-17 14:20:50,814 [ERROR] LogOutputStream:75 - [STDERR_REDIRECT] SLF4J: Failed to load class "org.slf4j.impl.StaticLoggerBinder".
2023-11-17 14:20:50,815 [ERROR] LogOutputStream:75 - [STDERR_REDIRECT] SLF4J: Defaulting to no-operation (NOP) logger implementation
2023-11-17 14:20:50,816 [ERROR] LogOutputStream:75 - [STDERR_REDIRECT] SLF4J: See http://www.slf4j.org/codes.html#StaticLoggerBinder for further details.
2023-11-17 20:51:26,790 [ERROR] LogOutputStream:75 - [STDERR_REDIRECT] 
