Archive member included to satisfy reference by file (symbol)

C:/ST/STM32CubeIDE_1.13.2/STM32CubeIDE/plugins/com.st.stm32cube.ide.mcu.externaltools.gnu-tools-for-stm32.11.3.rel1.win32_1.1.1.202309131626/tools/bin/../lib/gcc/arm-none-eabi/11.3.1/../../../../arm-none-eabi/lib/thumb/v7e-m+fp/hard\libc_nano.a(libc_a-exit.o)
                              C:/ST/STM32CubeIDE_1.13.2/STM32CubeIDE/plugins/com.st.stm32cube.ide.mcu.externaltools.gnu-tools-for-stm32.11.3.rel1.win32_1.1.1.202309131626/tools/bin/../lib/gcc/arm-none-eabi/11.3.1/../../../../arm-none-eabi/lib/thumb/v7e-m+fp/hard/crt0.o (exit)
C:/ST/STM32CubeIDE_1.13.2/STM32CubeIDE/plugins/com.st.stm32cube.ide.mcu.externaltools.gnu-tools-for-stm32.11.3.rel1.win32_1.1.1.202309131626/tools/bin/../lib/gcc/arm-none-eabi/11.3.1/../../../../arm-none-eabi/lib/thumb/v7e-m+fp/hard\libc_nano.a(libc_a-findfp.o)
                              C:/ST/STM32CubeIDE_1.13.2/STM32CubeIDE/plugins/com.st.stm32cube.ide.mcu.externaltools.gnu-tools-for-stm32.11.3.rel1.win32_1.1.1.202309131626/tools/bin/../lib/gcc/arm-none-eabi/11.3.1/../../../../arm-none-eabi/lib/thumb/v7e-m+fp/hard\libc_nano.a(libc_a-exit.o) (__stdio_exit_handler)
C:/ST/STM32CubeIDE_1.13.2/STM32CubeIDE/plugins/com.st.stm32cube.ide.mcu.externaltools.gnu-tools-for-stm32.11.3.rel1.win32_1.1.1.202309131626/tools/bin/../lib/gcc/arm-none-eabi/11.3.1/../../../../arm-none-eabi/lib/thumb/v7e-m+fp/hard\libc_nano.a(libc_a-fwalk.o)
                              C:/ST/STM32CubeIDE_1.13.2/STM32CubeIDE/plugins/com.st.stm32cube.ide.mcu.externaltools.gnu-tools-for-stm32.11.3.rel1.win32_1.1.1.202309131626/tools/bin/../lib/gcc/arm-none-eabi/11.3.1/../../../../arm-none-eabi/lib/thumb/v7e-m+fp/hard\libc_nano.a(libc_a-findfp.o) (_fwalk_sglue)
C:/ST/STM32CubeIDE_1.13.2/STM32CubeIDE/plugins/com.st.stm32cube.ide.mcu.externaltools.gnu-tools-for-stm32.11.3.rel1.win32_1.1.1.202309131626/tools/bin/../lib/gcc/arm-none-eabi/11.3.1/../../../../arm-none-eabi/lib/thumb/v7e-m+fp/hard\libc_nano.a(libc_a-stdio.o)
                              C:/ST/STM32CubeIDE_1.13.2/STM32CubeIDE/plugins/com.st.stm32cube.ide.mcu.externaltools.gnu-tools-for-stm32.11.3.rel1.win32_1.1.1.202309131626/tools/bin/../lib/gcc/arm-none-eabi/11.3.1/../../../../arm-none-eabi/lib/thumb/v7e-m+fp/hard\libc_nano.a(libc_a-findfp.o) (__sread)
C:/ST/STM32CubeIDE_1.13.2/STM32CubeIDE/plugins/com.st.stm32cube.ide.mcu.externaltools.gnu-tools-for-stm32.11.3.rel1.win32_1.1.1.202309131626/tools/bin/../lib/gcc/arm-none-eabi/11.3.1/../../../../arm-none-eabi/lib/thumb/v7e-m+fp/hard\libc_nano.a(libc_a-memset.o)
                              C:/ST/STM32CubeIDE_1.13.2/STM32CubeIDE/plugins/com.st.stm32cube.ide.mcu.externaltools.gnu-tools-for-stm32.11.3.rel1.win32_1.1.1.202309131626/tools/bin/../lib/gcc/arm-none-eabi/11.3.1/../../../../arm-none-eabi/lib/thumb/v7e-m+fp/hard/crt0.o (memset)
C:/ST/STM32CubeIDE_1.13.2/STM32CubeIDE/plugins/com.st.stm32cube.ide.mcu.externaltools.gnu-tools-for-stm32.11.3.rel1.win32_1.1.1.202309131626/tools/bin/../lib/gcc/arm-none-eabi/11.3.1/../../../../arm-none-eabi/lib/thumb/v7e-m+fp/hard\libc_nano.a(libc_a-closer.o)
                              C:/ST/STM32CubeIDE_1.13.2/STM32CubeIDE/plugins/com.st.stm32cube.ide.mcu.externaltools.gnu-tools-for-stm32.11.3.rel1.win32_1.1.1.202309131626/tools/bin/../lib/gcc/arm-none-eabi/11.3.1/../../../../arm-none-eabi/lib/thumb/v7e-m+fp/hard\libc_nano.a(libc_a-stdio.o) (_close_r)
C:/ST/STM32CubeIDE_1.13.2/STM32CubeIDE/plugins/com.st.stm32cube.ide.mcu.externaltools.gnu-tools-for-stm32.11.3.rel1.win32_1.1.1.202309131626/tools/bin/../lib/gcc/arm-none-eabi/11.3.1/../../../../arm-none-eabi/lib/thumb/v7e-m+fp/hard\libc_nano.a(libc_a-reent.o)
                              C:/ST/STM32CubeIDE_1.13.2/STM32CubeIDE/plugins/com.st.stm32cube.ide.mcu.externaltools.gnu-tools-for-stm32.11.3.rel1.win32_1.1.1.202309131626/tools/bin/../lib/gcc/arm-none-eabi/11.3.1/../../../../arm-none-eabi/lib/thumb/v7e-m+fp/hard\libc_nano.a(libc_a-closer.o) (errno)
C:/ST/STM32CubeIDE_1.13.2/STM32CubeIDE/plugins/com.st.stm32cube.ide.mcu.externaltools.gnu-tools-for-stm32.11.3.rel1.win32_1.1.1.202309131626/tools/bin/../lib/gcc/arm-none-eabi/11.3.1/../../../../arm-none-eabi/lib/thumb/v7e-m+fp/hard\libc_nano.a(libc_a-impure.o)
                              C:/ST/STM32CubeIDE_1.13.2/STM32CubeIDE/plugins/com.st.stm32cube.ide.mcu.externaltools.gnu-tools-for-stm32.11.3.rel1.win32_1.1.1.202309131626/tools/bin/../lib/gcc/arm-none-eabi/11.3.1/../../../../arm-none-eabi/lib/thumb/v7e-m+fp/hard\libc_nano.a(libc_a-reent.o) (_impure_ptr)
C:/ST/STM32CubeIDE_1.13.2/STM32CubeIDE/plugins/com.st.stm32cube.ide.mcu.externaltools.gnu-tools-for-stm32.11.3.rel1.win32_1.1.1.202309131626/tools/bin/../lib/gcc/arm-none-eabi/11.3.1/../../../../arm-none-eabi/lib/thumb/v7e-m+fp/hard\libc_nano.a(libc_a-lseekr.o)
[...]
Memory Configuration

Name             Origin             Length             Attributes
RAM              0x0000000020000000 0x0000000000020000 xrw
FLASH            0x0000000008000000 0x0000000000080000 xr
*default*        0x0000000000000000 0xffffffffffffffff

Linker script and memory map

LOAD C:/ST/STM32CubeIDE_1.13.2/STM32CubeIDE/plugins/com.st.stm32cube.ide.mcu.externaltools.gnu-tools-for-stm32.11.3.rel1.win32_1.1.1.202309131626/tools/bin/../lib/gcc/arm-none-eabi/11.3.1/thumb/v7e-m+fp/hard/crti.o
LOAD C:/ST/STM32CubeIDE_1.13.2/STM32CubeIDE/plugins/com.st.stm32cube.ide.mcu.externaltools.gnu-tools-for-stm32.11.3.rel1.win32_1.1.1.202309131626/tools/bin/../lib/gcc/arm-none-eabi/11.3.1/thumb/v7e-m+fp/hard/crtbegin.o
LOAD C:/ST/STM32CubeIDE_1.13.2/STM32CubeIDE/plugins/com.st.stm32cube.ide.mcu.externaltools.gnu-tools-for-stm32.11.3.rel1.win32_1.1.1.202309131626/tools/bin/../lib/gcc/arm-none-eabi/11.3.1/../../../../arm-none-eabi/lib/thumb/v7e-m+fp/hard/crt0.o
LOAD ./Core/Src/controller.o
LOAD ./Core/Src/delay.o
LOAD ./Core/Src/encoders.o
LOAD ./Core/Src/irs.o
LOAD ./Core/Src/main.o
LOAD ./Core/Src/motors.o
LOAD ./Core/Src/pid.o
LOAD ./Core/Src/stm32f4xx_hal_msp.o
LOAD ./Core/Src/stm32f4xx_it.o
LOAD ./Core/Src/syscalls.o
LOAD ./Core/Src/sysmem.o
LOAD ./Core/Src/system_stm32f4xx.o
LOAD ./Core/Src/systick.o
LOAD ./Core/Startup/startup_stm32f411retx.o
LOAD ./Drivers/STM32F4xx_HAL_Driver/Src/stm32f4xx_hal.o
LOAD ./Drivers/STM32F4xx_HAL_Driver/Src/stm32f4xx_hal_adc.o
LOAD ./Drivers/STM32F4xx_HAL_Driver/Src/stm32f4xx_hal_adc_ex.o
LOAD ./Drivers/STM32F4xx_HAL_Driver/Src/stm32f4xx_hal_cortex.o
LOAD ./Drivers/STM32F4xx_HAL_Driver/Src/stm32f4xx_hal_dma.o
LOAD ./Drivers/STM32F4xx_HAL_Driver/Src/stm32f4xx_hal_dma_ex.o
LOAD ./Drivers/STM32F4xx_HAL_Driver/Src/stm32f4xx_hal_exti.o
LOAD ./Drivers/STM32F4xx_HAL_Driver/Src/stm32f4xx_hal_flash.o
LOAD ./Drivers/STM32F4xx_HAL_Driver/Src/stm32f4xx_hal_flash_ex.o
LOAD ./Drivers/STM32F4xx_HAL_Driver/Src/stm32f4xx_hal_flash_ramfunc.o
LOAD ./Drivers/STM32F4xx_HAL_Driver/Src/stm32f4xx_hal_gpio.o
LOAD ./Drivers/STM32F4xx_HAL_Driver/Src/stm32f4xx_hal_pwr.o
LOAD ./Drivers/STM32F4xx_HAL_Driver/Src/stm32f4xx_hal_pwr_ex.o
LOAD ./Drivers/STM32F4xx_HAL_Driver/Src/stm32f4xx_hal_rcc.o
LOAD ./Drivers/STM32F4xx_HAL_Driver/Src/stm32f4xx_hal_rcc_ex.o
LOAD ./Drivers/STM32F4xx_HAL_Driver/Src/stm32f4xx_hal_tim.o
LOAD ./Drivers/STM32F4xx_HAL_Driver/Src/stm32f4xx_hal_tim_ex.o
LOAD ./Drivers/STM32F4xx_HAL_Driver/Src/stm32f4xx_hal_uart.o
LOAD ./Drivers/STM32F4xx_HAL_Driver/Src/stm32f4xx_ll_adc.o
START GROUP
LOAD C:/ST/STM32CubeIDE_1.13.2/STM32CubeIDE/plugins/com.st.stm32cube.ide.mcu.externaltools.gnu-tools-for-stm32.11.3.rel1.win32_1.1.1.202309131626/tools/bin/../lib/gcc/arm-none-eabi/11.3.1/../../../../arm-none-eabi/lib/thumb/v7e-m+fp/hard\libc_nano.a
LOAD C:/ST/STM32CubeIDE_1.13.2/STM32CubeIDE/plugins/com.st.stm32cube.ide.mcu.externaltools.gnu-tools-for-stm32.11.3.rel1.win32_1.1.1.202309131626/tools/bin/../lib/gcc/arm-none-eabi/11.3.1/../../../../arm-none-eabi/lib/thumb/v7e-m+fp/hard\libm.a
END GROUP
START GROUP
LOAD C:/ST/STM32CubeIDE_1.13.2/STM32CubeIDE/plugins/com.st.stm32cube.ide.mcu.externaltools.gnu-tools-for-stm32.11.3.rel1.win32_1.1.1.202309131626/tools/bin/../lib/gcc/arm-none-eabi/11.3.1/thumb/v7e-m+fp/hard\libgcc.a
LOAD C:/ST/STM32CubeIDE_1.13.2/STM32CubeIDE/plugins/com.st.stm32cube.ide.mcu.externaltools.gnu-tools-for-stm32.11.3.rel1.win32_1.1.1.202309131626/tools/bin/../lib/gcc/arm-none-eabi/11.3.1/../../../../arm-none-eabi/lib/thumb/v7e-m+fp/hard\libc_nano.a
END GROUP
START GROUP
LOAD C:/ST/STM32CubeIDE_1.13.2/STM32CubeIDE/plugins/com.st.stm32cube.ide.mcu.externaltools.gnu-tools-for-stm32.11.3.rel1.win32_1.1.1.202309131626/tools/bin/../lib/gcc/arm-none-eabi/11.3.1/thumb/v7e-m+fp/hard\libgcc.a
LOAD C:/ST/STM32CubeIDE_1.13.2/STM32CubeIDE/plugins/com.st.stm32cube.ide.mcu.externaltools.gnu-tools-for-stm32.11.3.rel1.win32_1.1.1.202309131626/tools/bin/../lib/gcc/arm-none-eabi/11.3.1/../../../../arm-none-eabi/lib/thumb/v7e-m+fp/hard\libc_nano.a
LOAD C:/ST/STM32CubeIDE_1.13.2/STM32CubeIDE/plugins/com.st.stm32cube.ide.mcu.externaltools.gnu-tools-for-stm32.11.3.rel1.win32_1.1.1.202309131626/tools/bin/../lib/gcc/arm-none-eabi/11.3.1/../../../../arm-none-eabi/lib/thumb/v7e-m+fp/hard\libnosys.a
END GROUP
START GROUP
LOAD C:/ST/STM32CubeIDE_1.13.2/STM32CubeIDE/plugins/com.st.stm32cube.ide.mcu.externaltools.gnu-tools-for-stm32.11.3.rel1.win32_1.1.1.202309131626/tools/bin/../lib/gcc/arm-none-eabi/11.3.1/thumb/v7e-m+fp/hard\libgcc.a
LOAD C:/ST/STM32CubeIDE_1.13.2/STM32CubeIDE/plugins/com.st.stm32cube.ide.mcu.externaltools.gnu-tools-for-stm32.11.3.rel1.win32_1.1.1.202309131626/tools/bin/../lib/gcc/arm-none-eabi/11.3.1/../../../../arm-none-eabi/lib/thumb/v7e-m+fp/hard\libc_nano.a
LOAD C:/ST/STM32CubeIDE_1.13.2/STM32CubeIDE/plugins/com.st.stm32cube.ide.mcu.externaltools.gnu-tools-for-stm32.11.3.rel1.win32_1.1.1.202309131626/tools/bin/../lib/gcc/arm-none-eabi/11.3.1/../../../../arm-none-eabi/lib/thumb/v7e-m+fp/hard\libnosys.a
END GROUP
LOAD C:/ST/STM32CubeIDE_1.13.2/STM32CubeIDE/plugins/com.st.stm32cube.ide.mcu.externaltools.gnu-tools-for-stm32.11.3.rel1.win32_1.1.1.202309131626/tools/bin/../lib/gcc/arm-none-eabi/11.3.1/thumb/v7e-m+fp/hard/crtend.o
LOAD C:/ST/STM32CubeIDE_1.13.2/STM32CubeIDE/plugins/com.st.stm32cube.ide.mcu.externaltools.gnu-tools-for-stm32.11.3.rel1.win32_1.1.1.202309131626/tools/bin/../lib/gcc/arm-none-eabi/11.3.1/thumb/v7e-m+fp/hard/crtn.o
                0x0000000020020000                _estack = (ORIGIN (RAM) + LENGTH (RAM))
                0x0000000000000200                _Min_Heap_Size = 0x200
                0x0000000000000400                _Min_Stack_Size = 0x400

.isr_vector     0x0000000008000000      0x198
                0x0000000008000000                . = ALIGN (0x4)
 *(.isr_vector)
 .isr_vector    0x0000000008000000      0x198 ./Core/Startup/startup_stm32f411retx.o
                0x0000000008000000                g_pfnVectors
                0x0000000008000198                . = ALIGN (0x4)

.text           0x0000000008000198     0x50c8
                0x0000000008000198                . = ALIGN (0x4)
 *(.text)
 .text          0x0000000008000198       0x40 C:/ST/STM32CubeIDE_1.13.2/STM32CubeIDE/plugins/com.st.stm32cube.ide.mcu.externaltools.gnu-tools-for-stm32.11.3.rel1.win32_1.1.1.202309131626/tools/bin/../lib/gcc/arm-none-eabi/11.3.1/thumb/v7e-m+fp/hard/crtbegin.o
 .text          0x00000000080001d8      0x378 C:/ST/STM32CubeIDE_1.13.2/STM32CubeIDE/plugins/com.st.stm32cube.ide.mcu.externaltools.gnu-tools-for-stm32.11.3.rel1.win32_1.1.1.202309131626/tools/bin/../lib/gcc/arm-none-eabi/11.3.1/thumb/v7e-m+fp/hard\libgcc.a(_arm_addsubdf3.o)
                0x00000000080001d8                __aeabi_drsub
                0x00000000080001e0                __aeabi_dsub
                0x00000000080001e0                __subdf3
                0x00000000080001e4                __aeabi_dadd
                0x00000000080001e4                __adddf3
                0x000000000800045c                __floatunsidf
                0x000000000800045c                __aeabi_ui2d
                0x000000000800047c                __floatsidf
                0x000000000800047c                __aeabi_i2d
                0x00000000080004a0                __aeabi_f2d
                0x00000000080004a0                __extendsfdf2
                0x00000000080004e4                __floatundidf
                0x00000000080004e4                __aeabi_ul2d
                0x00000000080004f4                __floatdidf
                0x00000000080004f4                __aeabi_l2d
 .text          0x0000000008000550      0x110 C:/ST/STM32CubeIDE_1.13.2/STM32CubeIDE/plugins/com.st.stm32cube.ide.mcu.externaltools.gnu-tools-for-stm32.11.3.rel1.win32_1.1.1.202309131626/tools/bin/../lib/gcc/arm-none-eabi/11.3.1/thumb/v7e-m+fp/hard\libgcc.a(_arm_cmpdf2.o)
                0x0000000008000550                __gtdf2
                0x0000000008000550                __gedf2
                0x0000000008000558                __ltdf2
                0x0000000008000558                __ledf2
                0x0000000008000560                __nedf2
                0x0000000008000560                __eqdf2
                0x0000000008000560                __cmpdf2
                0x00000000080005dc                __aeabi_cdrcmple
                0x00000000080005ec                __aeabi_cdcmpeq
                0x00000000080005ec                __aeabi_cdcmple
                0x00000000080005fc                __aeabi_dcmpeq
                0x0000000008000610                __aeabi_dcmplt
                0x0000000008000624                __aeabi_dcmple
                0x0000000008000638                __aeabi_dcmpge
                0x000000000800064c                __aeabi_dcmpgt
 .text          0x0000000008000660       0x30 C:/ST/STM32CubeIDE_1.13.2/STM32CubeIDE/plugins/com.st.stm32cube.ide.mcu.externaltools.gnu-tools-for-stm32.11.3.rel1.win32_1.1.1.202309131626/tools/bin/../lib/gcc/arm-none-eabi/11.3.1/thumb/v7e-m+fp/hard\libgcc.a(_aeabi_uldivmod.o)
                0x0000000008000660                __aeabi_uldivmod
 .text          0x0000000008000690      0x2c8 C:/ST/STM32CubeIDE_1.13.2/STM32CubeIDE/plugins/com.st.stm32cube.ide.mcu.externaltools.gnu-tools-for-stm32.11.3.rel1.win32_1.1.1.202309131626/tools/bin/../lib/gcc/arm-none-eabi/11.3.1/thumb/v7e-m+fp/hard\libgcc.a(_udivmoddi4.o)
                0x0000000008000690                __udivmoddi4
 .text          0x0000000008000958        0x4 C:/ST/STM32CubeIDE_1.13.2/STM32CubeIDE/plugins/com.st.stm32cube.ide.mcu.externaltools.gnu-tools-for-stm32.11.3.rel1.win32_1.1.1.202309131626/tools/bin/../lib/gcc/arm-none-eabi/11.3.1/thumb/v7e-m+fp/hard\libgcc.a(_dvmd_tls.o)
                0x0000000008000958                __aeabi_idiv0
                0x0000000008000958                __aeabi_ldiv0
 *(.text*)
 .text.move     0x000000000800095c       0x4e ./Core/Src/controller.o
                0x000000000800095c                move
 .text.turn     0x00000000080009aa       0x40 ./Core/Src/controller.o
                0x00000000080009aa                turn
 *fill*         0x00000000080009ea        0x2 
 .text.Delay_Init
                0x00000000080009ec       0x40 ./Core/Src/delay.o
                0x00000000080009ec                Delay_Init
 .text.delayMicroseconds
                0x0000000008000a2c       0x38 ./Core/Src/delay.o
                0x0000000008000a2c                delayMicroseconds
 .text.getRightEncoderCounts
                0x0000000008000a64       0x1c ./Core/Src/encoders.o
                0x0000000008000a64                getRightEncoderCounts
 .text.getLeftEncoderCounts
                0x0000000008000a80       0x20 ./Core/Src/encoders.o
                0x0000000008000a80                getLeftEncoderCounts
 .text.resetEncoders
                0x0000000008000aa0       0x20 ./Core/Src/encoders.o
                0x0000000008000aa0                resetEncoders
 .text.readIR   0x0000000008000ac0       0xdc ./Core/Src/irs.o
                0x0000000008000ac0                readIR
 .text.readLeftIR
                0x0000000008000b9c       0x10 ./Core/Src/irs.o
                0x0000000008000b9c                readLeftIR
 .text.readFrontLeftIR
                0x0000000008000bac       0x10 ./Core/Src/irs.o
                0x0000000008000bac                readFrontLeftIR
 .text.readFrontRightIR
                0x0000000008000bbc       0x10 ./Core/Src/irs.o
                0x0000000008000bbc                readFrontRightIR
 .text.readRightIR
                0x0000000008000bcc       0x10 ./Core/Src/irs.o
                0x0000000008000bcc                readRightIR
 .text.analogRead
                0x0000000008000bdc       0xd0 ./Core/Src/irs.o
                0x0000000008000bdc                analogRead
 .text.HAL_ADC_ConvCpltCallback
                0x0000000008000cac       0x20 ./Core/Src/irs.o
                0x0000000008000cac                HAL_ADC_ConvCpltCallback
 .text.main     0x0000000008000ccc      0x13c ./Core/Src/main.o
                0x0000000008000ccc                main
 .text.SystemClock_Config
                0x0000000008000e08       0xd4 ./Core/Src/main.o
                0x0000000008000e08                SystemClock_Config
 .text.MX_ADC1_Init
                0x0000000008000edc       0xa4 ./Core/Src/main.o
 .text.MX_TIM1_Init
                0x0000000008000f80       0xb0 ./Core/Src/main.o
 .text.MX_TIM2_Init
                0x0000000008001030       0xa8 ./Core/Src/main.o
 .text.MX_TIM4_Init
                0x00000000080010d8       0xf4 ./Core/Src/main.o
 .text.MX_USART2_UART_Init
                0x00000000080011cc       0x54 ./Core/Src/main.o
 .text.MX_DMA_Init
                0x0000000008001220       0x40 ./Core/Src/main.o
 .text.MX_GPIO_Init
                0x0000000008001260      0x144 ./Core/Src/main.o
 .text.Get_HADC1_Ptr
                0x00000000080013a4       0x14 ./Core/Src/main.o
                0x00000000080013a4                Get_HADC1_Ptr
 .text.HAL_GPIO_EXTI_Callback
                0x00000000080013b8       0x48 ./Core/Src/main.o
                0x00000000080013b8                HAL_GPIO_EXTI_Callback
 .text.Error_Handler
                0x0000000008001400        0xa ./Core/Src/main.o
                0x0000000008001400                Error_Handler
 *fill*         0x000000000800140a        0x6 
 .text.limitPWM
                0x0000000008001410       0x68 ./Core/Src/motors.o
                0x0000000008001410                limitPWM
 .text.setMotorLPWM
                0x0000000008001478       0x8c ./Core/Src/motors.o
                0x0000000008001478                setMotorLPWM
 .text.setMotorRPWM
                0x0000000008001504       0x8c ./Core/Src/motors.o
                0x0000000008001504                setMotorRPWM
 .text.resetMotors
                0x0000000008001590       0x1c ./Core/Src/motors.o
                0x0000000008001590                resetMotors
 .text.resetPID
                0x00000000080015ac       0x68 ./Core/Src/pid.o
                0x00000000080015ac                resetPID
 *fill*         0x0000000008001614        0x4 
 .text.updatePID
                0x0000000008001618      0x274 ./Core/Src/pid.o
                0x0000000008001618                updatePID
 .text.setPIDGoalD
                0x000000000800188c       0x24 ./Core/Src/pid.o
                0x000000000800188c                setPIDGoalD
 .text.setPIDGoalA
                0x00000000080018b0       0x24 ./Core/Src/pid.o
                0x00000000080018b0                setPIDGoalA
 .text.PIDdone  0x00000000080018d4       0x20 ./Core/Src/pid.o
                0x00000000080018d4                PIDdone
 .text.HAL_MspInit
                0x00000000080018f4       0x50 ./Core/Src/stm32f4xx_hal_msp.o
                0x00000000080018f4                HAL_MspInit
 .text.HAL_ADC_MspInit
                0x0000000008001944      0x160 ./Core/Src/stm32f4xx_hal_msp.o
                0x0000000008001944                HAL_ADC_MspInit
 .text.HAL_TIM_Encoder_MspInit
                0x0000000008001aa4       0xf4 ./Core/Src/stm32f4xx_hal_msp.o
                0x0000000008001aa4                HAL_TIM_Encoder_MspInit
 .text.HAL_TIM_PWM_MspInit
                0x0000000008001b98       0x50 ./Core/Src/stm32f4xx_hal_msp.o
                0x0000000008001b98                HAL_TIM_PWM_MspInit
 .text.HAL_TIM_MspPostInit
                0x0000000008001be8       0x74 ./Core/Src/stm32f4xx_hal_msp.o
                0x0000000008001be8                HAL_TIM_MspPostInit
 .text.HAL_UART_MspInit
                0x0000000008001c5c       0x90 ./Core/Src/stm32f4xx_hal_msp.o
                0x0000000008001c5c                HAL_UART_MspInit
 .text.NMI_Handler
                0x0000000008001cec        0x6 ./Core/Src/stm32f4xx_it.o
                0x0000000008001cec                NMI_Handler
 .text.HardFault_Handler
                0x0000000008001cf2        0x6 ./Core/Src/stm32f4xx_it.o
                0x0000000008001cf2                HardFault_Handler
 .text.MemManage_Handler
                0x0000000008001cf8        0x6 ./Core/Src/stm32f4xx_it.o
                0x0000000008001cf8                MemManage_Handler
 .text.BusFault_Handler
                0x0000000008001cfe        0x6 ./Core/Src/stm32f4xx_it.o
                0x0000000008001cfe                BusFault_Handler
 .text.UsageFault_Handler
                0x0000000008001d04        0x6 ./Core/Src/stm32f4xx_it.o
                0x0000000008001d04                UsageFault_Handler
 .text.SVC_Handler
                0x0000000008001d0a        0xe ./Core/Src/stm32f4xx_it.o
                0x0000000008001d0a                SVC_Handler
 .text.DebugMon_Handler
                0x0000000008001d18        0xe ./Core/Src/stm32f4xx_it.o
                0x0000000008001d18                DebugMon_Handler
 .text.PendSV_Handler
                0x0000000008001d26        0xe ./Core/Src/stm32f4xx_it.o
                0x0000000008001d26                PendSV_Handler
 .text.SysTick_Handler
                0x0000000008001d34       0x10 ./Core/Src/stm32f4xx_it.o
                0x0000000008001d34                SysTick_Handler
 .text.TIM4_IRQHandler
                0x0000000008001d44       0x14 ./Core/Src/stm32f4xx_it.o
                0x0000000008001d44                TIM4_IRQHandler
 .text.EXTI15_10_IRQHandler
                0x0000000008001d58       0x10 ./Core/Src/stm32f4xx_it.o
                0x0000000008001d58                EXTI15_10_IRQHandler
 .text.DMA2_Stream0_IRQHandler
                0x0000000008001d68       0x14 ./Core/Src/stm32f4xx_it.o
                0x0000000008001d68                DMA2_Stream0_IRQHandler
 .text.SystemInit
                0x0000000008001d7c       0x24 ./Core/Src/system_stm32f4xx.o
                0x0000000008001d7c                SystemInit
 .text.SysTickFunction
                0x0000000008001da0       0x78 ./Core/Src/systick.o
                0x0000000008001da0                SysTickFunction
 .text.Reset_Handler
                0x0000000008001e18       0x50 ./Core/Startup/startup_stm32f411retx.o
                0x0000000008001e18                Reset_Handler
 .text.Default_Handler
                0x0000000008001e68        0x2 ./Core/Startup/startup_stm32f411retx.o
                0x0000000008001e68                RTC_Alarm_IRQHandler
                0x0000000008001e68                EXTI2_IRQHandler
                0x0000000008001e68                SPI4_IRQHandler
                0x0000000008001e68                TIM1_CC_IRQHandler
                0x0000000008001e68                DMA2_Stream5_IRQHandler
                0x0000000008001e68                DMA1_Stream5_IRQHandler
                0x0000000008001e68                PVD_IRQHandler
                0x0000000008001e68                SDIO_IRQHandler
                0x0000000008001e68                TAMP_STAMP_IRQHandler
                0x0000000008001e68                EXTI3_IRQHandler
                0x0000000008001e68                TIM1_UP_TIM10_IRQHandler
                0x0000000008001e68                I2C3_ER_IRQHandler
                0x0000000008001e68                EXTI0_IRQHandler
                0x0000000008001e68                I2C2_EV_IRQHandler
                0x0000000008001e68                DMA1_Stream2_IRQHandler
                0x0000000008001e68                FPU_IRQHandler
                0x0000000008001e68                DMA2_Stream2_IRQHandler
                0x0000000008001e68                SPI1_IRQHandler
                0x0000000008001e68                TIM1_BRK_TIM9_IRQHandler
                0x0000000008001e68                DMA2_Stream3_IRQHandler
                0x0000000008001e68                USART6_IRQHandler
                0x0000000008001e68                I2C1_EV_IRQHandler
                0x0000000008001e68                DMA1_Stream6_IRQHandler
                0x0000000008001e68                DMA1_Stream1_IRQHandler
                0x0000000008001e68                TIM3_IRQHandler
                0x0000000008001e68                RCC_IRQHandler
                0x0000000008001e68                Default_Handler
                0x0000000008001e68                ADC_IRQHandler
                0x0000000008001e68                DMA1_Stream7_IRQHandler
                0x0000000008001e68                SPI5_IRQHandler
                0x0000000008001e68                TIM5_IRQHandler
                0x0000000008001e68                DMA2_Stream7_IRQHandler
                0x0000000008001e68                I2C3_EV_IRQHandler
                0x0000000008001e68                EXTI9_5_IRQHandler
                0x0000000008001e68                RTC_WKUP_IRQHandler
                0x0000000008001e68                SPI2_IRQHandler
                0x0000000008001e68                DMA1_Stream0_IRQHandler
                0x0000000008001e68                EXTI4_IRQHandler
                0x0000000008001e68                WWDG_IRQHandler
                0x0000000008001e68                TIM2_IRQHandler
                0x0000000008001e68                OTG_FS_WKUP_IRQHandler
                0x0000000008001e68                TIM1_TRG_COM_TIM11_IRQHandler
                0x0000000008001e68                EXTI1_IRQHandler
                0x0000000008001e68                USART2_IRQHandler
                0x0000000008001e68                I2C2_ER_IRQHandler
                0x0000000008001e68                DMA2_Stream1_IRQHandler
                0x0000000008001e68                FLASH_IRQHandler
                0x0000000008001e68                DMA2_Stream4_IRQHandler
                0x0000000008001e68                USART1_IRQHandler
                0x0000000008001e68                OTG_FS_IRQHandler
                0x0000000008001e68                SPI3_IRQHandler
                0x0000000008001e68                DMA1_Stream4_IRQHandler
                0x0000000008001e68                I2C1_ER_IRQHandler
                0x0000000008001e68                DMA2_Stream6_IRQHandler
                0x0000000008001e68                DMA1_Stream3_IRQHandler
 *fill*         0x0000000008001e6a        0x2 
 .text.HAL_Init
                0x0000000008001e6c       0x44 ./Drivers/STM32F4xx_HAL_Driver/Src/stm32f4xx_hal.o
                0x0000000008001e6c                HAL_Init
 .text.HAL_InitTick
                0x0000000008001eb0       0x60 ./Drivers/STM32F4xx_HAL_Driver/Src/stm32f4xx_hal.o
                0x0000000008001eb0                HAL_InitTick
 .text.HAL_IncTick
                0x0000000008001f10       0x28 ./Drivers/STM32F4xx_HAL_Driver/Src/stm32f4xx_hal.o
                0x0000000008001f10                HAL_IncTick
 .text.HAL_GetTick
                0x0000000008001f38       0x18 ./Drivers/STM32F4xx_HAL_Driver/Src/stm32f4xx_hal.o
                0x0000000008001f38                HAL_GetTick
 .text.HAL_ADC_Init
                0x0000000008001f50       0x86 ./Drivers/STM32F4xx_HAL_Driver/Src/stm32f4xx_hal_adc.o
                0x0000000008001f50                HAL_ADC_Init
 *fill*         0x0000000008001fd6        0x2 
 .text.HAL_ADC_Start_DMA
                0x0000000008001fd8      0x1e0 ./Drivers/STM32F4xx_HAL_Driver/Src/stm32f4xx_hal_adc.o
                0x0000000008001fd8                HAL_ADC_Start_DMA
 .text.HAL_ADC_Stop_DMA
                0x00000000080021b8       0xb4 ./Drivers/STM32F4xx_HAL_Driver/Src/stm32f4xx_hal_adc.o
                0x00000000080021b8                HAL_ADC_Stop_DMA
 .text.HAL_ADC_ConvHalfCpltCallback
                0x000000000800226c       0x14 ./Drivers/STM32F4xx_HAL_Driver/Src/stm32f4xx_hal_adc.o
                0x000000000800226c                HAL_ADC_ConvHalfCpltCallback
 .text.HAL_ADC_ErrorCallback
                0x0000000008002280       0x14 ./Drivers/STM32F4xx_HAL_Driver/Src/stm32f4xx_hal_adc.o
                0x0000000008002280                HAL_ADC_ErrorCallback
 .text.HAL_ADC_ConfigChannel
                0x0000000008002294      0x264 ./Drivers/STM32F4xx_HAL_Driver/Src/stm32f4xx_hal_adc.o
                0x0000000008002294                HAL_ADC_ConfigChannel
 .text.ADC_Init
                0x00000000080024f8      0x1f8 ./Drivers/STM32F4xx_HAL_Driver/Src/stm32f4xx_hal_adc.o
 .text.ADC_DMAConvCplt
                0x00000000080026f0       0xba ./Drivers/STM32F4xx_HAL_Driver/Src/stm32f4xx_hal_adc.o
 .text.ADC_DMAHalfConvCplt
                0x00000000080027aa       0x1c ./Drivers/STM32F4xx_HAL_Driver/Src/stm32f4xx_hal_adc.o
 .text.ADC_DMAError
                0x00000000080027c6       0x2e ./Drivers/STM32F4xx_HAL_Driver/Src/stm32f4xx_hal_adc.o
 .text.__NVIC_SetPriorityGrouping
                0x00000000080027f4       0x48 ./Drivers/STM32F4xx_HAL_Driver/Src/stm32f4xx_hal_cortex.o
 .text.__NVIC_GetPriorityGrouping
                0x000000000800283c       0x1c ./Drivers/STM32F4xx_HAL_Driver/Src/stm32f4xx_hal_cortex.o
 .text.__NVIC_EnableIRQ
                0x0000000008002858       0x3c ./Drivers/STM32F4xx_HAL_Driver/Src/stm32f4xx_hal_cortex.o
 .text.__NVIC_SetPriority
                0x0000000008002894       0x54 ./Drivers/STM32F4xx_HAL_Driver/Src/stm32f4xx_hal_cortex.o
 .text.NVIC_EncodePriority
                0x00000000080028e8       0x66 ./Drivers/STM32F4xx_HAL_Driver/Src/stm32f4xx_hal_cortex.o
 *fill*         0x000000000800294e        0x2 
 .text.SysTick_Config
                0x0000000008002950       0x44 ./Drivers/STM32F4xx_HAL_Driver/Src/stm32f4xx_hal_cortex.o
 .text.HAL_NVIC_SetPriorityGrouping
                0x0000000008002994       0x16 ./Drivers/STM32F4xx_HAL_Driver/Src/stm32f4xx_hal_cortex.o
                0x0000000008002994                HAL_NVIC_SetPriorityGrouping
 .text.HAL_NVIC_SetPriority
                0x00000000080029aa       0x38 ./Drivers/STM32F4xx_HAL_Driver/Src/stm32f4xx_hal_cortex.o
                0x00000000080029aa                HAL_NVIC_SetPriority
 .text.HAL_NVIC_EnableIRQ
                0x00000000080029e2       0x1c ./Drivers/STM32F4xx_HAL_Driver/Src/stm32f4xx_hal_cortex.o
                0x00000000080029e2                HAL_NVIC_EnableIRQ
 .text.HAL_SYSTICK_Config
                0x00000000080029fe       0x18 ./Drivers/STM32F4xx_HAL_Driver/Src/stm32f4xx_hal_cortex.o
                0x00000000080029fe                HAL_SYSTICK_Config
 *fill*         0x0000000008002a16        0x2 
 .text.HAL_DMA_Init
                0x0000000008002a18      0x15c ./Drivers/STM32F4xx_HAL_Driver/Src/stm32f4xx_hal_dma.o
                0x0000000008002a18                HAL_DMA_Init
 .text.HAL_DMA_Start_IT
                0x0000000008002b74       0xb0 ./Drivers/STM32F4xx_HAL_Driver/Src/stm32f4xx_hal_dma.o
                0x0000000008002b74                HAL_DMA_Start_IT
 .text.HAL_DMA_Abort
                0x0000000008002c24       0xe0 ./Drivers/STM32F4xx_HAL_Driver/Src/stm32f4xx_hal_dma.o
                0x0000000008002c24                HAL_DMA_Abort
 .text.HAL_DMA_IRQHandler
                0x0000000008002d04      0x314 ./Drivers/STM32F4xx_HAL_Driver/Src/stm32f4xx_hal_dma.o
                0x0000000008002d04                HAL_DMA_IRQHandler
 .text.DMA_SetConfig
                0x0000000008003018       0x5c ./Drivers/STM32F4xx_HAL_Driver/Src/stm32f4xx_hal_dma.o
 .text.DMA_CalcBaseAndBitshift
                0x0000000008003074       0x6c ./Drivers/STM32F4xx_HAL_Driver/Src/stm32f4xx_hal_dma.o
 .text.DMA_CheckFifoParam
                0x00000000080030e0       0xf8 ./Drivers/STM32F4xx_HAL_Driver/Src/stm32f4xx_hal_dma.o
 .text.HAL_GPIO_Init
                0x00000000080031d8      0x308 ./Drivers/STM32F4xx_HAL_Driver/Src/stm32f4xx_hal_gpio.o
                0x00000000080031d8                HAL_GPIO_Init
 .text.HAL_GPIO_ReadPin
                0x00000000080034e0       0x30 ./Drivers/STM32F4xx_HAL_Driver/Src/stm32f4xx_hal_gpio.o
                0x00000000080034e0                HAL_GPIO_ReadPin
 .text.HAL_GPIO_WritePin
                0x0000000008003510       0x32 ./Drivers/STM32F4xx_HAL_Driver/Src/stm32f4xx_hal_gpio.o
                0x0000000008003510                HAL_GPIO_WritePin
 *fill*         0x0000000008003542        0x2 
 .text.HAL_GPIO_EXTI_IRQHandler
                0x0000000008003544       0x30 ./Drivers/STM32F4xx_HAL_Driver/Src/stm32f4xx_hal_gpio.o
                0x0000000008003544                HAL_GPIO_EXTI_IRQHandler
 .text.HAL_RCC_OscConfig
                0x0000000008003574      0x4f0 ./Drivers/STM32F4xx_HAL_Driver/Src/stm32f4xx_hal_rcc.o
                0x0000000008003574                HAL_RCC_OscConfig
 .text.HAL_RCC_ClockConfig
                0x0000000008003a64      0x1cc ./Drivers/STM32F4xx_HAL_Driver/Src/stm32f4xx_hal_rcc.o
                0x0000000008003a64                HAL_RCC_ClockConfig
 .text.HAL_RCC_GetSysClockFreq
                0x0000000008003c30      0x20c ./Drivers/STM32F4xx_HAL_Driver/Src/stm32f4xx_hal_rcc.o
                0x0000000008003c30                HAL_RCC_GetSysClockFreq
 .text.HAL_RCC_GetHCLKFreq
                0x0000000008003e3c       0x18 ./Drivers/STM32F4xx_HAL_Driver/Src/stm32f4xx_hal_rcc.o
                0x0000000008003e3c                HAL_RCC_GetHCLKFreq
 .text.HAL_RCC_GetPCLK1Freq
                0x0000000008003e54       0x28 ./Drivers/STM32F4xx_HAL_Driver/Src/stm32f4xx_hal_rcc.o
                0x0000000008003e54                HAL_RCC_GetPCLK1Freq
 .text.HAL_RCC_GetPCLK2Freq
                0x0000000008003e7c       0x28 ./Drivers/STM32F4xx_HAL_Driver/Src/stm32f4xx_hal_rcc.o
                0x0000000008003e7c                HAL_RCC_GetPCLK2Freq
 .text.HAL_TIM_PWM_Init
                0x0000000008003ea4       0x9e ./Drivers/STM32F4xx_HAL_Driver/Src/stm32f4xx_hal_tim.o
                0x0000000008003ea4                HAL_TIM_PWM_Init
 *fill*         0x0000000008003f42        0x2 
 .text.HAL_TIM_PWM_Start
                0x0000000008003f44      0x160 ./Drivers/STM32F4xx_HAL_Driver/Src/stm32f4xx_hal_tim.o
                0x0000000008003f44                HAL_TIM_PWM_Start
 .text.HAL_TIM_Encoder_Init
                0x00000000080040a4      0x14c ./Drivers/STM32F4xx_HAL_Driver/Src/stm32f4xx_hal_tim.o
                0x00000000080040a4                HAL_TIM_Encoder_Init
 .text.HAL_TIM_Encoder_Start
                0x00000000080041f0      0x11c ./Drivers/STM32F4xx_HAL_Driver/Src/stm32f4xx_hal_tim.o
                0x00000000080041f0                HAL_TIM_Encoder_Start
 .text.HAL_TIM_IRQHandler
                0x000000000800430c      0x210 ./Drivers/STM32F4xx_HAL_Driver/Src/stm32f4xx_hal_tim.o
                0x000000000800430c                HAL_TIM_IRQHandler
 .text.HAL_TIM_PWM_ConfigChannel
                0x000000000800451c      0x184 ./Drivers/STM32F4xx_HAL_Driver/Src/stm32f4xx_hal_tim.o
                0x000000000800451c                HAL_TIM_PWM_ConfigChannel
 .text.HAL_TIM_PeriodElapsedCallback
                0x00000000080046a0       0x14 ./Drivers/STM32F4xx_HAL_Driver/Src/stm32f4xx_hal_tim.o
                0x00000000080046a0                HAL_TIM_PeriodElapsedCallback
 .text.HAL_TIM_OC_DelayElapsedCallback
                0x00000000080046b4       0x14 ./Drivers/STM32F4xx_HAL_Driver/Src/stm32f4xx_hal_tim.o
                0x00000000080046b4                HAL_TIM_OC_DelayElapsedCallback
 .text.HAL_TIM_IC_CaptureCallback
                0x00000000080046c8       0x14 ./Drivers/STM32F4xx_HAL_Driver/Src/stm32f4xx_hal_tim.o
                0x00000000080046c8                HAL_TIM_IC_CaptureCallback
 .text.HAL_TIM_PWM_PulseFinishedCallback
                0x00000000080046dc       0x14 ./Drivers/STM32F4xx_HAL_Driver/Src/stm32f4xx_hal_tim.o
                0x00000000080046dc                HAL_TIM_PWM_PulseFinishedCallback
 .text.HAL_TIM_TriggerCallback
                0x00000000080046f0       0x14 ./Drivers/STM32F4xx_HAL_Driver/Src/stm32f4xx_hal_tim.o
                0x00000000080046f0                HAL_TIM_TriggerCallback
 .text.TIM_Base_SetConfig
                0x0000000008004704      0x100 ./Drivers/STM32F4xx_HAL_Driver/Src/stm32f4xx_hal_tim.o
                0x0000000008004704                TIM_Base_SetConfig
 .text.TIM_OC1_SetConfig
                0x0000000008004804       0xcc ./Drivers/STM32F4xx_HAL_Driver/Src/stm32f4xx_hal_tim.o
 .text.TIM_OC2_SetConfig
                0x00000000080048d0       0xd8 ./Drivers/STM32F4xx_HAL_Driver/Src/stm32f4xx_hal_tim.o
                0x00000000080048d0                TIM_OC2_SetConfig
 .text.TIM_OC3_SetConfig
                0x00000000080049a8       0xd4 ./Drivers/STM32F4xx_HAL_Driver/Src/stm32f4xx_hal_tim.o
 .text.TIM_OC4_SetConfig
                0x0000000008004a7c       0xa0 ./Drivers/STM32F4xx_HAL_Driver/Src/stm32f4xx_hal_tim.o
 .text.TIM_CCxChannelCmd
                0x0000000008004b1c       0x4a ./Drivers/STM32F4xx_HAL_Driver/Src/stm32f4xx_hal_tim.o
                0x0000000008004b1c                TIM_CCxChannelCmd
 *fill*         0x0000000008004b66        0x2 
 .text.HAL_TIMEx_MasterConfigSynchronization
                0x0000000008004b68       0xdc ./Drivers/STM32F4xx_HAL_Driver/Src/stm32f4xx_hal_tim_ex.o
                0x0000000008004b68                HAL_TIMEx_MasterConfigSynchronization
 .text.HAL_TIMEx_CommutCallback
                0x0000000008004c44       0x14 ./Drivers/STM32F4xx_HAL_Driver/Src/stm32f4xx_hal_tim_ex.o
                0x0000000008004c44                HAL_TIMEx_CommutCallback
 .text.HAL_TIMEx_BreakCallback
                0x0000000008004c58       0x14 ./Drivers/STM32F4xx_HAL_Driver/Src/stm32f4xx_hal_tim_ex.o
                0x0000000008004c58                HAL_TIMEx_BreakCallback
 .text.HAL_UART_Init
                0x0000000008004c6c       0x9a ./Drivers/STM32F4xx_HAL_Driver/Src/stm32f4xx_hal_uart.o
                0x0000000008004c6c                HAL_UART_Init
 *fill*         0x0000000008004d06        0x2 
 .text.UART_SetConfig
                0x0000000008004d08      0x4e8 ./Drivers/STM32F4xx_HAL_Driver/Src/stm32f4xx_hal_uart.o
 .text.memset   0x00000000080051f0       0x10 C:/ST/STM32CubeIDE_1.13.2/STM32CubeIDE/plugins/com.st.stm32cube.ide.mcu.externaltools.gnu-tools-for-stm32.11.3.rel1.win32_1.1.1.202309131626/tools/bin/../lib/gcc/arm-none-eabi/11.3.1/../../../../arm-none-eabi/lib/thumb/v7e-m+fp/hard\libc_nano.a(libc_a-memset.o)
                0x00000000080051f0                memset
 .text.__libc_init_array
                0x0000000008005200       0x48 C:/ST/STM32CubeIDE_1.13.2/STM32CubeIDE/plugins/com.st.stm32cube.ide.mcu.externaltools.gnu-tools-for-stm32.11.3.rel1.win32_1.1.1.202309131626/tools/bin/../lib/gcc/arm-none-eabi/11.3.1/../../../../arm-none-eabi/lib/thumb/v7e-m+fp/hard\libc_nano.a(libc_a-init.o)
                0x0000000008005200                __libc_init_array
 *(.glue_7)
 .glue_7        0x0000000008005248        0x0 linker stubs
 *(.glue_7t)
 .glue_7t       0x0000000008005248        0x0 linker stubs
 *(.eh_frame)
 .eh_frame      0x0000000008005248        0x0 C:/ST/STM32CubeIDE_1.13.2/STM32CubeIDE/plugins/com.st.stm32cube.ide.mcu.externaltools.gnu-tools-for-stm32.11.3.rel1.win32_1.1.1.202309131626/tools/bin/../lib/gcc/arm-none-eabi/11.3.1/thumb/v7e-m+fp/hard/crtbegin.o
 *(.init)
 .init          0x0000000008005248        0x4 C:/ST/STM32CubeIDE_1.13.2/STM32CubeIDE/plugins/com.st.stm32cube.ide.mcu.externaltools.gnu-tools-for-stm32.11.3.rel1.win32_1.1.1.202309131626/tools/bin/../lib/gcc/arm-none-eabi/11.3.1/thumb/v7e-m+fp/hard/crti.o
                0x0000000008005248                _init
 .init          0x000000000800524c        0x8 C:/ST/STM32CubeIDE_1.13.2/STM32CubeIDE/plugins/com.st.stm32cube.ide.mcu.externaltools.gnu-tools-for-stm32.11.3.rel1.win32_1.1.1.202309131626/tools/bin/../lib/gcc/arm-none-eabi/11.3.1/thumb/v7e-m+fp/hard/crtn.o
 *(.fini)
 .fini          0x0000000008005254        0x4 C:/ST/STM32CubeIDE_1.13.2/STM32CubeIDE/plugins/com.st.stm32cube.ide.mcu.externaltools.gnu-tools-for-stm32.11.3.rel1.win32_1.1.1.202309131626/tools/bin/../lib/gcc/arm-none-eabi/11.3.1/thumb/v7e-m+fp/hard/crti.o
                0x0000000008005254                _fini
 .fini          0x0000000008005258        0x8 C:/ST/STM32CubeIDE_1.13.2/STM32CubeIDE/plugins/com.st.stm32cube.ide.mcu.externaltools.gnu-tools-for-stm32.11.3.rel1.win32_1.1.1.202309131626/tools/bin/../lib/gcc/arm-none-eabi/11.3.1/thumb/v7e-m+fp/hard/crtn.o
                0x0000000008005260                . = ALIGN (0x4)
                0x0000000008005260                _etext = .

.vfp11_veneer   0x0000000008005260        0x0
 .vfp11_veneer  0x0000000008005260        0x0 linker stubs

.v4_bx          0x0000000008005260        0x0
 .v4_bx         0x0000000008005260        0x0 linker stubs

.iplt           0x0000000008005260        0x0
 .iplt          0x0000000008005260        0x0 C:/ST/STM32CubeIDE_1.13.2/STM32CubeIDE/plugins/com.st.stm32cube.ide.mcu.externaltools.gnu-tools-for-stm32.11.3.rel1.win32_1.1.1.202309131626/tools/bin/../lib/gcc/arm-none-eabi/11.3.1/thumb/v7e-m+fp/hard/crtbegin.o

.rodata         0x0000000008005260       0x20
                0x0000000008005260                . = ALIGN (0x4)
 *(.rodata)
 *(.rodata*)
 .rodata.AHBPrescTable
                0x0000000008005260       0x10 ./Core/Src/system_stm32f4xx.o
                0x0000000008005260                AHBPrescTable
 .rodata.APBPrescTable
                0x0000000008005270        0x8 ./Core/Src/system_stm32f4xx.o
                0x0000000008005270                APBPrescTable
 .rodata.flagBitshiftOffset.0
                0x0000000008005278        0x8 ./Drivers/STM32F4xx_HAL_Driver/Src/stm32f4xx_hal_dma.o
                0x0000000008005280                . = ALIGN (0x4)

.ARM.extab      0x0000000008005280        0x0
                0x0000000008005280                . = ALIGN (0x4)
 *(.ARM.extab* .gnu.linkonce.armextab.*)
                0x0000000008005280                . = ALIGN (0x4)

.ARM            0x0000000008005280        0x8
                0x0000000008005280                . = ALIGN (0x4)
                0x0000000008005280                __exidx_start = .
 *(.ARM.exidx*)
 .ARM.exidx     0x0000000008005280        0x8 C:/ST/STM32CubeIDE_1.13.2/STM32CubeIDE/plugins/com.st.stm32cube.ide.mcu.externaltools.gnu-tools-for-stm32.11.3.rel1.win32_1.1.1.202309131626/tools/bin/../lib/gcc/arm-none-eabi/11.3.1/thumb/v7e-m+fp/hard\libgcc.a(_udivmoddi4.o)
                0x0000000008005288                __exidx_end = .
                0x0000000008005288                . = ALIGN (0x4)

.rel.dyn        0x0000000008005288        0x0
 .rel.iplt      0x0000000008005288        0x0 C:/ST/STM32CubeIDE_1.13.2/STM32CubeIDE/plugins/com.st.stm32cube.ide.mcu.externaltools.gnu-tools-for-stm32.11.3.rel1.win32_1.1.1.202309131626/tools/bin/../lib/gcc/arm-none-eabi/11.3.1/thumb/v7e-m+fp/hard/crtbegin.o

.preinit_array  0x0000000008005288        0x0
                0x0000000008005288                . = ALIGN (0x4)
                0x0000000008005288                PROVIDE (__preinit_array_start = .)
 *(.preinit_array*)
                0x0000000008005288                PROVIDE (__preinit_array_end = .)
                0x0000000008005288                . = ALIGN (0x4)

.init_array     0x0000000008005288        0x4
                0x0000000008005288                . = ALIGN (0x4)
                0x0000000008005288                PROVIDE (__init_array_start = .)
 *(SORT_BY_NAME(.init_array.*))
 *(.init_array*)
 .init_array    0x0000000008005288        0x4 C:/ST/STM32CubeIDE_1.13.2/STM32CubeIDE/plugins/com.st.stm32cube.ide.mcu.externaltools.gnu-tools-for-stm32.11.3.rel1.win32_1.1.1.202309131626/tools/bin/../lib/gcc/arm-none-eabi/11.3.1/thumb/v7e-m+fp/hard/crtbegin.o
                0x000000000800528c                PROVIDE (__init_array_end = .)
                0x000000000800528c                . = ALIGN (0x4)

.fini_array     0x000000000800528c        0x4
                0x000000000800528c                . = ALIGN (0x4)
                [!provide]                        PROVIDE (__fini_array_start = .)
 *(SORT_BY_NAME(.fini_array.*))
 *(.fini_array*)
 .fini_array    0x000000000800528c        0x4 C:/ST/STM32CubeIDE_1.13.2/STM32CubeIDE/plugins/com.st.stm32cube.ide.mcu.externaltools.gnu-tools-for-stm32.11.3.rel1.win32_1.1.1.202309131626/tools/bin/../lib/gcc/arm-none-eabi/11.3.1/thumb/v7e-m+fp/hard/crtbegin.o
                [!provide]                        PROVIDE (__fini_array_end = .)
                0x0000000008005290                . = ALIGN (0x4)
                0x0000000008005290                _sidata = LOADADDR (.data)

.data           0x0000000020000000       0x18 load address 0x0000000008005290
                0x0000000020000000                . = ALIGN (0x4)
                0x0000000020000000                _sdata = .
 *(.data)
 *(.data*)
 .data.kPw      0x0000000020000000        0x4 ./Core/Src/pid.o
                0x0000000020000000                kPw
 .data.kDw      0x0000000020000004        0x4 ./Core/Src/pid.o
                0x0000000020000004                kDw
 .data.kPx      0x0000000020000008        0x4 ./Core/Src/pid.o
                0x0000000020000008                kPx
 .data.SystemCoreClock
                0x000000002000000c        0x4 ./Core/Src/system_stm32f4xx.o
                0x000000002000000c                SystemCoreClock
 .data.uwTickPrio
                0x0000000020000010        0x4 ./Drivers/STM32F4xx_HAL_Driver/Src/stm32f4xx_hal.o
                0x0000000020000010                uwTickPrio
 .data.uwTickFreq
                0x0000000020000014        0x1 ./Drivers/STM32F4xx_HAL_Driver/Src/stm32f4xx_hal.o
                0x0000000020000014                uwTickFreq
 *(.RamFunc)
 *(.RamFunc*)
                0x0000000020000018                . = ALIGN (0x4)
 *fill*         0x0000000020000015        0x3 
                0x0000000020000018                _edata = .

.igot.plt       0x0000000020000018        0x0 load address 0x00000000080052a8
 .igot.plt      0x0000000020000018        0x0 C:/ST/STM32CubeIDE_1.13.2/STM32CubeIDE/plugins/com.st.stm32cube.ide.mcu.externaltools.gnu-tools-for-stm32.11.3.rel1.win32_1.1.1.202309131626/tools/bin/../lib/gcc/arm-none-eabi/11.3.1/thumb/v7e-m+fp/hard/crtbegin.o
                0x0000000020000018                . = ALIGN (0x4)

.bss            0x0000000020000018      0x320 load address 0x00000000080052a8
                0x0000000020000018                _sbss = .
                0x0000000020000018                __bss_start__ = _sbss
 *(.bss)
 .bss           0x0000000020000018       0x1c C:/ST/STM32CubeIDE_1.13.2/STM32CubeIDE/plugins/com.st.stm32cube.ide.mcu.externaltools.gnu-tools-for-stm32.11.3.rel1.win32_1.1.1.202309131626/tools/bin/../lib/gcc/arm-none-eabi/11.3.1/thumb/v7e-m+fp/hard/crtbegin.o
 *(.bss*)
 .bss.adc_buf   0x0000000020000034      0x100 ./Core/Src/irs.o
                0x0000000020000034                adc_buf
 .bss.complete  0x0000000020000134        0x1 ./Core/Src/irs.o
                0x0000000020000134                complete
 *fill*         0x0000000020000135        0x3 
 .bss.hadc1     0x0000000020000138       0x48 ./Core/Src/main.o
                0x0000000020000138                hadc1
 .bss.hdma_adc1
                0x0000000020000180       0x60 ./Core/Src/main.o
                0x0000000020000180                hdma_adc1
 .bss.htim1     0x00000000200001e0       0x48 ./Core/Src/main.o
                0x00000000200001e0                htim1
 .bss.htim2     0x0000000020000228       0x48 ./Core/Src/main.o
                0x0000000020000228                htim2
 .bss.htim4     0x0000000020000270       0x48 ./Core/Src/main.o
                0x0000000020000270                htim4
 .bss.huart2    0x00000000200002b8       0x44 ./Core/Src/main.o
                0x00000000200002b8                huart2
 .bss.left_counts
                0x00000000200002fc        0x2 ./Core/Src/main.o
                0x00000000200002fc                left_counts
 .bss.right_counts
                0x00000000200002fe        0x2 ./Core/Src/main.o
                0x00000000200002fe                right_counts
 .bss.frontIR   0x0000000020000300        0x2 ./Core/Src/main.o
                0x0000000020000300                frontIR
 .bss.leftIR    0x0000000020000302        0x2 ./Core/Src/main.o
                0x0000000020000302                leftIR
 .bss.rightIR   0x0000000020000304        0x2 ./Core/Src/main.o
                0x0000000020000304                rightIR
 *fill*         0x0000000020000306        0x2 
 .bss.angleError
                0x0000000020000308        0x4 ./Core/Src/pid.o
                0x0000000020000308                angleError
 .bss.oldAngleError
                0x000000002000030c        0x4 ./Core/Src/pid.o
                0x000000002000030c                oldAngleError
 .bss.distanceError
                0x0000000020000310        0x4 ./Core/Src/pid.o
                0x0000000020000310                distanceError
 .bss.oldDistanceError
                0x0000000020000314        0x4 ./Core/Src/pid.o
                0x0000000020000314                oldDistanceError
 .bss.angleCorrection2
                0x0000000020000318        0x4 ./Core/Src/pid.o
                0x0000000020000318                angleCorrection2
 .bss.distanceCorrection2
                0x000000002000031c        0x4 ./Core/Src/pid.o
                0x000000002000031c                distanceCorrection2
 .bss.kDx       0x0000000020000320        0x4 ./Core/Src/pid.o
                0x0000000020000320                kDx
 .bss.done      0x0000000020000324        0x4 ./Core/Src/pid.o
                0x0000000020000324                done
 .bss.goalAngle
                0x0000000020000328        0x4 ./Core/Src/pid.o
                0x0000000020000328                goalAngle
 .bss.goalDistance
                0x000000002000032c        0x4 ./Core/Src/pid.o
                0x000000002000032c                goalDistance
 .bss.test      0x0000000020000330        0x4 ./Core/Src/pid.o
                0x0000000020000330                test
 .bss.uwTick    0x0000000020000334        0x4 ./Drivers/STM32F4xx_HAL_Driver/Src/stm32f4xx_hal.o
                0x0000000020000334                uwTick
 *(COMMON)
                0x0000000020000338                . = ALIGN (0x4)
                0x0000000020000338                _ebss = .
                0x0000000020000338                __bss_end__ = _ebss

._user_heap_stack
                0x0000000020000338      0x600 load address 0x00000000080052a8
                0x0000000020000338                . = ALIGN (0x8)
                [!provide]                        PROVIDE (end = .)
                0x0000000020000338                PROVIDE (_end = .)
                0x0000000020000538                . = (. + _Min_Heap_Size)
 *fill*         0x0000000020000338      0x200 
                0x0000000020000938                . = (. + _Min_Stack_Size)
 *fill*         0x0000000020000538      0x400 
                0x0000000020000938                . = ALIGN (0x8)

/DISCARD/
 libc.a(*)
 libm.a(*)
 libgcc.a(*)

.ARM.attributes
                0x0000000000000000       0x30
 *(.ARM.attributes)
 .ARM.attributes
                0x0000000000000000       0x1e C:/ST/STM32CubeIDE_1.13.2/STM32CubeIDE/plugins/com.st.stm32cube.ide.mcu.externaltools.gnu-tools-for-stm32.11.3.rel1.win32_1.1.1.202309131626/tools/bin/../lib/gcc/arm-none-eabi/11.3.1/thumb/v7e-m+fp/hard/crti.o
 .ARM.attributes
                0x000000000000001e       0x34 C:/ST/STM32CubeIDE_1.13.2/STM32CubeIDE/plugins/com.st.stm32cube.ide.mcu.externaltools.gnu-tools-for-stm32.11.3.rel1.win32_1.1.1.202309131626/tools/bin/../lib/gcc/arm-none-eabi/11.3.1/thumb/v7e-m+fp/hard/crtbegin.o
 .ARM.attributes
                0x0000000000000052       0x34 ./Core/Src/controller.o
 .ARM.attributes
                0x0000000000000086       0x34 ./Core/Src/delay.o
 .ARM.attributes
                0x00000000000000ba       0x34 ./Core/Src/encoders.o
 .ARM.attributes
                0x00000000000000ee       0x34 ./Core/Src/irs.o
 .ARM.attributes
                0x0000000000000122       0x34 ./Core/Src/main.o
 .ARM.attributes
                0x0000000000000156       0x34 ./Core/Src/motors.o
 .ARM.attributes
                0x000000000000018a       0x34 ./Core/Src/pid.o
 .ARM.attributes
                0x00000000000001be       0x34 ./Core/Src/stm32f4xx_hal_msp.o
 .ARM.attributes
                0x00000000000001f2       0x34 ./Core/Src/stm32f4xx_it.o
 .ARM.attributes
                0x0000000000000226       0x34 ./Core/Src/system_stm32f4xx.o
 .ARM.attributes
                0x000000000000025a       0x34 ./Core/Src/systick.o
 .ARM.attributes
                0x000000000000028e       0x21 ./Core/Startup/startup_stm32f411retx.o
 .ARM.attributes
                0x00000000000002af       0x34 ./Drivers/STM32F4xx_HAL_Driver/Src/stm32f4xx_hal.o
 .ARM.attributes
                0x00000000000002e3       0x34 ./Drivers/STM32F4xx_HAL_Driver/Src/stm32f4xx_hal_adc.o
 .ARM.attributes
                0x0000000000000317       0x34 ./Drivers/STM32F4xx_HAL_Driver/Src/stm32f4xx_hal_cortex.o
 .ARM.attributes
                0x000000000000034b       0x34 ./Drivers/STM32F4xx_HAL_Driver/Src/stm32f4xx_hal_dma.o
 .ARM.attributes
                0x000000000000037f       0x34 ./Drivers/STM32F4xx_HAL_Driver/Src/stm32f4xx_hal_gpio.o
 .ARM.attributes
                0x00000000000003b3       0x34 ./Drivers/STM32F4xx_HAL_Driver/Src/stm32f4xx_hal_rcc.o
 .ARM.attributes
                0x00000000000003e7       0x34 ./Drivers/STM32F4xx_HAL_Driver/Src/stm32f4xx_hal_tim.o
 .ARM.attributes
                0x000000000000041b       0x34 ./Drivers/STM32F4xx_HAL_Driver/Src/stm32f4xx_hal_tim_ex.o
 .ARM.attributes
                0x000000000000044f       0x34 ./Drivers/STM32F4xx_HAL_Driver/Src/stm32f4xx_hal_uart.o
 .ARM.attributes
                0x0000000000000483       0x34 C:/ST/STM32CubeIDE_1.13.2/STM32CubeIDE/plugins/com.st.stm32cube.ide.mcu.externaltools.gnu-tools-for-stm32.11.3.rel1.win32_1.1.1.202309131626/tools/bin/../lib/gcc/arm-none-eabi/11.3.1/../../../../arm-none-eabi/lib/thumb/v7e-m+fp/hard\libc_nano.a(libc_a-memset.o)
 .ARM.attributes
                0x00000000000004b7       0x34 C:/ST/STM32CubeIDE_1.13.2/STM32CubeIDE/plugins/com.st.stm32cube.ide.mcu.externaltools.gnu-tools-for-stm32.11.3.rel1.win32_1.1.1.202309131626/tools/bin/../lib/gcc/arm-none-eabi/11.3.1/../../../../arm-none-eabi/lib/thumb/v7e-m+fp/hard\libc_nano.a(libc_a-init.o)
 .ARM.attributes
                0x00000000000004eb       0x1e C:/ST/STM32CubeIDE_1.13.2/STM32CubeIDE/plugins/com.st.stm32cube.ide.mcu.externaltools.gnu-tools-for-stm32.11.3.rel1.win32_1.1.1.202309131626/tools/bin/../lib/gcc/arm-none-eabi/11.3.1/thumb/v7e-m+fp/hard\libgcc.a(_arm_addsubdf3.o)
 .ARM.attributes
                0x0000000000000509       0x1e C:/ST/STM32CubeIDE_1.13.2/STM32CubeIDE/plugins/com.st.stm32cube.ide.mcu.externaltools.gnu-tools-for-stm32.11.3.rel1.win32_1.1.1.202309131626/tools/bin/../lib/gcc/arm-none-eabi/11.3.1/thumb/v7e-m+fp/hard\libgcc.a(_arm_cmpdf2.o)
 .ARM.attributes
                0x0000000000000527       0x1e C:/ST/STM32CubeIDE_1.13.2/STM32CubeIDE/plugins/com.st.stm32cube.ide.mcu.externaltools.gnu-tools-for-stm32.11.3.rel1.win32_1.1.1.202309131626/tools/bin/../lib/gcc/arm-none-eabi/11.3.1/thumb/v7e-m+fp/hard\libgcc.a(_aeabi_uldivmod.o)
 .ARM.attributes
                0x0000000000000545       0x34 C:/ST/STM32CubeIDE_1.13.2/STM32CubeIDE/plugins/com.st.stm32cube.ide.mcu.externaltools.gnu-tools-for-stm32.11.3.rel1.win32_1.1.1.202309131626/tools/bin/../lib/gcc/arm-none-eabi/11.3.1/thumb/v7e-m+fp/hard\libgcc.a(_udivmoddi4.o)
 .ARM.attributes
                0x0000000000000579       0x1e C:/ST/STM32CubeIDE_1.13.2/STM32CubeIDE/plugins/com.st.stm32cube.ide.mcu.externaltools.gnu-tools-for-stm32.11.3.rel1.win32_1.1.1.202309131626/tools/bin/../lib/gcc/arm-none-eabi/11.3.1/thumb/v7e-m+fp/hard\libgcc.a(_dvmd_tls.o)
 .ARM.attributes
                0x0000000000000597       0x1e C:/ST/STM32CubeIDE_1.13.2/STM32CubeIDE/plugins/com.st.stm32cube.ide.mcu.externaltools.gnu-tools-for-stm32.11.3.rel1.win32_1.1.1.202309131626/tools/bin/../lib/gcc/arm-none-eabi/11.3.1/thumb/v7e-m+fp/hard/crtn.o
OUTPUT(Rat.elf elf32-littlearm)
LOAD linker stubs
LOAD C:/ST/STM32CubeIDE_1.13.2/STM32CubeIDE/plugins/com.st.stm32cube.ide.mcu.externaltools.gnu-tools-for-stm32.11.3.rel1.win32_1.1.1.202309131626/tools/bin/../lib/gcc/arm-none-eabi/11.3.1/../../../../arm-none-eabi/lib/thumb/v7e-m+fp/hard\libc.a
LOAD C:/ST/STM32CubeIDE_1.13.2/STM32CubeIDE/plugins/com.st.stm32cube.ide.mcu.externaltools.gnu-tools-for-stm32.11.3.rel1.win32_1.1.1.202309131626/tools/bin/../lib/gcc/arm-none-eabi/11.3.1/../../../../arm-none-eabi/lib/thumb/v7e-m+fp/hard\libm.a
LOAD C:/ST/STM32CubeIDE_1.13.2/STM32CubeIDE/plugins/com.st.stm32cube.ide.mcu.externaltools.gnu-tools-for-stm32.11.3.rel1.win32_1.1.1.202309131626/tools/bin/../lib/gcc/arm-none-eabi/11.3.1/thumb/v7e-m+fp/hard\libgcc.a

.comment        0x0000000000000000       0x43
 .comment       0x0000000000000000       0x43 C:/ST/STM32CubeIDE_1.13.2/STM32CubeIDE/plugins/com.st.stm32cube.ide.mcu.externaltools.gnu-tools-for-stm32.11.3.rel1.win32_1.1.1.202309131626/tools/bin/../lib/gcc/arm-none-eabi/11.3.1/thumb/v7e-m+fp/hard/crtbegin.o
                                         0x44 (size before relaxing)
 .comment       0x0000000000000043       0x44 ./Core/Src/controller.o
 .comment       0x0000000000000043       0x44 ./Core/Src/delay.o
 .comment       0x0000000000000043       0x44 ./Core/Src/encoders.o
 .comment       0x0000000000000043       0x44 ./Core/Src/irs.o
 .comment       0x0000000000000043       0x44 ./Core/Src/main.o
 .comment       0x0000000000000043       0x44 ./Core/Src/motors.o
 .comment       0x0000000000000043       0x44 ./Core/Src/pid.o
 .comment       0x0000000000000043       0x44 ./Core/Src/stm32f4xx_hal_msp.o
 .comment       0x0000000000000043       0x44 ./Core/Src/stm32f4xx_it.o
 .comment       0x0000000000000043       0x44 ./Core/Src/system_stm32f4xx.o
 .comment       0x0000000000000043       0x44 ./Core/Src/systick.o
 .comment       0x0000000000000043       0x44 ./Drivers/STM32F4xx_HAL_Driver/Src/stm32f4xx_hal.o
 .comment       0x0000000000000043       0x44 ./Drivers/STM32F4xx_HAL_Driver/Src/stm32f4xx_hal_adc.o
 .comment       0x0000000000000043       0x44 ./Drivers/STM32F4xx_HAL_Driver/Src/stm32f4xx_hal_cortex.o
 .comment       0x0000000000000043       0x44 ./Drivers/STM32F4xx_HAL_Driver/Src/stm32f4xx_hal_dma.o
 .comment       0x0000000000000043       0x44 ./Drivers/STM32F4xx_HAL_Driver/Src/stm32f4xx_hal_gpio.o
 .comment       0x0000000000000043       0x44 ./Drivers/STM32F4xx_HAL_Driver/Src/stm32f4xx_hal_rcc.o
 .comment       0x0000000000000043       0x44 ./Drivers/STM32F4xx_HAL_Driver/Src/stm32f4xx_hal_tim.o
 .comment       0x0000000000000043       0x44 ./Drivers/STM32F4xx_HAL_Driver/Src/stm32f4xx_hal_tim_ex.o
 .comment       0x0000000000000043       0x44 ./Drivers/STM32F4xx_HAL_Driver/Src/stm32f4xx_hal_uart.o

.debug_info     0x0000000000000000     0xf66a
 .debug_info    0x0000000000000000      0x11c ./Core/Src/controller.o
 .debug_info    0x000000000000011c      0x269 ./Core/Src/delay.o
 .debug_info    0x0000000000000385      0x1f9 ./Core/Src/encoders.o
 .debug_info    0x000000000000057e      0x8b7 ./Core/Src/irs.o
 .debug_info    0x0000000000000e35     0x187e ./Core/Src/main.o
 .debug_info    0x00000000000026b3      0x22b ./Core/Src/motors.o
 .debug_info    0x00000000000028de      0x2a0 ./Core/Src/pid.o
 .debug_info    0x0000000000002b7e     0x1362 ./Core/Src/stm32f4xx_hal_msp.o
 .debug_info    0x0000000000003ee0      0x745 ./Core/Src/stm32f4xx_it.o
 .debug_info    0x0000000000004625      0x53e ./Core/Src/system_stm32f4xx.o
 .debug_info    0x0000000000004b63      0x221 ./Core/Src/systick.o
 .debug_info    0x0000000000004d84       0x23 ./Core/Startup/startup_stm32f411retx.o
 .debug_info    0x0000000000004da7      0x8c4 ./Drivers/STM32F4xx_HAL_Driver/Src/stm32f4xx_hal.o
 .debug_info    0x000000000000566b      0xcd1 ./Drivers/STM32F4xx_HAL_Driver/Src/stm32f4xx_hal_adc.o
 .debug_info    0x000000000000633c      0xcb6 ./Drivers/STM32F4xx_HAL_Driver/Src/stm32f4xx_hal_cortex.o
 .debug_info    0x0000000000006ff2      0x8e6 ./Drivers/STM32F4xx_HAL_Driver/Src/stm32f4xx_hal_dma.o
 .debug_info    0x00000000000078d8      0x6f9 ./Drivers/STM32F4xx_HAL_Driver/Src/stm32f4xx_hal_gpio.o
 .debug_info    0x0000000000007fd1      0x8f2 ./Drivers/STM32F4xx_HAL_Driver/Src/stm32f4xx_hal_rcc.o
 .debug_info    0x00000000000088c3     0x2941 ./Drivers/STM32F4xx_HAL_Driver/Src/stm32f4xx_hal_tim.o
 .debug_info    0x000000000000b204     0x14a7 ./Drivers/STM32F4xx_HAL_Driver/Src/stm32f4xx_hal_tim_ex.o
 .debug_info    0x000000000000c6ab     0x2fbf ./Drivers/STM32F4xx_HAL_Driver/Src/stm32f4xx_hal_uart.o

.debug_abbrev   0x0000000000000000     0x2694
 .debug_abbrev  0x0000000000000000       0xc8 ./Core/Src/controller.o
 .debug_abbrev  0x00000000000000c8       0xe7 ./Core/Src/delay.o
 .debug_abbrev  0x00000000000001af       0xb8 ./Core/Src/encoders.o
 .debug_abbrev  0x0000000000000267      0x23a ./Core/Src/irs.o
 .debug_abbrev  0x00000000000004a1      0x334 ./Core/Src/main.o
 .debug_abbrev  0x00000000000007d5       0xe7 ./Core/Src/motors.o
 .debug_abbrev  0x00000000000008bc      0x13f ./Core/Src/pid.o
 .debug_abbrev  0x00000000000009fb      0x25e ./Core/Src/stm32f4xx_hal_msp.o
 .debug_abbrev  0x0000000000000c59      0x1bd ./Core/Src/stm32f4xx_it.o
 .debug_abbrev  0x0000000000000e16      0x11a ./Core/Src/system_stm32f4xx.o
 .debug_abbrev  0x0000000000000f30       0xfb ./Core/Src/systick.o
 .debug_abbrev  0x000000000000102b       0x12 ./Core/Startup/startup_stm32f411retx.o
 .debug_abbrev  0x000000000000103d      0x24b ./Drivers/STM32F4xx_HAL_Driver/Src/stm32f4xx_hal.o
 .debug_abbrev  0x0000000000001288      0x20e ./Drivers/STM32F4xx_HAL_Driver/Src/stm32f4xx_hal_adc.o
 .debug_abbrev  0x0000000000001496      0x327 ./Drivers/STM32F4xx_HAL_Driver/Src/stm32f4xx_hal_cortex.o
 .debug_abbrev  0x00000000000017bd      0x221 ./Drivers/STM32F4xx_HAL_Driver/Src/stm32f4xx_hal_dma.o
 .debug_abbrev  0x00000000000019de      0x1d3 ./Drivers/STM32F4xx_HAL_Driver/Src/stm32f4xx_hal_gpio.o
 .debug_abbrev  0x0000000000001bb1      0x2b5 ./Drivers/STM32F4xx_HAL_Driver/Src/stm32f4xx_hal_rcc.o
 .debug_abbrev  0x0000000000001e66      0x284 ./Drivers/STM32F4xx_HAL_Driver/Src/stm32f4xx_hal_tim.o
 .debug_abbrev  0x00000000000020ea      0x28f ./Drivers/STM32F4xx_HAL_Driver/Src/stm32f4xx_hal_tim_ex.o
 .debug_abbrev  0x0000000000002379      0x31b ./Drivers/STM32F4xx_HAL_Driver/Src/stm32f4xx_hal_uart.o

.debug_aranges  0x0000000000000000      0xea8
 .debug_aranges
                0x0000000000000000       0x28 ./Core/Src/controller.o
 .debug_aranges
                0x0000000000000028       0x28 ./Core/Src/delay.o
 .debug_aranges
                0x0000000000000050       0x30 ./Core/Src/encoders.o
 .debug_aranges
                0x0000000000000080       0x50 ./Core/Src/irs.o
 .debug_aranges
                0x00000000000000d0       0x78 ./Core/Src/main.o
 .debug_aranges
                0x0000000000000148       0x38 ./Core/Src/motors.o
 .debug_aranges
                0x0000000000000180       0x40 ./Core/Src/pid.o
 .debug_aranges
                0x00000000000001c0       0x68 ./Core/Src/stm32f4xx_hal_msp.o
 .debug_aranges
                0x0000000000000228       0x78 ./Core/Src/stm32f4xx_it.o
 .debug_aranges
                0x00000000000002a0       0x28 ./Core/Src/system_stm32f4xx.o
 .debug_aranges
                0x00000000000002c8       0x20 ./Core/Src/systick.o
 .debug_aranges
                0x00000000000002e8       0x28 ./Core/Startup/startup_stm32f411retx.o
 .debug_aranges
                0x0000000000000310       0xf0 ./Drivers/STM32F4xx_HAL_Driver/Src/stm32f4xx_hal.o
 .debug_aranges
                0x0000000000000400       0xe8 ./Drivers/STM32F4xx_HAL_Driver/Src/stm32f4xx_hal_adc.o
 .debug_aranges
                0x00000000000004e8      0x118 ./Drivers/STM32F4xx_HAL_Driver/Src/stm32f4xx_hal_cortex.o
 .debug_aranges
                0x0000000000000600       0x90 ./Drivers/STM32F4xx_HAL_Driver/Src/stm32f4xx_hal_dma.o
 .debug_aranges
                0x0000000000000690       0x58 ./Drivers/STM32F4xx_HAL_Driver/Src/stm32f4xx_hal_gpio.o
 .debug_aranges
                0x00000000000006e8       0x88 ./Drivers/STM32F4xx_HAL_Driver/Src/stm32f4xx_hal_rcc.o
 .debug_aranges
                0x0000000000000770      0x3d0 ./Drivers/STM32F4xx_HAL_Driver/Src/stm32f4xx_hal_tim.o
 .debug_aranges
                0x0000000000000b40      0x168 ./Drivers/STM32F4xx_HAL_Driver/Src/stm32f4xx_hal_tim_ex.o
 .debug_aranges
                0x0000000000000ca8      0x200 ./Drivers/STM32F4xx_HAL_Driver/Src/stm32f4xx_hal_uart.o

.debug_rnglists
                0x0000000000000000      0xb5d
 .debug_rnglists
                0x0000000000000000       0x19 ./Core/Src/controller.o
 .debug_rnglists
                0x0000000000000019       0x19 ./Core/Src/delay.o
 .debug_rnglists
                0x0000000000000032       0x1f ./Core/Src/encoders.o
 .debug_rnglists
                0x0000000000000051       0x39 ./Core/Src/irs.o
 .debug_rnglists
                0x000000000000008a       0x5c ./Core/Src/main.o
 .debug_rnglists
                0x00000000000000e6       0x27 ./Core/Src/motors.o
 .debug_rnglists
                0x000000000000010d       0x2c ./Core/Src/pid.o
 .debug_rnglists
                0x0000000000000139       0x4c ./Core/Src/stm32f4xx_hal_msp.o
 .debug_rnglists
                0x0000000000000185       0x55 ./Core/Src/stm32f4xx_it.o
 .debug_rnglists
                0x00000000000001da       0x1a ./Core/Src/system_stm32f4xx.o
 .debug_rnglists
                0x00000000000001f4       0x13 ./Core/Src/systick.o
 .debug_rnglists
                0x0000000000000207       0x19 ./Core/Startup/startup_stm32f411retx.o
 .debug_rnglists
                0x0000000000000220       0xaf ./Drivers/STM32F4xx_HAL_Driver/Src/stm32f4xx_hal.o
 .debug_rnglists
                0x00000000000002cf       0xb5 ./Drivers/STM32F4xx_HAL_Driver/Src/stm32f4xx_hal_adc.o
 .debug_rnglists
                0x0000000000000384       0xce ./Drivers/STM32F4xx_HAL_Driver/Src/stm32f4xx_hal_cortex.o
 .debug_rnglists
                0x0000000000000452       0x70 ./Drivers/STM32F4xx_HAL_Driver/Src/stm32f4xx_hal_dma.o
 .debug_rnglists
                0x00000000000004c2       0x3f ./Drivers/STM32F4xx_HAL_Driver/Src/stm32f4xx_hal_gpio.o
 .debug_rnglists
                0x0000000000000501       0x66 ./Drivers/STM32F4xx_HAL_Driver/Src/stm32f4xx_hal_rcc.o
 .debug_rnglists
                0x0000000000000567      0x31a ./Drivers/STM32F4xx_HAL_Driver/Src/stm32f4xx_hal_tim.o
 .debug_rnglists
                0x0000000000000881      0x125 ./Drivers/STM32F4xx_HAL_Driver/Src/stm32f4xx_hal_tim_ex.o
 .debug_rnglists
                0x00000000000009a6      0x1b7 ./Drivers/STM32F4xx_HAL_Driver/Src/stm32f4xx_hal_uart.o

.debug_macro    0x0000000000000000    0x17ae0
 .debug_macro   0x0000000000000000      0x21d ./Core/Src/controller.o
 .debug_macro   0x000000000000021d      0xaa8 ./Core/Src/controller.o
 .debug_macro   0x0000000000000cc5      0x2a1 ./Core/Src/controller.o
 .debug_macro   0x0000000000000f66       0x2e ./Core/Src/controller.o
 .debug_macro   0x0000000000000f94       0x28 ./Core/Src/controller.o
 .debug_macro   0x0000000000000fbc       0x22 ./Core/Src/controller.o
 .debug_macro   0x0000000000000fde       0x8e ./Core/Src/controller.o
 .debug_macro   0x000000000000106c       0x51 ./Core/Src/controller.o
 .debug_macro   0x00000000000010bd      0x103 ./Core/Src/controller.o
 .debug_macro   0x00000000000011c0       0x6a ./Core/Src/controller.o
 .debug_macro   0x000000000000122a      0x1df ./Core/Src/controller.o
 .debug_macro   0x0000000000001409       0x1c ./Core/Src/controller.o
 .debug_macro   0x0000000000001425       0x22 ./Core/Src/controller.o
 .debug_macro   0x0000000000001447       0xd9 ./Core/Src/controller.o
 .debug_macro   0x0000000000001520     0x102d ./Core/Src/controller.o
 .debug_macro   0x000000000000254d      0x11f ./Core/Src/controller.o
 .debug_macro   0x000000000000266c     0xb953 ./Core/Src/controller.o
 .debug_macro   0x000000000000dfbf       0x6d ./Core/Src/controller.o
 .debug_macro   0x000000000000e02c     0x367e ./Core/Src/controller.o
 .debug_macro   0x00000000000116aa      0x174 ./Core/Src/controller.o
 .debug_macro   0x000000000001181e       0x5c ./Core/Src/controller.o
 .debug_macro   0x000000000001187a      0x447 ./Core/Src/controller.o
 .debug_macro   0x0000000000011cc1      0x9fe ./Core/Src/controller.o
 .debug_macro   0x00000000000126bf      0x115 ./Core/Src/controller.o
 .debug_macro   0x00000000000127d4      0x11b ./Core/Src/controller.o
 .debug_macro   0x00000000000128ef       0xa5 ./Core/Src/controller.o
 .debug_macro   0x0000000000012994      0x15f ./Core/Src/controller.o
 .debug_macro   0x0000000000012af3      0x287 ./Core/Src/controller.o
 .debug_macro   0x0000000000012d7a       0x5f ./Core/Src/controller.o
 .debug_macro   0x0000000000012dd9      0x236 ./Core/Src/controller.o
 .debug_macro   0x000000000001300f      0x9e1 ./Core/Src/controller.o
 .debug_macro   0x00000000000139f0      0x38b ./Core/Src/controller.o
 .debug_macro   0x0000000000013d7b      0x17d ./Core/Src/controller.o
 .debug_macro   0x0000000000013ef8       0xf9 ./Core/Src/controller.o
 .debug_macro   0x0000000000013ff1      0x132 ./Core/Src/controller.o
 .debug_macro   0x0000000000014123      0x264 ./Core/Src/controller.o
 .debug_macro   0x0000000000014387       0x2e ./Core/Src/controller.o
 .debug_macro   0x00000000000143b5      0x11a ./Core/Src/controller.o
 .debug_macro   0x00000000000144cf       0x85 ./Core/Src/controller.o
 .debug_macro   0x0000000000014554       0x89 ./Core/Src/controller.o
 .debug_macro   0x00000000000145dd      0x8e6 ./Core/Src/controller.o
 .debug_macro   0x0000000000014ec3       0x47 ./Core/Src/controller.o
 .debug_macro   0x0000000000014f0a      0x295 ./Core/Src/controller.o
 .debug_macro   0x000000000001519f      0x126 ./Core/Src/controller.o
 .debug_macro   0x00000000000152c5       0xee ./Core/Src/controller.o
 .debug_macro   0x00000000000153b3      0x20f ./Core/Src/delay.o
 .debug_macro   0x00000000000155c2      0x20f ./Core/Src/encoders.o
 .debug_macro   0x00000000000157d1      0x218 ./Core/Src/irs.o
 .debug_macro   0x00000000000159e9       0x10 ./Core/Src/irs.o
 .debug_macro   0x00000000000159f9      0x239 ./Core/Src/main.o
 .debug_macro   0x0000000000015c32       0x16 ./Core/Src/main.o
 .debug_macro   0x0000000000015c48      0x20e ./Core/Src/motors.o
 .debug_macro   0x0000000000015e56      0x21c ./Core/Src/pid.o
 .debug_macro   0x0000000000016072      0x205 ./Core/Src/stm32f4xx_hal_msp.o
 .debug_macro   0x0000000000016277      0x21d ./Core/Src/stm32f4xx_it.o
 .debug_macro   0x0000000000016494      0x1f6 ./Core/Src/system_stm32f4xx.o
 .debug_macro   0x000000000001668a      0x21d ./Core/Src/systick.o
 .debug_macro   0x00000000000168a7      0x256 ./Drivers/STM32F4xx_HAL_Driver/Src/stm32f4xx_hal.o
 .debug_macro   0x0000000000016afd      0x1f7 ./Drivers/STM32F4xx_HAL_Driver/Src/stm32f4xx_hal_adc.o
 .debug_macro   0x0000000000016cf4      0x1f6 ./Drivers/STM32F4xx_HAL_Driver/Src/stm32f4xx_hal_cortex.o
 .debug_macro   0x0000000000016eea      0x1fc ./Drivers/STM32F4xx_HAL_Driver/Src/stm32f4xx_hal_dma.o
 .debug_macro   0x00000000000170e6      0x1fc ./Drivers/STM32F4xx_HAL_Driver/Src/stm32f4xx_hal_gpio.o
 .debug_macro   0x00000000000172e2      0x21a ./Drivers/STM32F4xx_HAL_Driver/Src/stm32f4xx_hal_rcc.o
 .debug_macro   0x00000000000174fc      0x1f7 ./Drivers/STM32F4xx_HAL_Driver/Src/stm32f4xx_hal_tim.o
 .debug_macro   0x00000000000176f3      0x1f6 ./Drivers/STM32F4xx_HAL_Driver/Src/stm32f4xx_hal_tim_ex.o
 .debug_macro   0x00000000000178e9      0x1f7 ./Drivers/STM32F4xx_HAL_Driver/Src/stm32f4xx_hal_uart.o

.debug_line     0x0000000000000000    0x12c55
 .debug_line    0x0000000000000000      0x7ed ./Core/Src/controller.o
 .debug_line    0x00000000000007ed      0x7d2 ./Core/Src/delay.o
 .debug_line    0x0000000000000fbf      0x7d4 ./Core/Src/encoders.o
 .debug_line    0x0000000000001793      0x8b3 ./Core/Src/irs.o
 .debug_line    0x0000000000002046      0xb0a ./Core/Src/main.o
 .debug_line    0x0000000000002b50      0x84e ./Core/Src/motors.o
 .debug_line    0x000000000000339e      0x8df ./Core/Src/pid.o
 .debug_line    0x0000000000003c7d      0x94b ./Core/Src/stm32f4xx_hal_msp.o
 .debug_line    0x00000000000045c8      0x8a6 ./Core/Src/stm32f4xx_it.o
 .debug_line    0x0000000000004e6e      0x80f ./Core/Src/system_stm32f4xx.o
 .debug_line    0x000000000000567d      0x7d9 ./Core/Src/systick.o
 .debug_line    0x0000000000005e56       0x7a ./Core/Startup/startup_stm32f411retx.o
 .debug_line    0x0000000000005ed0      0xa75 ./Drivers/STM32F4xx_HAL_Driver/Src/stm32f4xx_hal.o
 .debug_line    0x0000000000006945     0x1219 ./Drivers/STM32F4xx_HAL_Driver/Src/stm32f4xx_hal_adc.o
 .debug_line    0x0000000000007b5e      0xd24 ./Drivers/STM32F4xx_HAL_Driver/Src/stm32f4xx_hal_cortex.o
 .debug_line    0x0000000000008882      0xfd9 ./Drivers/STM32F4xx_HAL_Driver/Src/stm32f4xx_hal_dma.o
 .debug_line    0x000000000000985b      0xbad ./Drivers/STM32F4xx_HAL_Driver/Src/stm32f4xx_hal_gpio.o
 .debug_line    0x000000000000a408      0xdee ./Drivers/STM32F4xx_HAL_Driver/Src/stm32f4xx_hal_rcc.o
 .debug_line    0x000000000000b1f6     0x353b ./Drivers/STM32F4xx_HAL_Driver/Src/stm32f4xx_hal_tim.o
 .debug_line    0x000000000000e731     0x1a0d ./Drivers/STM32F4xx_HAL_Driver/Src/stm32f4xx_hal_tim_ex.o
 .debug_line    0x000000000001013e     0x2b17 ./Drivers/STM32F4xx_HAL_Driver/Src/stm32f4xx_hal_uart.o

.debug_str      0x0000000000000000    0x9665f
 .debug_str     0x0000000000000000    0x923b2 ./Core/Src/controller.o
                                      0x92635 (size before relaxing)
 .debug_str     0x00000000000923b2      0x12a ./Core/Src/delay.o
                                      0x926ed (size before relaxing)
 .debug_str     0x00000000000924dc       0x6d ./Core/Src/encoders.o
                                      0x92674 (size before relaxing)
 .debug_str     0x0000000000092549      0x581 ./Core/Src/irs.o
                                      0x92bea (size before relaxing)
 .debug_str     0x0000000000092aca      0xdb8 ./Core/Src/main.o
                                      0x93a22 (size before relaxing)
 .debug_str     0x0000000000093882       0x4a ./Core/Src/motors.o
                                      0x9267c (size before relaxing)
 .debug_str     0x00000000000938cc       0xd4 ./Core/Src/pid.o
                                      0x92773 (size before relaxing)
 .debug_str     0x00000000000939a0      0x14c ./Core/Src/stm32f4xx_hal_msp.o
                                      0x93566 (size before relaxing)
 .debug_str     0x0000000000093aec      0x165 ./Core/Src/stm32f4xx_it.o
                                      0x92c66 (size before relaxing)
 .debug_str     0x0000000000093c51       0xdb ./Core/Src/system_stm32f4xx.o
                                      0x92376 (size before relaxing)
 .debug_str     0x0000000000093d2c       0x21 ./Core/Src/systick.o
                                      0x926a4 (size before relaxing)
 .debug_str     0x0000000000093d4d       0x34 ./Core/Startup/startup_stm32f411retx.o
                                         0x6f (size before relaxing)
 .debug_str     0x0000000000093d81      0x5f5 ./Drivers/STM32F4xx_HAL_Driver/Src/stm32f4xx_hal.o
                                      0x92da2 (size before relaxing)
 .debug_str     0x0000000000094376      0x28f ./Drivers/STM32F4xx_HAL_Driver/Src/stm32f4xx_hal_adc.o
                                      0x92951 (size before relaxing)
 .debug_str     0x0000000000094605      0x326 ./Drivers/STM32F4xx_HAL_Driver/Src/stm32f4xx_hal_cortex.o
                                      0x92ac3 (size before relaxing)
 .debug_str     0x000000000009492b      0x2cf ./Drivers/STM32F4xx_HAL_Driver/Src/stm32f4xx_hal_dma.o
                                      0x9277e (size before relaxing)
 .debug_str     0x0000000000094bfa       0xe0 ./Drivers/STM32F4xx_HAL_Driver/Src/stm32f4xx_hal_gpio.o
                                      0x924f1 (size before relaxing)
 .debug_str     0x0000000000094cda      0x233 ./Drivers/STM32F4xx_HAL_Driver/Src/stm32f4xx_hal_rcc.o
                                      0x927aa (size before relaxing)
 .debug_str     0x0000000000094f0d      0xcc2 ./Drivers/STM32F4xx_HAL_Driver/Src/stm32f4xx_hal_tim.o
                                      0x936de (size before relaxing)
 .debug_str     0x0000000000095bcf      0x493 ./Drivers/STM32F4xx_HAL_Driver/Src/stm32f4xx_hal_tim_ex.o
                                      0x92efa (size before relaxing)
 .debug_str     0x0000000000096062      0x5fd ./Drivers/STM32F4xx_HAL_Driver/Src/stm32f4xx_hal_uart.o
                                      0x92d37 (size before relaxing)

.debug_frame    0x0000000000000000     0x3d44
 .debug_frame   0x0000000000000000       0x58 ./Core/Src/controller.o
 .debug_frame   0x0000000000000058       0x58 ./Core/Src/delay.o
 .debug_frame   0x00000000000000b0       0x70 ./Core/Src/encoders.o
 .debug_frame   0x0000000000000120       0xec ./Core/Src/irs.o
 .debug_frame   0x000000000000020c      0x1a4 ./Core/Src/main.o
 .debug_frame   0x00000000000003b0       0x98 ./Core/Src/motors.o
 .debug_frame   0x0000000000000448       0xc8 ./Core/Src/pid.o
 .debug_frame   0x0000000000000510      0x178 ./Core/Src/stm32f4xx_hal_msp.o
 .debug_frame   0x0000000000000688      0x158 ./Core/Src/stm32f4xx_it.o
 .debug_frame   0x00000000000007e0       0x58 ./Core/Src/system_stm32f4xx.o
 .debug_frame   0x0000000000000838       0x38 ./Core/Src/systick.o
 .debug_frame   0x0000000000000870      0x374 ./Drivers/STM32F4xx_HAL_Driver/Src/stm32f4xx_hal.o
 .debug_frame   0x0000000000000be4      0x3fc ./Drivers/STM32F4xx_HAL_Driver/Src/stm32f4xx_hal_adc.o
 .debug_frame   0x0000000000000fe0      0x498 ./Drivers/STM32F4xx_HAL_Driver/Src/stm32f4xx_hal_cortex.o
 .debug_frame   0x0000000000001478      0x250 ./Drivers/STM32F4xx_HAL_Driver/Src/stm32f4xx_hal_dma.o
 .debug_frame   0x00000000000016c8      0x14c ./Drivers/STM32F4xx_HAL_Driver/Src/stm32f4xx_hal_gpio.o
 .debug_frame   0x0000000000001814      0x1f4 ./Drivers/STM32F4xx_HAL_Driver/Src/stm32f4xx_hal_rcc.o
 .debug_frame   0x0000000000001a08     0x11bc ./Drivers/STM32F4xx_HAL_Driver/Src/stm32f4xx_hal_tim.o
 .debug_frame   0x0000000000002bc4      0x638 ./Drivers/STM32F4xx_HAL_Driver/Src/stm32f4xx_hal_tim_ex.o
 .debug_frame   0x00000000000031fc      0x92c ./Drivers/STM32F4xx_HAL_Driver/Src/stm32f4xx_hal_uart.o
 .debug_frame   0x0000000000003b28       0x20 C:/ST/STM32CubeIDE_1.13.2/STM32CubeIDE/plugins/com.st.stm32cube.ide.mcu.externaltools.gnu-tools-for-stm32.11.3.rel1.win32_1.1.1.202309131626/tools/bin/../lib/gcc/arm-none-eabi/11.3.1/../../../../arm-none-eabi/lib/thumb/v7e-m+fp/hard\libc_nano.a(libc_a-memset.o)
 .debug_frame   0x0000000000003b48       0x2c C:/ST/STM32CubeIDE_1.13.2/STM32CubeIDE/plugins/com.st.stm32cube.ide.mcu.externaltools.gnu-tools-for-stm32.11.3.rel1.win32_1.1.1.202309131626/tools/bin/../lib/gcc/arm-none-eabi/11.3.1/../../../../arm-none-eabi/lib/thumb/v7e-m+fp/hard\libc_nano.a(libc_a-init.o)
 .debug_frame   0x0000000000003b74       0xac C:/ST/STM32CubeIDE_1.13.2/STM32CubeIDE/plugins/com.st.stm32cube.ide.mcu.externaltools.gnu-tools-for-stm32.11.3.rel1.win32_1.1.1.202309131626/tools/bin/../lib/gcc/arm-none-eabi/11.3.1/thumb/v7e-m+fp/hard\libgcc.a(_arm_addsubdf3.o)
 .debug_frame   0x0000000000003c20       0xc4 C:/ST/STM32CubeIDE_1.13.2/STM32CubeIDE/plugins/com.st.stm32cube.ide.mcu.externaltools.gnu-tools-for-stm32.11.3.rel1.win32_1.1.1.202309131626/tools/bin/../lib/gcc/arm-none-eabi/11.3.1/thumb/v7e-m+fp/hard\libgcc.a(_arm_cmpdf2.o)
 .debug_frame   0x0000000000003ce4       0x2c C:/ST/STM32CubeIDE_1.13.2/STM32CubeIDE/plugins/com.st.stm32cube.ide.mcu.externaltools.gnu-tools-for-stm32.11.3.rel1.win32_1.1.1.202309131626/tools/bin/../lib/gcc/arm-none-eabi/11.3.1/thumb/v7e-m+fp/hard\libgcc.a(_aeabi_uldivmod.o)
 .debug_frame   0x0000000000003d10       0x34 C:/ST/STM32CubeIDE_1.13.2/STM32CubeIDE/plugins/com.st.stm32cube.ide.mcu.externaltools.gnu-tools-for-stm32.11.3.rel1.win32_1.1.1.202309131626/tools/bin/../lib/gcc/arm-none-eabi/11.3.1/thumb/v7e-m+fp/hard\libgcc.a(_udivmoddi4.o)

.debug_line_str
                0x0000000000000000       0x63
 .debug_line_str
                0x0000000000000000       0x63 ./Core/Startup/startup_stm32f411retx.o
                                         0x7b (size before relaxing)
